Component: ARM Compiler 5.06 update 7 (build 960) Tool: armlink [4d3601]

==============================================================================

Section Cross References

    main.o(i.led_toggle_task_function) refers to tasks.o(i.vTaskDelay) for vTaskDelay
    main.o(i.main) refers to main.o(i.nrf_gpio_cfg) for nrf_gpio_cfg
    main.o(i.main) refers to tasks.o(i.xTaskGenericCreate) for xTaskGenericCreate
    main.o(i.main) refers to timers.o(i.xTimerCreate) for xTimerCreate
    main.o(i.main) refers to tasks.o(i.xTaskGetTickCount) for xTaskGetTickCount
    main.o(i.main) refers to timers.o(i.xTimerGenericCommand) for xTimerGenericCommand
    main.o(i.main) refers to port_platform.o(i.reset_DW1000) for reset_DW1000
    main.o(i.main) refers to port_platform.o(i.port_set_dw1000_slowrate) for port_set_dw1000_slowrate
    main.o(i.main) refers to deca_device.o(i.dwt_initialise) for dwt_initialise
    main.o(i.main) refers to port_platform.o(i.port_set_dw1000_fastrate) for port_set_dw1000_fastrate
    main.o(i.main) refers to deca_device.o(i.dwt_configure) for dwt_configure
    main.o(i.main) refers to deca_device.o(i.dwt_setrxantennadelay) for dwt_setrxantennadelay
    main.o(i.main) refers to deca_device.o(i.dwt_settxantennadelay) for dwt_settxantennadelay
    main.o(i.main) refers to deca_device.o(i.dwt_setrxtimeout) for dwt_setrxtimeout
    main.o(i.main) refers to tasks.o(i.vTaskStartScheduler) for vTaskStartScheduler
    main.o(i.main) refers to main.o(.data) for led_toggle_task_handle
    main.o(i.main) refers to main.o(i.led_toggle_task_function) for led_toggle_task_function
    main.o(i.main) refers to main.o(i.led_toggle_timer_callback) for led_toggle_timer_callback
    main.o(i.main) refers to ss_resp_main.o(i.ss_responder_task_function) for ss_responder_task_function
    ss_resp_main.o(i.get_rx_timestamp_u64) refers to deca_device.o(i.dwt_readrxtimestamp) for dwt_readrxtimestamp
    ss_resp_main.o(i.resp_msg_set_ts) refers to llushr.o(.text) for __aeabi_llsr
    ss_resp_main.o(i.ss_resp_run) refers to deca_device.o(i.dwt_rxenable) for dwt_rxenable
    ss_resp_main.o(i.ss_resp_run) refers to deca_device.o(i.dwt_read32bitoffsetreg) for dwt_read32bitoffsetreg
    ss_resp_main.o(i.ss_resp_run) refers to deca_device.o(i.dwt_write32bitoffsetreg) for dwt_write32bitoffsetreg
    ss_resp_main.o(i.ss_resp_run) refers to deca_device.o(i.dwt_readrxdata) for dwt_readrxdata
    ss_resp_main.o(i.ss_resp_run) refers to memcmp.o(.text) for memcmp
    ss_resp_main.o(i.ss_resp_run) refers to ss_resp_main.o(i.get_rx_timestamp_u64) for get_rx_timestamp_u64
    ss_resp_main.o(i.ss_resp_run) refers to deca_device.o(i.dwt_setdelayedtrxtime) for dwt_setdelayedtrxtime
    ss_resp_main.o(i.ss_resp_run) refers to ss_resp_main.o(i.resp_msg_set_ts) for resp_msg_set_ts
    ss_resp_main.o(i.ss_resp_run) refers to deca_device.o(i.dwt_writetxdata) for dwt_writetxdata
    ss_resp_main.o(i.ss_resp_run) refers to deca_device.o(i.dwt_writetxfctrl) for dwt_writetxfctrl
    ss_resp_main.o(i.ss_resp_run) refers to deca_device.o(i.dwt_starttx) for dwt_starttx
    ss_resp_main.o(i.ss_resp_run) refers to deca_device.o(i.dwt_rxreset) for dwt_rxreset
    ss_resp_main.o(i.ss_resp_run) refers to ss_resp_main.o(.data) for status_reg
    ss_resp_main.o(i.ss_resp_run) refers to ss_resp_main.o(.bss) for rx_buffer
    ss_resp_main.o(i.ss_responder_task_function) refers to deca_device.o(i.dwt_setleds) for dwt_setleds
    ss_resp_main.o(i.ss_responder_task_function) refers to ss_resp_main.o(i.ss_resp_run) for ss_resp_run
    ss_resp_main.o(i.ss_responder_task_function) refers to tasks.o(i.vTaskDelay) for vTaskDelay
    boards.o(i.bsp_board_button_idx_to_pin) refers to boards.o(.constdata) for m_board_btn_list
    boards.o(i.bsp_board_button_state_get) refers to boards.o(.constdata) for m_board_btn_list
    boards.o(i.bsp_board_buttons_init) refers to boards.o(i.nrf_gpio_cfg) for nrf_gpio_cfg
    boards.o(i.bsp_board_buttons_init) refers to boards.o(.constdata) for m_board_btn_list
    boards.o(i.bsp_board_led_idx_to_pin) refers to boards.o(.constdata) for m_board_led_list
    boards.o(i.bsp_board_led_invert) refers to boards.o(.constdata) for m_board_led_list
    boards.o(i.bsp_board_led_off) refers to boards.o(i.nrf_gpio_pin_write) for nrf_gpio_pin_write
    boards.o(i.bsp_board_led_off) refers to boards.o(.constdata) for m_board_led_list
    boards.o(i.bsp_board_led_on) refers to boards.o(i.nrf_gpio_pin_write) for nrf_gpio_pin_write
    boards.o(i.bsp_board_led_on) refers to boards.o(.constdata) for m_board_led_list
    boards.o(i.bsp_board_led_state_get) refers to boards.o(.constdata) for m_board_led_list
    boards.o(i.bsp_board_leds_init) refers to boards.o(i.nrf_gpio_cfg) for nrf_gpio_cfg
    boards.o(i.bsp_board_leds_init) refers to boards.o(i.bsp_board_leds_off) for bsp_board_leds_off
    boards.o(i.bsp_board_leds_init) refers to boards.o(.constdata) for m_board_led_list
[...]
    i.__set_BASEPRI                          0x0000097e   Section        0  port_cmsis_systick.o(i.__set_BASEPRI)
    __set_BASEPRI                            0x0000097f   Thumb Code     8  port_cmsis_systick.o(i.__set_BASEPRI)
    i._dwt_aonarrayupload                    0x00000986   Section        0  deca_device.o(i._dwt_aonarrayupload)
    i._dwt_configlde                         0x0000099e   Section        0  deca_device.o(i._dwt_configlde)
    i._dwt_disablesequencing                 0x000009d0   Section        0  deca_device.o(i._dwt_disablesequencing)
    i._dwt_enableclocks                      0x000009e4   Section        0  deca_device.o(i._dwt_enableclocks)
    i._dwt_loaducodefromrom                  0x00000ad8   Section        0  deca_device.o(i._dwt_loaducodefromrom)
    i._dwt_otpread                           0x00000afa   Section        0  deca_device.o(i._dwt_otpread)
    i.app_error_fault_handler                0x00000b2c   Section        0  app_error_weak.o(i.app_error_fault_handler)
    i.app_error_handler_bare                 0x00000b84   Section        0  app_error.o(i.app_error_handler_bare)
    i.app_util_critical_region_enter         0x00000ba0   Section        0  app_util_platform.o(i.app_util_critical_region_enter)
    i.app_util_critical_region_exit          0x00000baa   Section        0  app_util_platform.o(i.app_util_critical_region_exit)
    i.app_util_disable_irq                   0x00000bb4   Section        0  app_util_platform.o(i.app_util_disable_irq)
    i.app_util_enable_irq                    0x00000bc8   Section        0  app_util_platform.o(i.app_util_enable_irq)
    i.channel_handler_get                    0x00000be0   Section        0  nrf_drv_gpiote.o(i.channel_handler_get)
    channel_handler_get                      0x00000be1   Thumb Code    10  nrf_drv_gpiote.o(i.channel_handler_get)
    i.channel_port_get                       0x00000bf0   Section        0  nrf_drv_gpiote.o(i.channel_port_get)
    channel_port_get                         0x00000bf1   Thumb Code     8  nrf_drv_gpiote.o(i.channel_port_get)
    i.clock_clk_started_notify               0x00000bfc   Section        0  nrf_drv_clock.o(i.clock_clk_started_notify)
    clock_clk_started_notify                 0x00000bfd   Thumb Code    42  nrf_drv_clock.o(i.clock_clk_started_notify)
    i.deca_sleep                             0x00000c2c   Section        0  port_platform.o(i.deca_sleep)
    i.decamutexoff                           0x00000c38   Section        0  port_platform.o(i.decamutexoff)
    i.decamutexon                            0x00000c3a   Section        0  port_platform.o(i.decamutexon)
    i.dwt_configure                          0x00000c40   Section        0  deca_device.o(i.dwt_configure)
    i.dwt_forcetrxoff                        0x00000e98   Section        0  deca_device.o(i.dwt_forcetrxoff)
    i.dwt_initialise                         0x00000ef0   Section        0  deca_device.o(i.dwt_initialise)
    i.dwt_read16bitoffsetreg                 0x00001020   Section        0  deca_device.o(i.dwt_read16bitoffsetreg)
    i.dwt_read32bitoffsetreg                 0x00001046   Section        0  deca_device.o(i.dwt_read32bitoffsetreg)
    i.dwt_read8bitoffsetreg                  0x00001070   Section        0  deca_device.o(i.dwt_read8bitoffsetreg)
    i.dwt_readdevid                          0x00001088   Section        0  deca_device.o(i.dwt_readdevid)
    i.dwt_readfromdevice                     0x00001094   Section        0  deca_device.o(i.dwt_readfromdevice)
    i.dwt_readrxdata                         0x000010f8   Section        0  deca_device.o(i.dwt_readrxdata)
    i.dwt_readrxtimestamp                    0x0000110e   Section        0  deca_device.o(i.dwt_readrxtimestamp)
    i.dwt_rxenable                           0x00001120   Section        0  deca_device.o(i.dwt_rxenable)
    i.dwt_rxreset                            0x0000117c   Section        0  deca_device.o(i.dwt_rxreset)
    i.dwt_setdelayedtrxtime                  0x00001194   Section        0  deca_device.o(i.dwt_setdelayedtrxtime)
    i.dwt_setleds                            0x000011a4   Section        0  deca_device.o(i.dwt_setleds)
    i.dwt_setrxantennadelay                  0x0000122c   Section        0  deca_device.o(i.dwt_setrxantennadelay)
    i.dwt_setrxtimeout                       0x00001240   Section        0  deca_device.o(i.dwt_setrxtimeout)
    i.dwt_settxantennadelay                  0x000012a0   Section        0  deca_device.o(i.dwt_settxantennadelay)
    i.dwt_setxtaltrim                        0x000012b0   Section        0  deca_device.o(i.dwt_setxtaltrim)
    i.dwt_softreset                          0x000012c8   Section        0  deca_device.o(i.dwt_softreset)
    i.dwt_starttx                            0x00001310   Section        0  deca_device.o(i.dwt_starttx)
    i.dwt_syncrxbufptrs                      0x00001390   Section        0  deca_device.o(i.dwt_syncrxbufptrs)
    i.dwt_write16bitoffsetreg                0x000013b6   Section        0  deca_device.o(i.dwt_write16bitoffsetreg)
    i.dwt_write32bitoffsetreg                0x000013d8   Section        0  deca_device.o(i.dwt_write32bitoffsetreg)
    i.dwt_write8bitoffsetreg                 0x00001400   Section        0  deca_device.o(i.dwt_write8bitoffsetreg)
    i.dwt_writetodevice                      0x00001414   Section        0  deca_device.o(i.dwt_writetodevice)
    i.dwt_writetxdata                        0x0000147c   Section        0  deca_device.o(i.dwt_writetxdata)
    i.dwt_writetxfctrl                       0x000014a4   Section        0  deca_device.o(i.dwt_writetxfctrl)
    i.errata_108                             0x000014d0   Section        0  system_nrf52.o(i.errata_108)
    errata_108                               0x000014d1   Thumb Code    78  system_nrf52.o(i.errata_108)
    i.errata_12                              0x00001524   Section        0  system_nrf52.o(i.errata_12)
    errata_12                                0x00001525   Thumb Code    78  system_nrf52.o(i.errata_12)
    i.errata_136                             0x00001578   Section        0  system_nrf52.o(i.errata_136)
    errata_136                               0x00001579   Thumb Code    78  system_nrf52.o(i.errata_136)
    i.errata_16                              0x000015cc   Section        0  system_nrf52.o(i.errata_16)
    errata_16                                0x000015cd   Thumb Code    42  system_nrf52.o(i.errata_16)
    i.errata_31                              0x000015fc   Section        0  system_nrf52.o(i.errata_31)
    errata_31                                0x000015fd   Thumb Code    78  system_nrf52.o(i.errata_31)
    i.errata_32                              0x00001650   Section        0  system_nrf52.o(i.errata_32)
    errata_32                                0x00001651   Thumb Code    42  system_nrf52.o(i.errata_32)
    i.errata_36                              0x00001680   Section        0  system_nrf52.o(i.errata_36)
    errata_36                                0x00001681   Thumb Code    78  system_nrf52.o(i.errata_36)
    i.errata_37                              0x000016d4   Section        0  system_nrf52.o(i.errata_37)
    errata_37                                0x000016d5   Thumb Code    42  system_nrf52.o(i.errata_37)
    i.errata_57                              0x00001704   Section        0  system_nrf52.o(i.errata_57)
    errata_57                                0x00001705   Thumb Code    42  system_nrf52.o(i.errata_57)
    i.errata_66                              0x00001734   Section        0  system_nrf52.o(i.errata_66)
    errata_66                                0x00001735   Thumb Code    42  system_nrf52.o(i.errata_66)
    i.finish_transfer                        0x00001764   Section        0  nrf_drv_spi.o(i.finish_transfer)
    finish_transfer                          0x00001765   Thumb Code    34  nrf_drv_spi.o(i.finish_transfer)
    i.free                                   0x00001788   Section        0  malloc.o(i.free)
    i.get_rx_timestamp_u64                   0x000017d8   Section        0  ss_resp_main.o(i.get_rx_timestamp_u64)
    get_rx_timestamp_u64                     0x000017d9   Thumb Code    44  ss_resp_main.o(i.get_rx_timestamp_u64)
    i.irq_handler_spi                        0x00001804   Section        0  nrf_drv_spi.o(i.irq_handler_spi)
    irq_handler_spi                          0x00001805   Thumb Code    34  nrf_drv_spi.o(i.irq_handler_spi)
    i.item_dequeue                           0x00001826   Section        0  nrf_drv_clock.o(i.item_dequeue)
    item_dequeue                             0x00001827   Thumb Code    12  nrf_drv_clock.o(i.item_dequeue)
    i.item_enqueue                           0x00001832   Section        0  nrf_drv_clock.o(i.item_enqueue)
    item_enqueue                             0x00001833   Thumb Code    34  nrf_drv_clock.o(i.item_enqueue)
    i.led_toggle_task_function               0x00001854   Section        0  main.o(i.led_toggle_task_function)
    led_toggle_task_function                 0x00001855   Thumb Code    36  main.o(i.led_toggle_task_function)
    i.led_toggle_timer_callback              0x0000187c   Section        0  main.o(i.led_toggle_timer_callback)
    led_toggle_timer_callback                0x0000187d   Thumb Code    30  main.o(i.led_toggle_timer_callback)
    i.lfclk_start                            0x000018a0   Section        0  nrf_drv_clock.o(i.lfclk_start)
    lfclk_start                              0x000018a1   Thumb Code    24  nrf_drv_clock.o(i.lfclk_start)
    i.main                                   0x000018b8   Section        0  main.o(i.main)
    i.malloc                                 0x000019f4   Section        0  malloc.o(i.malloc)
    i.nrf_bitmask_bit_is_set                 0x00001a60   Section        0  nrf_drv_gpiote.o(i.nrf_bitmask_bit_is_set)
    nrf_bitmask_bit_is_set                   0x00001a61   Thumb Code    22  nrf_drv_gpiote.o(i.nrf_bitmask_bit_is_set)
    i.nrf_clock_event_check                  0x00001a76   Section        0  nrf_drv_clock.o(i.nrf_clock_event_check)
    nrf_clock_event_check                    0x00001a77   Thumb Code    18  nrf_drv_clock.o(i.nrf_clock_event_check)
    i.nrf_clock_event_clear                  0x00001a88   Section        0  nrf_drv_clock.o(i.nrf_clock_event_clear)
    nrf_clock_event_clear                    0x00001a89   Thumb Code    18  nrf_drv_clock.o(i.nrf_clock_event_clear)
    i.nrf_clock_int_disable                  0x00001a9c   Section        0  nrf_drv_clock.o(i.nrf_clock_int_disable)
    nrf_clock_int_disable                    0x00001a9d   Thumb Code     6  nrf_drv_clock.o(i.nrf_clock_int_disable)
    i.nrf_clock_int_enable                   0x00001aa8   Section        0  nrf_drv_clock.o(i.nrf_clock_int_enable)
    nrf_clock_int_enable                     0x00001aa9   Thumb Code     6  nrf_drv_clock.o(i.nrf_clock_int_enable)
    i.nrf_clock_task_trigger                 0x00001ab4   Section        0  nrf_drv_clock.o(i.nrf_clock_task_trigger)
    nrf_clock_task_trigger                   0x00001ab5   Thumb Code     8  nrf_drv_clock.o(i.nrf_clock_task_trigger)
    i.nrf_delay_ms                           0x00001abc   Section        0  port_platform.o(i.nrf_delay_ms)
    nrf_delay_ms                             0x00001abd   Thumb Code    18  port_platform.o(i.nrf_delay_ms)
    i.nrf_delay_us                           0x00001ad0   Section        0  port_platform.o(i.nrf_delay_us)
    nrf_delay_us                             0x00001ad1   Thumb Code   146  port_platform.o(i.nrf_delay_us)
    i.nrf_drv_clock_lfclk_request            0x00001b6c   Section        0  nrf_drv_clock.o(i.nrf_drv_clock_lfclk_request)
    i.nrf_drv_common_irq_enable              0x00001bc8   Section        0  nrf_drv_common.o(i.nrf_drv_common_irq_enable)
    i.nrf_drv_spi_init                       0x00001c28   Section        0  nrf_drv_spi.o(i.nrf_drv_spi_init)
    i.nrf_drv_spi_transfer                   0x00001d8c   Section        0  nrf_drv_spi.o(i.nrf_drv_spi_transfer)
    i.nrf_drv_spi_uninit                     0x00001db8   Section        0  nrf_drv_spi.o(i.nrf_drv_spi_uninit)
    i.nrf_drv_spi_xfer                       0x00001e10   Section        0  nrf_drv_spi.o(i.nrf_drv_spi_xfer)
    i.nrf_gpio_cfg                           0x00001e98   Section        0  main.o(i.nrf_gpio_cfg)
    nrf_gpio_cfg                             0x00001e99   Thumb Code    40  main.o(i.nrf_gpio_cfg)
    i.nrf_gpio_cfg                           0x00001ec0   Section        0  nrf_drv_spi.o(i.nrf_gpio_cfg)
    nrf_gpio_cfg                             0x00001ec1   Thumb Code    40  nrf_drv_spi.o(i.nrf_gpio_cfg)
    i.nrf_gpio_cfg                           0x00001ee8   Section        0  port_platform.o(i.nrf_gpio_cfg)
    nrf_gpio_cfg                             0x00001ee9   Thumb Code    40  port_platform.o(i.nrf_gpio_cfg)
    i.nrf_gpio_cfg_output                    0x00001f10   Section        0  nrf_drv_spi.o(i.nrf_gpio_cfg_output)
    nrf_gpio_cfg_output                      0x00001f11   Thumb Code    24  nrf_drv_spi.o(i.nrf_gpio_cfg_output)
    i.nrf_gpio_cfg_sense_set                 0x00001f28   Section        0  nrf_drv_gpiote.o(i.nrf_gpio_cfg_sense_set)
    nrf_gpio_cfg_sense_set                   0x00001f29   Thumb Code    50  nrf_drv_gpiote.o(i.nrf_gpio_cfg_sense_set)
    i.nrf_gpio_pin_clear                     0x00001f5a   Section        0  nrf_drv_spi.o(i.nrf_gpio_pin_clear)
    nrf_gpio_pin_clear                       0x00001f5b   Thumb Code    22  nrf_drv_spi.o(i.nrf_gpio_pin_clear)
    i.nrf_gpio_pin_set                       0x00001f70   Section        0  nrf_drv_spi.o(i.nrf_gpio_pin_set)
    nrf_gpio_pin_set                         0x00001f71   Thumb Code    22  nrf_drv_spi.o(i.nrf_gpio_pin_set)
    i.nrf_gpio_ports_read                    0x00001f88   Section        0  nrf_drv_gpiote.o(i.nrf_gpio_ports_read)
    nrf_gpio_ports_read                      0x00001f89   Thumb Code    36  nrf_drv_gpiote.o(i.nrf_gpio_ports_read)
    i.nrf_gpiote_event_addr_get              0x00001fb0   Section        0  nrf_drv_gpiote.o(i.nrf_gpiote_event_addr_get)
    nrf_gpiote_event_addr_get                0x00001fb1   Thumb Code     8  nrf_drv_gpiote.o(i.nrf_gpiote_event_addr_get)
    i.nrf_gpiote_event_clear                 0x00001fbc   Section        0  nrf_drv_gpiote.o(i.nrf_gpiote_event_clear)
    nrf_gpiote_event_clear                   0x00001fbd   Thumb Code    28  nrf_drv_gpiote.o(i.nrf_gpiote_event_clear)
    i.nrf_gpiote_event_is_set                0x00001fd8   Section        0  nrf_drv_gpiote.o(i.nrf_gpiote_event_is_set)
    nrf_gpiote_event_is_set                  0x00001fd9   Thumb Code    22  nrf_drv_gpiote.o(i.nrf_gpiote_event_is_set)
    i.nrf_rtc_task_trigger                   0x00001fee   Section        0  port_cmsis_systick.o(i.nrf_rtc_task_trigger)
    nrf_rtc_task_trigger                     0x00001fef   Thumb Code     6  port_cmsis_systick.o(i.nrf_rtc_task_trigger)
    i.nrf_spi_event_clear                    0x00001ff4   Section        0  nrf_drv_spi.o(i.nrf_spi_event_clear)
    nrf_spi_event_clear                      0x00001ff5   Thumb Code    14  nrf_drv_spi.o(i.nrf_spi_event_clear)
    i.nrf_spi_int_disable                    0x00002002   Section        0  nrf_drv_spi.o(i.nrf_spi_int_disable)
    nrf_spi_int_disable                      0x00002003   Thumb Code     6  nrf_drv_spi.o(i.nrf_spi_int_disable)
    i.nrf_spi_int_enable                     0x00002008   Section        0  nrf_drv_spi.o(i.nrf_spi_int_enable)
    nrf_spi_int_enable                       0x00002009   Thumb Code     6  nrf_drv_spi.o(i.nrf_spi_int_enable)
    i.nrf_spi_txd_set                        0x0000200e   Section        0  nrf_drv_spi.o(i.nrf_spi_txd_set)
    nrf_spi_txd_set                          0x0000200f   Thumb Code     6  nrf_drv_spi.o(i.nrf_spi_txd_set)
    i.nrf_uart_errorsrc_get_and_clear        0x00002014   Section        0  nrf_drv_uart.o(i.nrf_uart_errorsrc_get_and_clear)
    nrf_uart_errorsrc_get_and_clear          0x00002015   Thumb Code    12  nrf_drv_uart.o(i.nrf_uart_errorsrc_get_and_clear)
    i.nrf_uart_event_check                   0x00002020   Section        0  nrf_drv_uart.o(i.nrf_uart_event_check)
    nrf_uart_event_check                     0x00002021   Thumb Code    14  nrf_drv_uart.o(i.nrf_uart_event_check)
    i.nrf_uart_event_clear                   0x0000202e   Section        0  nrf_drv_uart.o(i.nrf_uart_event_clear)
    nrf_uart_event_clear                     0x0000202f   Thumb Code    14  nrf_drv_uart.o(i.nrf_uart_event_clear)
    i.nrf_uart_int_disable                   0x0000203c   Section        0  nrf_drv_uart.o(i.nrf_uart_int_disable)
    nrf_uart_int_disable                     0x0000203d   Thumb Code     6  nrf_drv_uart.o(i.nrf_uart_int_disable)
    i.nrf_uart_int_enable_check              0x00002042   Section        0  nrf_drv_uart.o(i.nrf_uart_int_enable_check)
    nrf_uart_int_enable_check                0x00002043   Thumb Code    18  nrf_drv_uart.o(i.nrf_uart_int_enable_check)
    i.nrf_uart_task_trigger                  0x00002054   Section        0  nrf_drv_uart.o(i.nrf_uart_task_trigger)
    nrf_uart_task_trigger                    0x00002055   Thumb Code     6  nrf_drv_uart.o(i.nrf_uart_task_trigger)
    i.nrf_uarte_errorsrc_get_and_clear       0x0000205a   Section        0  nrf_drv_uart.o(i.nrf_uarte_errorsrc_get_and_clear)
    nrf_uarte_errorsrc_get_and_clear         0x0000205b   Thumb Code    12  nrf_drv_uart.o(i.nrf_uarte_errorsrc_get_and_clear)
    i.nrf_uarte_event_check                  0x00002066   Section        0  nrf_drv_uart.o(i.nrf_uarte_event_check)
    nrf_uarte_event_check                    0x00002067   Thumb Code    14  nrf_drv_uart.o(i.nrf_uarte_event_check)
    i.nrf_uarte_event_clear                  0x00002074   Section        0  nrf_drv_uart.o(i.nrf_uarte_event_clear)
    nrf_uarte_event_clear                    0x00002075   Thumb Code    14  nrf_drv_uart.o(i.nrf_uarte_event_clear)
    i.nrf_uarte_rx_amount_get                0x00002082   Section        0  nrf_drv_uart.o(i.nrf_uarte_rx_amount_get)
    nrf_uarte_rx_amount_get                  0x00002083   Thumb Code    10  nrf_drv_uart.o(i.nrf_uarte_rx_amount_get)
    i.port_set_dw1000_fastrate               0x0000208c   Section        0  port_platform.o(i.port_set_dw1000_fastrate)
    i.port_set_dw1000_slowrate               0x000020d4   Section        0  port_platform.o(i.port_set_dw1000_slowrate)
    i.prvAddCurrentTaskToDelayedList         0x00002118   Section        0  tasks.o(i.prvAddCurrentTaskToDelayedList)
    prvAddCurrentTaskToDelayedList           0x00002119   Thumb Code    62  tasks.o(i.prvAddCurrentTaskToDelayedList)
    i.prvAllocateTCBAndStack                 0x0000216c   Section        0  tasks.o(i.prvAllocateTCBAndStack)
    prvAllocateTCBAndStack                   0x0000216d   Thumb Code    66  tasks.o(i.prvAllocateTCBAndStack)
    i.prvCheckForValidListAndQueue           0x000021b0   Section        0  timers.o(i.prvCheckForValidListAndQueue)
    prvCheckForValidListAndQueue             0x000021b1   Thumb Code    72  timers.o(i.prvCheckForValidListAndQueue)
    i.prvCheckTasksWaitingTermination        0x00002214   Section        0  tasks.o(i.prvCheckTasksWaitingTermination)
    prvCheckTasksWaitingTermination          0x00002215   Thumb Code    86  tasks.o(i.prvCheckTasksWaitingTermination)
    i.prvCopyDataFromQueue                   0x00002278   Section        0  queue.o(i.prvCopyDataFromQueue)
    prvCopyDataFromQueue                     0x00002279   Thumb Code    42  queue.o(i.prvCopyDataFromQueue)
    i.prvCopyDataToQueue                     0x000022a2   Section        0  queue.o(i.prvCopyDataToQueue)
    prvCopyDataToQueue                       0x000022a3   Thumb Code   128  queue.o(i.prvCopyDataToQueue)
    i.prvDeleteTCB                           0x00002322   Section        0  tasks.o(i.prvDeleteTCB)
    prvDeleteTCB                             0x00002323   Thumb Code    18  tasks.o(i.prvDeleteTCB)
    i.prvGetNextExpireTime                   0x00002334   Section        0  timers.o(i.prvGetNextExpireTime)
    prvGetNextExpireTime                     0x00002335   Thumb Code    36  timers.o(i.prvGetNextExpireTime)
    i.prvIdleTask                            0x0000235c   Section        0  tasks.o(i.prvIdleTask)
    prvIdleTask                              0x0000235d   Thumb Code    60  tasks.o(i.prvIdleTask)
    i.prvInitialiseTCBVariables              0x000023a0   Section        0  tasks.o(i.prvInitialiseTCBVariables)
    prvInitialiseTCBVariables                0x000023a1   Thumb Code    98  tasks.o(i.prvInitialiseTCBVariables)
    i.prvInitialiseTaskLists                 0x00002404   Section        0  tasks.o(i.prvInitialiseTaskLists)
    prvInitialiseTaskLists                   0x00002405   Thumb Code    70  tasks.o(i.prvInitialiseTaskLists)
    i.prvInsertTimerInActiveList             0x0000246c   Section        0  timers.o(i.prvInsertTimerInActiveList)
    prvInsertTimerInActiveList               0x0000246d   Thumb Code    80  timers.o(i.prvInsertTimerInActiveList)
    i.prvIsQueueEmpty                        0x000024c4   Section        0  queue.o(i.prvIsQueueEmpty)
    prvIsQueueEmpty                          0x000024c5   Thumb Code    26  queue.o(i.prvIsQueueEmpty)
    i.prvIsQueueFull                         0x000024de   Section        0  queue.o(i.prvIsQueueFull)
    prvIsQueueFull                           0x000024df   Thumb Code    30  queue.o(i.prvIsQueueFull)
    i.prvProcessExpiredTimer                 0x000024fc   Section        0  timers.o(i.prvProcessExpiredTimer)
    prvProcessExpiredTimer                   0x000024fd   Thumb Code    72  timers.o(i.prvProcessExpiredTimer)
    i.prvProcessReceivedCommands             0x00002548   Section        0  timers.o(i.prvProcessReceivedCommands)
    prvProcessReceivedCommands               0x00002549   Thumb Code   204  timers.o(i.prvProcessReceivedCommands)
    i.prvProcessTimerOrBlockTask             0x00002618   Section        0  timers.o(i.prvProcessTimerOrBlockTask)
    prvProcessTimerOrBlockTask               0x00002619   Thumb Code   110  timers.o(i.prvProcessTimerOrBlockTask)
    i.prvResetNextTaskUnblockTime            0x00002690   Section        0  tasks.o(i.prvResetNextTaskUnblockTime)
    prvResetNextTaskUnblockTime              0x00002691   Thumb Code    42  tasks.o(i.prvResetNextTaskUnblockTime)
    i.prvSampleTimeNow                       0x000026c4   Section        0  timers.o(i.prvSampleTimeNow)
    prvSampleTimeNow                         0x000026c5   Thumb Code    40  timers.o(i.prvSampleTimeNow)
    i.prvSwitchTimerLists                    0x000026f0   Section        0  timers.o(i.prvSwitchTimerLists)
    prvSwitchTimerLists                      0x000026f1   Thumb Code   122  timers.o(i.prvSwitchTimerLists)
    i.prvTaskExitError                       0x00002774   Section        0  port_cmsis.o(i.prvTaskExitError)
    prvTaskExitError                         0x00002775   Thumb Code    10  port_cmsis.o(i.prvTaskExitError)
    i.prvTimerTask                           0x0000277e   Section        0  timers.o(i.prvTimerTask)
    prvTimerTask                             0x0000277f   Thumb Code    26  timers.o(i.prvTimerTask)
    i.prvUnlockQueue                         0x00002798   Section        0  queue.o(i.prvUnlockQueue)
    prvUnlockQueue                           0x00002799   Thumb Code   126  queue.o(i.prvUnlockQueue)
    i.pvPortMalloc                           0x00002818   Section        0  heap_1.o(i.pvPortMalloc)
    i.pvTaskIncrementMutexHeldCount          0x00002888   Section        0  tasks.o(i.pvTaskIncrementMutexHeldCount)
    i.pxPortInitialiseStack                  0x000028a8   Section        0  port_cmsis.o(i.pxPortInitialiseStack)
    i.readfromspi                            0x000028dc   Section        0  port_platform.o(i.readfromspi)
    i.reset_DW1000                           0x00002970   Section        0  port_platform.o(i.reset_DW1000)
    i.resp_msg_set_ts                        0x000029c4   Section        0  ss_resp_main.o(i.resp_msg_set_ts)
    resp_msg_set_ts                          0x000029c5   Thumb Code    42  ss_resp_main.o(i.resp_msg_set_ts)
    i.rx_byte                                0x000029ee   Section        0  nrf_drv_uart.o(i.rx_byte)
    rx_byte                                  0x000029ef   Thumb Code    62  nrf_drv_uart.o(i.rx_byte)
    i.rx_done_event                          0x00002a2c   Section        0  nrf_drv_uart.o(i.rx_done_event)
    rx_done_event                            0x00002a2d   Thumb Code    30  nrf_drv_uart.o(i.rx_done_event)
    i.spi_event_handler                      0x00002a4c   Section        0  port_platform.o(i.spi_event_handler)
    i.spi_xfer                               0x00002a58   Section        0  nrf_drv_spi.o(i.spi_xfer)
    spi_xfer                                 0x00002a59   Thumb Code   160  nrf_drv_spi.o(i.spi_xfer)
    i.ss_resp_run                            0x00002af8   Section        0  ss_resp_main.o(i.ss_resp_run)
    i.ss_responder_task_function             0x00002c48   Section        0  ss_resp_main.o(i.ss_responder_task_function)
    i.transfer_byte                          0x00002c5c   Section        0  nrf_drv_spi.o(i.transfer_byte)
    transfer_byte                            0x00002c5d   Thumb Code   142  nrf_drv_spi.o(i.transfer_byte)
    i.tx_byte                                0x00002cea   Section        0  nrf_drv_uart.o(i.tx_byte)
    tx_byte                                  0x00002ceb   Thumb Code    38  nrf_drv_uart.o(i.tx_byte)
    i.tx_done_event                          0x00002d10   Section        0  nrf_drv_uart.o(i.tx_done_event)
    tx_done_event                            0x00002d11   Thumb Code    34  nrf_drv_uart.o(i.tx_done_event)
    i.uart_irq_handler                       0x00002d32   Section        0  nrf_drv_uart.o(i.uart_irq_handler)
    uart_irq_handler                         0x00002d33   Thumb Code   322  nrf_drv_uart.o(i.uart_irq_handler)
    i.uarte_irq_handler                      0x00002e74   Section        0  nrf_drv_uart.o(i.uarte_irq_handler)
    uarte_irq_handler                        0x00002e75   Thumb Code   268  nrf_drv_uart.o(i.uarte_irq_handler)
    i.ulPortRaiseBASEPRI                     0x00002f80   Section        0  queue.o(i.ulPortRaiseBASEPRI)
    ulPortRaiseBASEPRI                       0x00002f81   Thumb Code    20  queue.o(i.ulPortRaiseBASEPRI)
    i.uxListRemove                           0x00002f94   Section        0  list.o(i.uxListRemove)
    i.vListInitialise                        0x00002fbc   Section        0  list.o(i.vListInitialise)
    i.vListInitialiseItem                    0x00002fd6   Section        0  list.o(i.vListInitialiseItem)
    i.vListInsert                            0x00002fdc   Section        0  list.o(i.vListInsert)
    i.vListInsertEnd                         0x00003010   Section        0  list.o(i.vListInsertEnd)
    i.vPortEnableVFP                         0x00003028   Section        0  port_cmsis.o(i.vPortEnableVFP)
    vPortEnableVFP                           0x00003029   Thumb Code    14  port_cmsis.o(i.vPortEnableVFP)
    i.vPortEnterCritical                     0x0000303c   Section        0  port_cmsis.o(i.vPortEnterCritical)
    i.vPortExitCritical                      0x00003054   Section        0  port_cmsis.o(i.vPortExitCritical)
    i.vPortFree                              0x00003074   Section        0  heap_1.o(i.vPortFree)
    i.vPortSetupTimerInterrupt               0x00003078   Section        0  port_cmsis_systick.o(i.vPortSetupTimerInterrupt)
    i.vQueueAddToRegistry                    0x000030f8   Section        0  queue.o(i.vQueueAddToRegistry)
    i.vQueueWaitForMessageRestricted         0x00003124   Section        0  queue.o(i.vQueueWaitForMessageRestricted)
    i.vTaskDelay                             0x00003160   Section        0  tasks.o(i.vTaskDelay)
    i.vTaskMissedYield                       0x000031c8   Section        0  tasks.o(i.vTaskMissedYield)
    i.vTaskPlaceOnEventList                  0x000031d4   Section        0  tasks.o(i.vTaskPlaceOnEventList)
    i.vTaskPlaceOnEventListRestricted        0x0000321c   Section        0  tasks.o(i.vTaskPlaceOnEventListRestricted)
    i.vTaskPriorityInherit                   0x00003250   Section        0  tasks.o(i.vTaskPriorityInherit)
    i.vTaskSetTimeOutState                   0x000032dc   Section        0  tasks.o(i.vTaskSetTimeOutState)
    i.vTaskStartScheduler                    0x000032f4   Section        0  tasks.o(i.vTaskStartScheduler)
    i.vTaskSuspendAll                        0x00003350   Section        0  tasks.o(i.vTaskSuspendAll)
    i.vTaskSwitchContext                     0x00003360   Section        0  tasks.o(i.vTaskSwitchContext)
    i.writetospi                             0x000033e0   Section        0  port_platform.o(i.writetospi)
    i.xPortStartScheduler                    0x00003470   Section        0  port_cmsis.o(i.xPortStartScheduler)
    i.xQueueGenericCreate                    0x000034d8   Section        0  queue.o(i.xQueueGenericCreate)
    i.xQueueGenericReceive                   0x00003524   Section        0  queue.o(i.xQueueGenericReceive)
    i.xQueueGenericReset                     0x000036c4   Section        0  queue.o(i.xQueueGenericReset)
    i.xQueueGenericSend                      0x0000375c   Section        0  queue.o(i.xQueueGenericSend)
    i.xQueueGenericSendFromISR               0x000038c4   Section        0  queue.o(i.xQueueGenericSendFromISR)
    i.xTaskCheckForTimeOut                   0x00003930   Section        0  tasks.o(i.xTaskCheckForTimeOut)
    i.xTaskGenericCreate                     0x0000398c   Section        0  tasks.o(i.xTaskGenericCreate)
    i.xTaskGetSchedulerState                 0x00003ab0   Section        0  tasks.o(i.xTaskGetSchedulerState)
    i.xTaskGetTickCount                      0x00003ad0   Section        0  tasks.o(i.xTaskGetTickCount)
    i.xTaskIncrementTick                     0x00003adc   Section        0  tasks.o(i.xTaskIncrementTick)
    i.xTaskPriorityDisinherit                0x00003be4   Section        0  tasks.o(i.xTaskPriorityDisinherit)
    i.xTaskRemoveFromEventList               0x00003c44   Section        0  tasks.o(i.xTaskRemoveFromEventList)
    i.xTaskResumeAll                         0x00003cc4   Section        0  tasks.o(i.xTaskResumeAll)
    i.xTimerCreate                           0x00003dc8   Section        0  timers.o(i.xTimerCreate)
    i.xTimerCreateTimerTask                  0x00003e08   Section        0  timers.o(i.xTimerCreateTimerTask)
    i.xTimerGenericCommand                   0x00003e4c   Section        0  timers.o(i.xTimerGenericCommand)
    .constdata                               0x00003eb8   Section       71  nrf_drv_gpiote.o(.constdata)
    __func__                                 0x00003ebc   Data          20  nrf_drv_gpiote.o(.constdata)
    __func__                                 0x00003ed0   Data          24  nrf_drv_gpiote.o(.constdata)
    __func__                                 0x00003ee8   Data          23  nrf_drv_gpiote.o(.constdata)
    .constdata                               0x00003f00   Section      224  deca_params_init.o(.constdata)
    .constdata                               0x00003fe0   Section       40  port_platform.o(.constdata)
    spi                                      0x00003fe0   Data           8  port_platform.o(.constdata)
    .constdata                               0x00004008   Section        4  port_cmsis.o(.constdata)
    <Data1>                                  0x00004008   Data           4  port_cmsis.o(.constdata)
    .data                                    0x20000000   Section       28  main.o(.data)
    spi_xfer_done                            0x20000000   Data           1  main.o(.data)
    config                                   0x20000002   Data          12  main.o(.data)
    .data                                    0x20000020   Section       56  ss_resp_main.o(.data)
    spi_xfer_done                            0x20000020   Data           1  ss_resp_main.o(.data)
    rx_poll_msg                              0x20000021   Data          12  ss_resp_main.o(.data)
    tx_resp_msg                              0x2000002d   Data          20  ss_resp_main.o(.data)
    frame_seq_nb                             0x20000041   Data           1  ss_resp_main.o(.data)
    status_reg                               0x20000044   Data           4  ss_resp_main.o(.data)
    poll_rx_ts                               0x20000048   Data           8  ss_resp_main.o(.data)
    resp_tx_ts                               0x20000050   Data           8  ss_resp_main.o(.data)
    .data                                    0x20000058   Section        4  app_util_platform.o(.data)
    m_in_critical_region                     0x20000058   Data           4  app_util_platform.o(.data)
    .data                                    0x2000005c   Section        4  deca_device.o(.data)
    pdw1000local                             0x2000005c   Data           4  deca_device.o(.data)
    .data                                    0x20000060   Section        8  port_platform.o(.data)
    spi_xfer_done                            0x20000060   Data           1  port_platform.o(.data)
    signalResetDone                          0x20000064   Data           4  port_platform.o(.data)
    .data                                    0x20000068   Section       60  tasks.o(.data)
    pxDelayedTaskList                        0x2000006c   Data           4  tasks.o(.data)
    pxOverflowDelayedTaskList                0x20000070   Data           4  tasks.o(.data)
    uxTasksDeleted                           0x20000074   Data           4  tasks.o(.data)
    xIdleTaskHandle                          0x20000078   Data           4  tasks.o(.data)
    uxCurrentNumberOfTasks                   0x2000007c   Data           4  tasks.o(.data)
    xTickCount                               0x20000080   Data           4  tasks.o(.data)
    uxTopReadyPriority                       0x20000084   Data           4  tasks.o(.data)
    xSchedulerRunning                        0x20000088   Data           4  tasks.o(.data)
    uxPendedTicks                            0x2000008c   Data           4  tasks.o(.data)
    xYieldPending                            0x20000090   Data           4  tasks.o(.data)
    xNumOfOverflows                          0x20000094   Data           4  tasks.o(.data)
    uxTaskNumber                             0x20000098   Data           4  tasks.o(.data)
    xNextTaskUnblockTime                     0x2000009c   Data           4  tasks.o(.data)
    uxSchedulerSuspended                     0x200000a0   Data           4  tasks.o(.data)
    .data                                    0x200000a4   Section       20  timers.o(.data)
    pxCurrentTimerList                       0x200000a4   Data           4  timers.o(.data)
    pxOverflowTimerList                      0x200000a8   Data           4  timers.o(.data)
    xTimerQueue                              0x200000ac   Data           4  timers.o(.data)
    xTimerTaskHandle                         0x200000b0   Data           4  timers.o(.data)
    xLastTime                                0x200000b4   Data           4  timers.o(.data)
    .data                                    0x200000b8   Section        8  heap_1.o(.data)
    xNextFreeByte                            0x200000b8   Data           4  heap_1.o(.data)
    pucAlignedHeap                           0x200000bc   Data           4  heap_1.o(.data)
    .data                                    0x200000c0   Section        4  port_cmsis.o(.data)
    uxCriticalNesting                        0x200000c0   Data           4  port_cmsis.o(.data)
    .data                                    0x200000c4   Section        4  system_nrf52.o(.data)
    __tagsym$$used                           0x200000c4   Number         0  system_nrf52.o(.data)
    .data                                    0x200000c8   Section        4  mvars.o(.data)
    .data                                    0x200000cc   Section        4  mvars.o(.data)
    .bss                                     0x200000d0   Section       24  ss_resp_main.o(.bss)
    rx_buffer                                0x200000d0   Data          24  ss_resp_main.o(.bss)
    .bss                                     0x200000e8   Section       88  nrf_drv_gpiote.o(.bss)
    m_cb                                     0x200000e8   Data          88  nrf_drv_gpiote.o(.bss)
    .bss                                     0x20000140   Section       36  nrf_drv_spi.o(.bss)
    m_cb                                     0x20000140   Data          36  nrf_drv_spi.o(.bss)
    .bss                                     0x20000164   Section       32  nrf_drv_uart.o(.bss)
    m_cb                                     0x20000164   Data          32  nrf_drv_uart.o(.bss)
    .bss                                     0x20000184   Section       20  nrf_drv_clock.o(.bss)
    m_clock_cb                               0x20000184   Data          20  nrf_drv_clock.o(.bss)
    .bss                                     0x20000198   Section       56  deca_device.o(.bss)
    dw1000local                              0x20000198   Data          56  deca_device.o(.bss)
    .bss                                     0x200001d0   Section       16  queue.o(.bss)
    .bss                                     0x200001e0   Section      160  tasks.o(.bss)
    pxReadyTasksLists                        0x200001e0   Data          60  tasks.o(.bss)
    xDelayedTaskList1                        0x2000021c   Data          20  tasks.o(.bss)
    xDelayedTaskList2                        0x20000230   Data          20  tasks.o(.bss)
    xPendingReadyList                        0x20000244   Data          20  tasks.o(.bss)
    xTasksWaitingTermination                 0x20000258   Data          20  tasks.o(.bss)
    xSuspendedTaskList                       0x2000026c   Data          20  tasks.o(.bss)
    .bss                                     0x20000280   Section       40  timers.o(.bss)
    xActiveTimerList1                        0x20000280   Data          20  timers.o(.bss)
    xActiveTimerList2                        0x20000294   Data          20  timers.o(.bss)
    .bss                                     0x200002a8   Section     4096  heap_1.o(.bss)
    ucHeap                                   0x200002a8   Data        4096  heap_1.o(.bss)
    HEAP                                     0x200012a8   Section     8192  arm_startup_nrf52.o(HEAP)
    STACK                                    0x200032a8   Section     8192  arm_startup_nrf52.o(STACK)

    Global Symbols

    Symbol Name                              Value     Ov Type        Size  Object(Section)

    BuildAttributes$$THM_ISAv4$E$P$D$K$B$S$7EM$VFPi3$EXTD16$VFPS$VFMA$PE$A:L22UL41UL21$X:L11$S22US41US21$IEEE1$IW$USESV6$~STKCKD$USESV7$~SHL$OSPACE$ROPI$EBA8$MICROLIB$REQ8$PRES8$EABIv2 0x00000000   Number         0  anon$$obj.o ABSOLUTE
    __ARM_use_no_argv                        0x00000000   Number         0  main.o ABSOLUTE
    __Vectors                                0x00000000   Data           4  arm_startup_nrf52.o(RESET)
    __arm_fini_                               - Undefined Weak Reference
    __cpp_initialize__aeabi_                  - Undefined Weak Reference
    __cxa_finalize                            - Undefined Weak Reference
    __decompress                              - Undefined Weak Reference
    _clock_init                               - Undefined Weak Reference
    _microlib_exit                            - Undefined Weak Reference
    __Vectors_End                            0x00000200   Data           0  arm_startup_nrf52.o(RESET)
    __Vectors_Size                           0x00000200   Number         0  arm_startup_nrf52.o ABSOLUTE
    __main                                   0x00000201   Thumb Code     0  entry.o(.ARM.Collect$$$$00000000)
    _main_stk                                0x00000201   Thumb Code     0  entry2.o(.ARM.Collect$$$$00000001)
    _main_scatterload                        0x00000205   Thumb Code     0  entry5.o(.ARM.Collect$$$$00000004)
    __main_after_scatterload                 0x00000209   Thumb Code     0  entry5.o(.ARM.Collect$$$$00000004)
    _main_clock                              0x00000209   Thumb Code     0  entry7b.o(.ARM.Collect$$$$00000008)
    _main_cpp_init                           0x00000209   Thumb Code     0  entry8b.o(.ARM.Collect$$$$0000000A)
    _main_init                               0x00000209   Thumb Code     0  entry9a.o(.ARM.Collect$$$$0000000B)
    __rt_lib_shutdown_fini                   0x00000211   Thumb Code     0  entry12b.o(.ARM.Collect$$$$0000000E)
    __rt_final_cpp                           0x00000215   Thumb Code     0  entry10a.o(.ARM.Collect$$$$0000000F)
    __rt_final_exit                          0x00000215   Thumb Code     0  entry11a.o(.ARM.Collect$$$$00000011)
    SVC_Handler                              0x00000219   Thumb Code    28  port.o(.emb_text)
    vPortStartFirstTask                      0x00000239   Thumb Code    24  port.o(.emb_text)
    PendSV_Handler                           0x00000255   Thumb Code    88  port.o(.emb_text)
    Reset_Handler                            0x000002b1   Thumb Code     8  arm_startup_nrf52.o(.text)
    NMI_Handler                              0x000002b9   Thumb Code     2  arm_startup_nrf52.o(.text)
    HardFault_Handler                        0x000002bb   Thumb Code     2  arm_startup_nrf52.o(.text)
    MemoryManagement_Handler                 0x000002bd   Thumb Code     2  arm_startup_nrf52.o(.text)
    BusFault_Handler                         0x000002bf   Thumb Code     2  arm_startup_nrf52.o(.text)
    UsageFault_Handler                       0x000002c1   Thumb Code     2  arm_startup_nrf52.o(.text)
    DebugMon_Handler                         0x000002c5   Thumb Code     2  arm_startup_nrf52.o(.text)
    SysTick_Handler                          0x000002c9   Thumb Code     2  arm_startup_nrf52.o(.text)
    CCM_AAR_IRQHandler                       0x000002cb   Thumb Code     0  arm_startup_nrf52.o(.text)
    COMP_LPCOMP_IRQHandler                   0x000002cb   Thumb Code     0  arm_startup_nrf52.o(.text)
    ECB_IRQHandler                           0x000002cb   Thumb Code     0  arm_startup_nrf52.o(.text)
    FPU_IRQHandler                           0x000002cb   Thumb Code     0  arm_startup_nrf52.o(.text)
    I2S_IRQHandler                           0x000002cb   Thumb Code     0  arm_startup_nrf52.o(.text)
    MWU_IRQHandler                           0x000002cb   Thumb Code     0  arm_startup_nrf52.o(.text)
    NFCT_IRQHandler                          0x000002cb   Thumb Code     0  arm_startup_nrf52.o(.text)
    PDM_IRQHandler                           0x000002cb   Thumb Code     0  arm_startup_nrf52.o(.text)
    PWM0_IRQHandler                          0x000002cb   Thumb Code     0  arm_startup_nrf52.o(.text)
    PWM1_IRQHandler                          0x000002cb   Thumb Code     0  arm_startup_nrf52.o(.text)
    PWM2_IRQHandler                          0x000002cb   Thumb Code     0  arm_startup_nrf52.o(.text)
    QDEC_IRQHandler                          0x000002cb   Thumb Code     0  arm_startup_nrf52.o(.text)
    RADIO_IRQHandler                         0x000002cb   Thumb Code     0  arm_startup_nrf52.o(.text)
    RNG_IRQHandler                           0x000002cb   Thumb Code     0  arm_startup_nrf52.o(.text)
    RTC0_IRQHandler                          0x000002cb   Thumb Code     0  arm_startup_nrf52.o(.text)
    RTC2_IRQHandler                          0x000002cb   Thumb Code     0  arm_startup_nrf52.o(.text)
    SAADC_IRQHandler                         0x000002cb   Thumb Code     0  arm_startup_nrf52.o(.text)
    SPIM0_SPIS0_TWIM0_TWIS0_SPI0_TWI0_IRQHandler 0x000002cb   Thumb Code     0  arm_startup_nrf52.o(.text)
    SPIM2_SPIS2_SPI2_IRQHandler              0x000002cb   Thumb Code     0  arm_startup_nrf52.o(.text)
    SWI0_EGU0_IRQHandler                     0x000002cb   Thumb Code     0  arm_startup_nrf52.o(.text)
    SWI1_EGU1_IRQHandler                     0x000002cb   Thumb Code     0  arm_startup_nrf52.o(.text)
    SWI2_EGU2_IRQHandler                     0x000002cb   Thumb Code     0  arm_startup_nrf52.o(.text)
    SWI3_EGU3_IRQHandler                     0x000002cb   Thumb Code     0  arm_startup_nrf52.o(.text)
    SWI4_EGU4_IRQHandler                     0x000002cb   Thumb Code     0  arm_startup_nrf52.o(.text)
    SWI5_EGU5_IRQHandler                     0x000002cb   Thumb Code     0  arm_startup_nrf52.o(.text)
    TEMP_IRQHandler                          0x000002cb   Thumb Code     0  arm_startup_nrf52.o(.text)
    TIMER0_IRQHandler                        0x000002cb   Thumb Code     0  arm_startup_nrf52.o(.text)
    TIMER1_IRQHandler                        0x000002cb   Thumb Code     0  arm_startup_nrf52.o(.text)
    TIMER2_IRQHandler                        0x000002cb   Thumb Code     0  arm_startup_nrf52.o(.text)
    TIMER3_IRQHandler                        0x000002cb   Thumb Code     0  arm_startup_nrf52.o(.text)
    TIMER4_IRQHandler                        0x000002cb   Thumb Code     0  arm_startup_nrf52.o(.text)
    WDT_IRQHandler                           0x000002cb   Thumb Code     0  arm_startup_nrf52.o(.text)
    __aeabi_llsr                             0x000002d5   Thumb Code    32  llushr.o(.text)
    _ll_ushift_r                             0x000002d5   Thumb Code     0  llushr.o(.text)
    __aeabi_memcpy                           0x000002f5   Thumb Code    36  memcpya.o(.text)
    __aeabi_memcpy4                          0x000002f5   Thumb Code     0  memcpya.o(.text)
    __aeabi_memcpy8                          0x000002f5   Thumb Code     0  memcpya.o(.text)
    __aeabi_memset                           0x00000319   Thumb Code    14  memseta.o(.text)
    __aeabi_memset4                          0x00000319   Thumb Code     0  memseta.o(.text)
    __aeabi_memset8                          0x00000319   Thumb Code     0  memseta.o(.text)
    __aeabi_memclr                           0x00000327   Thumb Code     4  memseta.o(.text)
    __aeabi_memclr4                          0x00000327   Thumb Code     0  memseta.o(.text)
    __aeabi_memclr8                          0x00000327   Thumb Code     0  memseta.o(.text)
    _memset$wrapper                          0x0000032b   Thumb Code    18  memseta.o(.text)
    memcmp                                   0x0000033d   Thumb Code    26  memcmp.o(.text)
    __scatterload                            0x00000359   Thumb Code    28  init.o(.text)
    __scatterload_rt2                        0x00000359   Thumb Code     0  init.o(.text)
    GPIOTE_IRQHandler                        0x0000037d   Thumb Code   554  nrf_drv_gpiote.o(i.GPIOTE_IRQHandler)
    POWER_CLOCK_IRQHandler                   0x000005b5   Thumb Code    74  nrf_drv_clock.o(i.POWER_CLOCK_IRQHandler)
    RTC1_IRQHandler                          0x00000605   Thumb Code   108  port_cmsis_systick.o(i.RTC1_IRQHandler)
    SPIM1_SPIS1_TWIM1_TWIS1_SPI1_TWI1_IRQHandler 0x0000067d   Thumb Code    16  nrf_drv_spi.o(i.SPIM1_SPIS1_TWIM1_TWIS1_SPI1_TWI1_IRQHandler)
    SystemCoreClockUpdate                    0x00000691   Thumb Code     8  system_nrf52.o(i.SystemCoreClockUpdate)
    SystemInit                               0x000006a1   Thumb Code   578  system_nrf52.o(i.SystemInit)
    UARTE0_UART0_IRQHandler                  0x00000925   Thumb Code    28  nrf_drv_uart.o(i.UARTE0_UART0_IRQHandler)
    __scatterload_copy                       0x00000949   Thumb Code    14  handlers.o(i.__scatterload_copy)
    __scatterload_null                       0x00000957   Thumb Code     2  handlers.o(i.__scatterload_null)
    __scatterload_zeroinit                   0x00000959   Thumb Code    14  handlers.o(i.__scatterload_zeroinit)
    _dwt_aonarrayupload                      0x00000987   Thumb Code    24  deca_device.o(i._dwt_aonarrayupload)
    _dwt_configlde                           0x0000099f   Thumb Code    50  deca_device.o(i._dwt_configlde)
    _dwt_disablesequencing                   0x000009d1   Thumb Code    20  deca_device.o(i._dwt_disablesequencing)
    _dwt_enableclocks                        0x000009e5   Thumb Code   244  deca_device.o(i._dwt_enableclocks)
    _dwt_loaducodefromrom                    0x00000ad9   Thumb Code    34  deca_device.o(i._dwt_loaducodefromrom)
    _dwt_otpread                             0x00000afb   Thumb Code    48  deca_device.o(i._dwt_otpread)
    app_error_fault_handler                  0x00000b2d   Thumb Code    80  app_error_weak.o(i.app_error_fault_handler)
    app_error_handler_bare                   0x00000b85   Thumb Code    28  app_error.o(i.app_error_handler_bare)
    app_util_critical_region_enter           0x00000ba1   Thumb Code    10  app_util_platform.o(i.app_util_critical_region_enter)
    app_util_critical_region_exit            0x00000bab   Thumb Code    10  app_util_platform.o(i.app_util_critical_region_exit)
    app_util_disable_irq                     0x00000bb5   Thumb Code    14  app_util_platform.o(i.app_util_disable_irq)
    app_util_enable_irq                      0x00000bc9   Thumb Code    20  app_util_platform.o(i.app_util_enable_irq)
    deca_sleep                               0x00000c2d   Thumb Code    12  port_platform.o(i.deca_sleep)
    decamutexoff                             0x00000c39   Thumb Code     2  port_platform.o(i.decamutexoff)
    decamutexon                              0x00000c3b   Thumb Code     4  port_platform.o(i.decamutexon)
    dwt_configure                            0x00000c41   Thumb Code   550  deca_device.o(i.dwt_configure)
    dwt_forcetrxoff                          0x00000e99   Thumb Code    78  deca_device.o(i.dwt_forcetrxoff)
    dwt_initialise                           0x00000ef1   Thumb Code   294  deca_device.o(i.dwt_initialise)
    dwt_read16bitoffsetreg                   0x00001021   Thumb Code    38  deca_device.o(i.dwt_read16bitoffsetreg)
    dwt_read32bitoffsetreg                   0x00001047   Thumb Code    42  deca_device.o(i.dwt_read32bitoffsetreg)
    dwt_read8bitoffsetreg                    0x00001071   Thumb Code    24  deca_device.o(i.dwt_read8bitoffsetreg)
    dwt_readdevid                            0x00001089   Thumb Code    12  deca_device.o(i.dwt_readdevid)
    dwt_readfromdevice                       0x00001095   Thumb Code   100  deca_device.o(i.dwt_readfromdevice)
    dwt_readrxdata                           0x000010f9   Thumb Code    22  deca_device.o(i.dwt_readrxdata)
    dwt_readrxtimestamp                      0x0000110f   Thumb Code    18  deca_device.o(i.dwt_readrxtimestamp)
    dwt_rxenable                             0x00001121   Thumb Code    92  deca_device.o(i.dwt_rxenable)
    dwt_rxreset                              0x0000117d   Thumb Code    24  deca_device.o(i.dwt_rxreset)
    dwt_setdelayedtrxtime                    0x00001195   Thumb Code    16  deca_device.o(i.dwt_setdelayedtrxtime)
    dwt_setleds                              0x000011a5   Thumb Code   136  deca_device.o(i.dwt_setleds)
    dwt_setrxantennadelay                    0x0000122d   Thumb Code    18  deca_device.o(i.dwt_setrxantennadelay)
    dwt_setrxtimeout                         0x00001241   Thumb Code    92  deca_device.o(i.dwt_setrxtimeout)
    dwt_settxantennadelay                    0x000012a1   Thumb Code    16  deca_device.o(i.dwt_settxantennadelay)
    dwt_setxtaltrim                          0x000012b1   Thumb Code    24  deca_device.o(i.dwt_setxtaltrim)
    dwt_softreset                            0x000012c9   Thumb Code    66  deca_device.o(i.dwt_softreset)
    dwt_starttx                              0x00001311   Thumb Code   122  deca_device.o(i.dwt_starttx)
    dwt_syncrxbufptrs                        0x00001391   Thumb Code    38  deca_device.o(i.dwt_syncrxbufptrs)
    dwt_write16bitoffsetreg                  0x000013b7   Thumb Code    34  deca_device.o(i.dwt_write16bitoffsetreg)
    dwt_write32bitoffsetreg                  0x000013d9   Thumb Code    40  deca_device.o(i.dwt_write32bitoffsetreg)
    dwt_write8bitoffsetreg                   0x00001401   Thumb Code    20  deca_device.o(i.dwt_write8bitoffsetreg)
    dwt_writetodevice                        0x00001415   Thumb Code   104  deca_device.o(i.dwt_writetodevice)
    dwt_writetxdata                          0x0000147d   Thumb Code    38  deca_device.o(i.dwt_writetxdata)
    dwt_writetxfctrl                         0x000014a5   Thumb Code    40  deca_device.o(i.dwt_writetxfctrl)
    free                                     0x00001789   Thumb Code    76  malloc.o(i.free)
    main                                     0x000018b9   Thumb Code   254  main.o(i.main)
    malloc                                   0x000019f5   Thumb Code    92  malloc.o(i.malloc)
    nrf_drv_clock_lfclk_request              0x00001b6d   Thumb Code    88  nrf_drv_clock.o(i.nrf_drv_clock_lfclk_request)
    nrf_drv_common_irq_enable                0x00001bc9   Thumb Code    84  nrf_drv_common.o(i.nrf_drv_common_irq_enable)
    nrf_drv_spi_init                         0x00001c29   Thumb Code   350  nrf_drv_spi.o(i.nrf_drv_spi_init)
    nrf_drv_spi_transfer                     0x00001d8d   Thumb Code    44  nrf_drv_spi.o(i.nrf_drv_spi_transfer)
    nrf_drv_spi_uninit                       0x00001db9   Thumb Code    78  nrf_drv_spi.o(i.nrf_drv_spi_uninit)
    nrf_drv_spi_xfer                         0x00001e11   Thumb Code   132  nrf_drv_spi.o(i.nrf_drv_spi_xfer)
    port_set_dw1000_fastrate                 0x0000208d   Thumb Code    60  port_platform.o(i.port_set_dw1000_fastrate)
    port_set_dw1000_slowrate                 0x000020d5   Thumb Code    54  port_platform.o(i.port_set_dw1000_slowrate)
    pvPortMalloc                             0x00002819   Thumb Code    98  heap_1.o(i.pvPortMalloc)
    pvTaskIncrementMutexHeldCount            0x00002889   Thumb Code    26  tasks.o(i.pvTaskIncrementMutexHeldCount)
    pxPortInitialiseStack                    0x000028a9   Thumb Code    44  port_cmsis.o(i.pxPortInitialiseStack)
    readfromspi                              0x000028dd   Thumb Code   140  port_platform.o(i.readfromspi)
    reset_DW1000                             0x00002971   Thumb Code    84  port_platform.o(i.reset_DW1000)
    spi_event_handler                        0x00002a4d   Thumb Code     8  port_platform.o(i.spi_event_handler)
    ss_resp_run                              0x00002af9   Thumb Code   294  ss_resp_main.o(i.ss_resp_run)
    ss_responder_task_function               0x00002c49   Thumb Code    20  ss_resp_main.o(i.ss_responder_task_function)
    uxListRemove                             0x00002f95   Thumb Code    40  list.o(i.uxListRemove)
    vListInitialise                          0x00002fbd   Thumb Code    26  list.o(i.vListInitialise)
    vListInitialiseItem                      0x00002fd7   Thumb Code     6  list.o(i.vListInitialiseItem)
    vListInsert                              0x00002fdd   Thumb Code    52  list.o(i.vListInsert)
    vListInsertEnd                           0x00003011   Thumb Code    24  list.o(i.vListInsertEnd)
    vPortEnterCritical                       0x0000303d   Thumb Code    20  port_cmsis.o(i.vPortEnterCritical)
    vPortExitCritical                        0x00003055   Thumb Code    26  port_cmsis.o(i.vPortExitCritical)
    vPortFree                                0x00003075   Thumb Code     2  heap_1.o(i.vPortFree)
    vPortSetupTimerInterrupt                 0x00003079   Thumb Code   106  port_cmsis_systick.o(i.vPortSetupTimerInterrupt)
    vQueueAddToRegistry                      0x000030f9   Thumb Code    38  queue.o(i.vQueueAddToRegistry)
    vQueueWaitForMessageRestricted           0x00003125   Thumb Code    58  queue.o(i.vQueueWaitForMessageRestricted)
    vTaskDelay                               0x00003161   Thumb Code    90  tasks.o(i.vTaskDelay)
    vTaskMissedYield                         0x000031c9   Thumb Code     8  tasks.o(i.vTaskMissedYield)
    vTaskPlaceOnEventList                    0x000031d5   Thumb Code    60  tasks.o(i.vTaskPlaceOnEventList)
    vTaskPlaceOnEventListRestricted          0x0000321d   Thumb Code    42  tasks.o(i.vTaskPlaceOnEventListRestricted)
    vTaskPriorityInherit                     0x00003251   Thumb Code   128  tasks.o(i.vTaskPriorityInherit)
    vTaskSetTimeOutState                     0x000032dd   Thumb Code    14  tasks.o(i.vTaskSetTimeOutState)
    vTaskStartScheduler                      0x000032f5   Thumb Code    66  tasks.o(i.vTaskStartScheduler)
    vTaskSuspendAll                          0x00003351   Thumb Code    12  tasks.o(i.vTaskSuspendAll)
    vTaskSwitchContext                       0x00003361   Thumb Code   106  tasks.o(i.vTaskSwitchContext)
    writetospi                               0x000033e1   Thumb Code   134  port_platform.o(i.writetospi)
    xPortStartScheduler                      0x00003471   Thumb Code    86  port_cmsis.o(i.xPortStartScheduler)
    xQueueGenericCreate                      0x000034d9   Thumb Code    74  queue.o(i.xQueueGenericCreate)
    xQueueGenericReceive                     0x00003525   Thumb Code   412  queue.o(i.xQueueGenericReceive)
    xQueueGenericReset                       0x000036c5   Thumb Code   148  queue.o(i.xQueueGenericReset)
    xQueueGenericSend                        0x0000375d   Thumb Code   356  queue.o(i.xQueueGenericSend)
    xQueueGenericSendFromISR                 0x000038c5   Thumb Code   106  queue.o(i.xQueueGenericSendFromISR)
    xTaskCheckForTimeOut                     0x00003931   Thumb Code    84  tasks.o(i.xTaskCheckForTimeOut)
    xTaskGenericCreate                       0x0000398d   Thumb Code   264  tasks.o(i.xTaskGenericCreate)
    xTaskGetSchedulerState                   0x00003ab1   Thumb Code    24  tasks.o(i.xTaskGetSchedulerState)
    xTaskGetTickCount                        0x00003ad1   Thumb Code     6  tasks.o(i.xTaskGetTickCount)
    xTaskIncrementTick                       0x00003add   Thumb Code   218  tasks.o(i.xTaskIncrementTick)
    xTaskPriorityDisinherit                  0x00003be5   Thumb Code    86  tasks.o(i.xTaskPriorityDisinherit)
    xTaskRemoveFromEventList                 0x00003c45   Thumb Code   102  tasks.o(i.xTaskRemoveFromEventList)
    xTaskResumeAll                           0x00003cc5   Thumb Code   224  tasks.o(i.xTaskResumeAll)
    xTimerCreate                             0x00003dc9   Thumb Code    62  timers.o(i.xTimerCreate)
    xTimerCreateTimerTask                    0x00003e09   Thumb Code    48  timers.o(i.xTimerCreateTimerTask)
    xTimerGenericCommand                     0x00003e4d   Thumb Code   104  timers.o(i.xTimerGenericCommand)
    chan_idx                                 0x00003f00   Data           8  deca_params_init.o(.constdata)
    tx_config                                0x00003f08   Data          24  deca_params_init.o(.constdata)
    fs_pll_cfg                               0x00003f20   Data          24  deca_params_init.o(.constdata)
    fs_pll_tune                              0x00003f38   Data           6  deca_params_init.o(.constdata)
    rx_config                                0x00003f3e   Data           2  deca_params_init.o(.constdata)
    agc_config                               0x00003f40   Data           8  deca_params_init.o(.constdata)
    dwnsSFDlen                               0x00003f48   Data           3  deca_params_init.o(.constdata)
    sftsh                                    0x00003f4c   Data          12  deca_params_init.o(.constdata)
    dtune1                                   0x00003f58   Data           4  deca_params_init.o(.constdata)
    digital_bb_config                        0x00003f5c   Data          32  deca_params_init.o(.constdata)
    lde_replicaCoeff                         0x00003f7c   Data          50  deca_params_init.o(.constdata)
    txpwr_compensation                       0x00003fb0   Data          48  deca_params_init.o(.constdata)
    Region$$Table$$Base                      0x0000400c   Number         0  anon$$obj.o(Region$$Table)
    Region$$Table$$Limit                     0x0000402c   Number         0  anon$$obj.o(Region$$Table)
    ss_responder_task_handle                 0x20000010   Data           4  main.o(.data)
    led_toggle_task_handle                   0x20000014   Data           4  main.o(.data)
    led_toggle_timer_handle                  0x20000018   Data           4  main.o(.data)
    pxCurrentTCB                             0x20000068   Data           4  tasks.o(.data)
    SystemCoreClock                          0x200000c4   Data           4  system_nrf52.o(.data)
    __microlib_freelist                      0x200000c8   Data           4  mvars.o(.data)
    __microlib_freelist_initialised          0x200000cc   Data           4  mvars.o(.data)
    xQueueRegistry                           0x200001d0   Data          16  queue.o(.bss)
    __heap_base                              0x200012a8   Data           0  arm_startup_nrf52.o(HEAP)
    __heap_limit                             0x200032a8   Data           0  arm_startup_nrf52.o(HEAP)
    __initial_sp                             0x200052a8   Data           0  arm_startup_nrf52.o(STACK)



==============================================================================

Memory Map of the image

  Image Entry point : 0x00000201

  Load Region LR_IROM1 (Base: 0x00000000, Size: 0x000040fc, Max: 0x00080000, ABSOLUTE)

    Execution Region ER_IROM1 (Exec base: 0x00000000, Load base: 0x00000000, Size: 0x0000402c, Max: 0x00080000, ABSOLUTE)

    Exec Addr    Load Addr    Size         Type   Attr      Idx    E Section Name        Object

    0x00000000   0x00000000   0x00000200   Data   RO         4173    RESET               arm_startup_nrf52.o
    0x00000200   0x00000200   0x00000000   Code   RO         4264  * .ARM.Collect$$$$00000000  mc_w.l(entry.o)
    0x00000200   0x00000200   0x00000004   Code   RO         4324    .ARM.Collect$$$$00000001  mc_w.l(entry2.o)
    0x00000204   0x00000204   0x00000004   Code   RO         4327    .ARM.Collect$$$$00000004  mc_w.l(entry5.o)
    0x00000208   0x00000208   0x00000000   Code   RO         4329    .ARM.Collect$$$$00000008  mc_w.l(entry7b.o)
    0x00000208   0x00000208   0x00000000   Code   RO         4331    .ARM.Collect$$$$0000000A  mc_w.l(entry8b.o)
    0x00000208   0x00000208   0x00000008   Code   RO         4332    .ARM.Collect$$$$0000000B  mc_w.l(entry9a.o)
    0x00000210   0x00000210   0x00000004   Code   RO         4339    .ARM.Collect$$$$0000000E  mc_w.l(entry12b.o)
    0x00000214   0x00000214   0x00000000   Code   RO         4334    .ARM.Collect$$$$0000000F  mc_w.l(entry10a.o)
    0x00000214   0x00000214   0x00000000   Code   RO         4336    .ARM.Collect$$$$00000011  mc_w.l(entry11a.o)
    0x00000214   0x00000214   0x00000004   Code   RO         4325    .ARM.Collect$$$$00002712  mc_w.l(entry2.o)
    0x00000218   0x00000218   0x00000098   Code   RO         4014    .emb_text           port.o
    0x000002b0   0x000002b0   0x00000024   Code   RO         4174    .text               arm_startup_nrf52.o
    0x000002d4   0x000002d4   0x00000020   Code   RO         4272    .text               mc_w.l(llushr.o)
    0x000002f4   0x000002f4   0x00000024   Code   RO         4274    .text               mc_w.l(memcpya.o)
    0x00000318   0x00000318   0x00000024   Code   RO         4276    .text               mc_w.l(memseta.o)
    0x0000033c   0x0000033c   0x0000001a   Code   RO         4282    .text               mc_w.l(memcmp.o)
    0x00000356   0x00000356   0x00000002   PAD
    0x00000358   0x00000358   0x00000024   Code   RO         4351    .text               mc_w.l(init.o)
    0x0000037c   0x0000037c   0x00000238   Code   RO          556    i.GPIOTE_IRQHandler  nrf_drv_gpiote.o
    0x000005b4   0x000005b4   0x00000050   Code   RO         1305    i.POWER_CLOCK_IRQHandler  nrf_drv_clock.o
    0x00000604   0x00000604   0x00000078   Code   RO         4127    i.RTC1_IRQHandler   port_cmsis_systick.o
    0x0000067c   0x0000067c   0x00000014   Code   RO          863    i.SPIM1_SPIS1_TWIM1_TWIS1_SPI1_TWI1_IRQHandler  nrf_drv_spi.o
    0x00000690   0x00000690   0x00000010   Code   RO         4181    i.SystemCoreClockUpdate  system_nrf52.o
    0x000006a0   0x000006a0   0x00000284   Code   RO         4182    i.SystemInit        system_nrf52.o
    0x00000924   0x00000924   0x00000024   Code   RO          994    i.UARTE0_UART0_IRQHandler  nrf_drv_uart.o
    0x00000948   0x00000948   0x0000000e   Code   RO         4355    i.__scatterload_copy  mc_w.l(handlers.o)
    0x00000956   0x00000956   0x00000002   Code   RO         4356    i.__scatterload_null  mc_w.l(handlers.o)
    0x00000958   0x00000958   0x0000000e   Code   RO         4357    i.__scatterload_zeroinit  mc_w.l(handlers.o)
    0x00000966   0x00000966   0x00000008   Code   RO         3315    i.__set_BASEPRI     queue.o
    0x0000096e   0x0000096e   0x00000008   Code   RO         3500    i.__set_BASEPRI     tasks.o
    0x00000976   0x00000976   0x00000008   Code   RO         4054    i.__set_BASEPRI     port_cmsis.o
    0x0000097e   0x0000097e   0x00000008   Code   RO         4128    i.__set_BASEPRI     port_cmsis_systick.o
    0x00000986   0x00000986   0x00000018   Code   RO         2438    i._dwt_aonarrayupload  deca_device.o
    0x0000099e   0x0000099e   0x00000032   Code   RO         2441    i._dwt_configlde    deca_device.o
    0x000009d0   0x000009d0   0x00000014   Code   RO         2442    i._dwt_disablesequencing  deca_device.o
    0x000009e4   0x000009e4   0x000000f4   Code   RO         2443    i._dwt_enableclocks  deca_device.o
    0x00000ad8   0x00000ad8   0x00000022   Code   RO         2444    i._dwt_loaducodefromrom  deca_device.o
    0x00000afa   0x00000afa   0x00000030   Code   RO         2446    i._dwt_otpread      deca_device.o
    0x00000b2a   0x00000b2a   0x00000002   PAD
    0x00000b2c   0x00000b2c   0x00000058   Code   RO         1545    i.app_error_fault_handler  app_error_weak.o
    0x00000b84   0x00000b84   0x0000001c   Code   RO         1506    i.app_error_handler_bare  app_error.o
    0x00000ba0   0x00000ba0   0x0000000a   Code   RO         1609    i.app_util_critical_region_enter  app_util_platform.o
    0x00000baa   0x00000baa   0x0000000a   Code   RO         1610    i.app_util_critical_region_exit  app_util_platform.o
    0x00000bb4   0x00000bb4   0x00000014   Code   RO         1611    i.app_util_disable_irq  app_util_platform.o
    0x00000bc8   0x00000bc8   0x00000018   Code   RO         1612    i.app_util_enable_irq  app_util_platform.o
    0x00000be0   0x00000be0   0x00000010   Code   RO          558    i.channel_handler_get  nrf_drv_gpiote.o
    0x00000bf0   0x00000bf0   0x0000000c   Code   RO          560    i.channel_port_get  nrf_drv_gpiote.o
    0x00000bfc   0x00000bfc   0x00000030   Code   RO         1306    i.clock_clk_started_notify  nrf_drv_clock.o
    0x00000c2c   0x00000c2c   0x0000000c   Code   RO         3029    i.deca_sleep        port_platform.o
    0x00000c38   0x00000c38   0x00000002   Code   RO         3030    i.decamutexoff      port_platform.o
    0x00000c3a   0x00000c3a   0x00000004   Code   RO         3031    i.decamutexon       port_platform.o
    0x00000c3e   0x00000c3e   0x00000002   PAD
    0x00000c40   0x00000c40   0x00000258   Code   RO         2456    i.dwt_configure     deca_device.o
    0x00000e98   0x00000e98   0x00000058   Code   RO         2464    i.dwt_forcetrxoff   deca_device.o
    0x00000ef0   0x00000ef0   0x00000130   Code   RO         2469    i.dwt_initialise    deca_device.o
    0x00001020   0x00001020   0x00000026   Code   RO         2476    i.dwt_read16bitoffsetreg  deca_device.o
    0x00001046   0x00001046   0x0000002a   Code   RO         2477    i.dwt_read32bitoffsetreg  deca_device.o
    0x00001070   0x00001070   0x00000018   Code   RO         2478    i.dwt_read8bitoffsetreg  deca_device.o
    0x00001088   0x00001088   0x0000000c   Code   RO         2481    i.dwt_readdevid     deca_device.o
    0x00001094   0x00001094   0x00000064   Code   RO         2484    i.dwt_readfromdevice  deca_device.o
    0x000010f8   0x000010f8   0x00000016   Code   RO         2485    i.dwt_readrxdata    deca_device.o
    0x0000110e   0x0000110e   0x00000012   Code   RO         2486    i.dwt_readrxtimestamp  deca_device.o
    0x00001120   0x00001120   0x0000005c   Code   RO         2497    i.dwt_rxenable      deca_device.o
    0x0000117c   0x0000117c   0x00000018   Code   RO         2498    i.dwt_rxreset       deca_device.o
    0x00001194   0x00001194   0x00000010   Code   RO         2502    i.dwt_setdelayedtrxtime  deca_device.o
    0x000011a4   0x000011a4   0x00000088   Code   RO         2508    i.dwt_setleds       deca_device.o
    0x0000122c   0x0000122c   0x00000012   Code   RO         2515    i.dwt_setrxantennadelay  deca_device.o
    0x0000123e   0x0000123e   0x00000002   PAD
    0x00001240   0x00001240   0x00000060   Code   RO         2516    i.dwt_setrxtimeout  deca_device.o
    0x000012a0   0x000012a0   0x00000010   Code   RO         2520    i.dwt_settxantennadelay  deca_device.o
    0x000012b0   0x000012b0   0x00000018   Code   RO         2521    i.dwt_setxtaltrim   deca_device.o
    0x000012c8   0x000012c8   0x00000048   Code   RO         2522    i.dwt_softreset     deca_device.o
    0x00001310   0x00001310   0x00000080   Code   RO         2524    i.dwt_starttx       deca_device.o
    0x00001390   0x00001390   0x00000026   Code   RO         2525    i.dwt_syncrxbufptrs  deca_device.o
    0x000013b6   0x000013b6   0x00000022   Code   RO         2526    i.dwt_write16bitoffsetreg  deca_device.o
    0x000013d8   0x000013d8   0x00000028   Code   RO         2527    i.dwt_write32bitoffsetreg  deca_device.o
    0x00001400   0x00001400   0x00000014   Code   RO         2528    i.dwt_write8bitoffsetreg  deca_device.o
    0x00001414   0x00001414   0x00000068   Code   RO         2529    i.dwt_writetodevice  deca_device.o
    0x0000147c   0x0000147c   0x00000026   Code   RO         2530    i.dwt_writetxdata   deca_device.o
    0x000014a2   0x000014a2   0x00000002   PAD
    0x000014a4   0x000014a4   0x0000002c   Code   RO         2531    i.dwt_writetxfctrl  deca_device.o
    0x000014d0   0x000014d0   0x00000054   Code   RO         4183    i.errata_108        system_nrf52.o
    0x00001524   0x00001524   0x00000054   Code   RO         4184    i.errata_12         system_nrf52.o
    0x00001578   0x00001578   0x00000054   Code   RO         4185    i.errata_136        system_nrf52.o
    0x000015cc   0x000015cc   0x00000030   Code   RO         4186    i.errata_16         system_nrf52.o
    0x000015fc   0x000015fc   0x00000054   Code   RO         4187    i.errata_31         system_nrf52.o
    0x00001650   0x00001650   0x00000030   Code   RO         4188    i.errata_32         system_nrf52.o
    0x00001680   0x00001680   0x00000054   Code   RO         4189    i.errata_36         system_nrf52.o
    0x000016d4   0x000016d4   0x00000030   Code   RO         4190    i.errata_37         system_nrf52.o
    0x00001704   0x00001704   0x00000030   Code   RO         4191    i.errata_57         system_nrf52.o
    0x00001734   0x00001734   0x00000030   Code   RO         4192    i.errata_66         system_nrf52.o
    0x00001764   0x00001764   0x00000022   Code   RO          864    i.finish_transfer   nrf_drv_spi.o
    0x00001786   0x00001786   0x00000002   PAD
    0x00001788   0x00001788   0x00000050   Code   RO         4288    i.free              mc_w.l(malloc.o)
    0x000017d8   0x000017d8   0x0000002c   Code   RO          244    i.get_rx_timestamp_u64  ss_resp_main.o
    0x00001804   0x00001804   0x00000022   Code   RO          865    i.irq_handler_spi   nrf_drv_spi.o
    0x00001826   0x00001826   0x0000000c   Code   RO         1309    i.item_dequeue      nrf_drv_clock.o
    0x00001832   0x00001832   0x00000022   Code   RO         1310    i.item_enqueue      nrf_drv_clock.o
    0x00001854   0x00001854   0x00000028   Code   RO            4    i.led_toggle_task_function  main.o
    0x0000187c   0x0000187c   0x00000024   Code   RO            5    i.led_toggle_timer_callback  main.o
    0x000018a0   0x000018a0   0x00000018   Code   RO         1311    i.lfclk_start       nrf_drv_clock.o
    0x000018b8   0x000018b8   0x0000013c   Code   RO            6    i.main              main.o
    0x000019f4   0x000019f4   0x0000006c   Code   RO         4289    i.malloc            mc_w.l(malloc.o)
    0x00001a60   0x00001a60   0x00000016   Code   RO          561    i.nrf_bitmask_bit_is_set  nrf_drv_gpiote.o
    0x00001a76   0x00001a76   0x00000012   Code   RO         1313    i.nrf_clock_event_check  nrf_drv_clock.o
    0x00001a88   0x00001a88   0x00000012   Code   RO         1314    i.nrf_clock_event_clear  nrf_drv_clock.o
    0x00001a9a   0x00001a9a   0x00000002   PAD
    0x00001a9c   0x00001a9c   0x0000000c   Code   RO         1316    i.nrf_clock_int_disable  nrf_drv_clock.o
    0x00001aa8   0x00001aa8   0x0000000c   Code   RO         1317    i.nrf_clock_int_enable  nrf_drv_clock.o
    0x00001ab4   0x00001ab4   0x00000008   Code   RO         1319    i.nrf_clock_task_trigger  nrf_drv_clock.o
    0x00001abc   0x00001abc   0x00000012   Code   RO         3032    i.nrf_delay_ms      port_platform.o
    0x00001ace   0x00001ace   0x00000002   PAD
    0x00001ad0   0x00001ad0   0x0000009c   Code   RO         3033    i.nrf_delay_us      port_platform.o
    0x00001b6c   0x00001b6c   0x0000005c   Code   RO         1330    i.nrf_drv_clock_lfclk_request  nrf_drv_clock.o
    0x00001bc8   0x00001bc8   0x00000060   Code   RO          520    i.nrf_drv_common_irq_enable  nrf_drv_common.o
    0x00001c28   0x00001c28   0x00000164   Code   RO          867    i.nrf_drv_spi_init  nrf_drv_spi.o
    0x00001d8c   0x00001d8c   0x0000002c   Code   RO          868    i.nrf_drv_spi_transfer  nrf_drv_spi.o
    0x00001db8   0x00001db8   0x00000058   Code   RO          869    i.nrf_drv_spi_uninit  nrf_drv_spi.o
    0x00001e10   0x00001e10   0x00000088   Code   RO          870    i.nrf_drv_spi_xfer  nrf_drv_spi.o
    0x00001e98   0x00001e98   0x00000028   Code   RO            7    i.nrf_gpio_cfg      main.o
    0x00001ec0   0x00001ec0   0x00000028   Code   RO          871    i.nrf_gpio_cfg      nrf_drv_spi.o
    0x00001ee8   0x00001ee8   0x00000028   Code   RO         3034    i.nrf_gpio_cfg      port_platform.o
    0x00001f10   0x00001f10   0x00000018   Code   RO          872    i.nrf_gpio_cfg_output  nrf_drv_spi.o
    0x00001f28   0x00001f28   0x00000032   Code   RO          587    i.nrf_gpio_cfg_sense_set  nrf_drv_gpiote.o
    0x00001f5a   0x00001f5a   0x00000016   Code   RO          873    i.nrf_gpio_pin_clear  nrf_drv_spi.o
    0x00001f70   0x00001f70   0x00000016   Code   RO          874    i.nrf_gpio_pin_set  nrf_drv_spi.o
    0x00001f86   0x00001f86   0x00000002   PAD
    0x00001f88   0x00001f88   0x00000028   Code   RO          591    i.nrf_gpio_ports_read  nrf_drv_gpiote.o
    0x00001fb0   0x00001fb0   0x0000000c   Code   RO          592    i.nrf_gpiote_event_addr_get  nrf_drv_gpiote.o
    0x00001fbc   0x00001fbc   0x0000001c   Code   RO          593    i.nrf_gpiote_event_clear  nrf_drv_gpiote.o
    0x00001fd8   0x00001fd8   0x00000016   Code   RO          594    i.nrf_gpiote_event_is_set  nrf_drv_gpiote.o
    0x00001fee   0x00001fee   0x00000006   Code   RO         4129    i.nrf_rtc_task_trigger  port_cmsis_systick.o
    0x00001ff4   0x00001ff4   0x0000000e   Code   RO          875    i.nrf_spi_event_clear  nrf_drv_spi.o
    0x00002002   0x00002002   0x00000006   Code   RO          876    i.nrf_spi_int_disable  nrf_drv_spi.o
    0x00002008   0x00002008   0x00000006   Code   RO          877    i.nrf_spi_int_enable  nrf_drv_spi.o
    0x0000200e   0x0000200e   0x00000006   Code   RO          878    i.nrf_spi_txd_set   nrf_drv_spi.o
    0x00002014   0x00002014   0x0000000c   Code   RO         1020    i.nrf_uart_errorsrc_get_and_clear  nrf_drv_uart.o
    0x00002020   0x00002020   0x0000000e   Code   RO         1021    i.nrf_uart_event_check  nrf_drv_uart.o
    0x0000202e   0x0000202e   0x0000000e   Code   RO         1022    i.nrf_uart_event_clear  nrf_drv_uart.o
    0x0000203c   0x0000203c   0x00000006   Code   RO         1024    i.nrf_uart_int_disable  nrf_drv_uart.o
    0x00002042   0x00002042   0x00000012   Code   RO         1026    i.nrf_uart_int_enable_check  nrf_drv_uart.o
    0x00002054   0x00002054   0x00000006   Code   RO         1027    i.nrf_uart_task_trigger  nrf_drv_uart.o
    0x0000205a   0x0000205a   0x0000000c   Code   RO         1029    i.nrf_uarte_errorsrc_get_and_clear  nrf_drv_uart.o
    0x00002066   0x00002066   0x0000000e   Code   RO         1030    i.nrf_uarte_event_check  nrf_drv_uart.o
    0x00002074   0x00002074   0x0000000e   Code   RO         1031    i.nrf_uarte_event_clear  nrf_drv_uart.o
    0x00002082   0x00002082   0x0000000a   Code   RO         1035    i.nrf_uarte_rx_amount_get  nrf_drv_uart.o
    0x0000208c   0x0000208c   0x00000048   Code   RO         3035    i.port_set_dw1000_fastrate  port_platform.o
    0x000020d4   0x000020d4   0x00000044   Code   RO         3036    i.port_set_dw1000_slowrate  port_platform.o
    0x00002118   0x00002118   0x00000054   Code   RO         3503    i.prvAddCurrentTaskToDelayedList  tasks.o
    0x0000216c   0x0000216c   0x00000042   Code   RO         3504    i.prvAllocateTCBAndStack  tasks.o
    0x000021ae   0x000021ae   0x00000002   PAD
    0x000021b0   0x000021b0   0x00000064   Code   RO         3844    i.prvCheckForValidListAndQueue  timers.o
    0x00002214   0x00002214   0x00000064   Code   RO         3505    i.prvCheckTasksWaitingTermination  tasks.o
    0x00002278   0x00002278   0x0000002a   Code   RO         3316    i.prvCopyDataFromQueue  queue.o
    0x000022a2   0x000022a2   0x00000080   Code   RO         3317    i.prvCopyDataToQueue  queue.o
    0x00002322   0x00002322   0x00000012   Code   RO         3506    i.prvDeleteTCB      tasks.o
    0x00002334   0x00002334   0x00000028   Code   RO         3845    i.prvGetNextExpireTime  timers.o
    0x0000235c   0x0000235c   0x00000044   Code   RO         3507    i.prvIdleTask       tasks.o
    0x000023a0   0x000023a0   0x00000062   Code   RO         3508    i.prvInitialiseTCBVariables  tasks.o
    0x00002402   0x00002402   0x00000002   PAD
    0x00002404   0x00002404   0x00000068   Code   RO         3509    i.prvInitialiseTaskLists  tasks.o
    0x0000246c   0x0000246c   0x00000058   Code   RO         3846    i.prvInsertTimerInActiveList  timers.o
    0x000024c4   0x000024c4   0x0000001a   Code   RO         3318    i.prvIsQueueEmpty   queue.o
    0x000024de   0x000024de   0x0000001e   Code   RO         3319    i.prvIsQueueFull    queue.o
    0x000024fc   0x000024fc   0x0000004c   Code   RO         3847    i.prvProcessExpiredTimer  timers.o
    0x00002548   0x00002548   0x000000d0   Code   RO         3848    i.prvProcessReceivedCommands  timers.o
    0x00002618   0x00002618   0x00000078   Code   RO         3849    i.prvProcessTimerOrBlockTask  timers.o
    0x00002690   0x00002690   0x00000034   Code   RO         3510    i.prvResetNextTaskUnblockTime  tasks.o
    0x000026c4   0x000026c4   0x0000002c   Code   RO         3850    i.prvSampleTimeNow  timers.o
    0x000026f0   0x000026f0   0x00000084   Code   RO         3851    i.prvSwitchTimerLists  timers.o
    0x00002774   0x00002774   0x0000000a   Code   RO         4055    i.prvTaskExitError  port_cmsis.o
    0x0000277e   0x0000277e   0x0000001a   Code   RO         3852    i.prvTimerTask      timers.o
    0x00002798   0x00002798   0x0000007e   Code   RO         3320    i.prvUnlockQueue    queue.o
    0x00002816   0x00002816   0x00000002   PAD
    0x00002818   0x00002818   0x00000070   Code   RO         3969    i.pvPortMalloc      heap_1.o
    0x00002888   0x00002888   0x00000020   Code   RO         3513    i.pvTaskIncrementMutexHeldCount  tasks.o
    0x000028a8   0x000028a8   0x00000034   Code   RO         4056    i.pxPortInitialiseStack  port_cmsis.o
    0x000028dc   0x000028dc   0x00000094   Code   RO         3039    i.readfromspi       port_platform.o
    0x00002970   0x00002970   0x00000054   Code   RO         3040    i.reset_DW1000      port_platform.o
    0x000029c4   0x000029c4   0x0000002a   Code   RO          245    i.resp_msg_set_ts   ss_resp_main.o
    0x000029ee   0x000029ee   0x0000003e   Code   RO         1039    i.rx_byte           nrf_drv_uart.o
    0x00002a2c   0x00002a2c   0x0000001e   Code   RO         1040    i.rx_done_event     nrf_drv_uart.o
    0x00002a4a   0x00002a4a   0x00000002   PAD
    0x00002a4c   0x00002a4c   0x0000000c   Code   RO         3042    i.spi_event_handler  port_platform.o
    0x00002a58   0x00002a58   0x000000a0   Code   RO          879    i.spi_xfer          nrf_drv_spi.o
    0x00002af8   0x00002af8   0x00000150   Code   RO          246    i.ss_resp_run       ss_resp_main.o
    0x00002c48   0x00002c48   0x00000014   Code   RO          247    i.ss_responder_task_function  ss_resp_main.o
    0x00002c5c   0x00002c5c   0x0000008e   Code   RO          880    i.transfer_byte     nrf_drv_spi.o
    0x00002cea   0x00002cea   0x00000026   Code   RO         1042    i.tx_byte           nrf_drv_uart.o
    0x00002d10   0x00002d10   0x00000022   Code   RO         1043    i.tx_done_event     nrf_drv_uart.o
    0x00002d32   0x00002d32   0x00000142   Code   RO         1044    i.uart_irq_handler  nrf_drv_uart.o
    0x00002e74   0x00002e74   0x0000010c   Code   RO         1045    i.uarte_irq_handler  nrf_drv_uart.o
    0x00002f80   0x00002f80   0x00000014   Code   RO         3321    i.ulPortRaiseBASEPRI  queue.o
    0x00002f94   0x00002f94   0x00000028   Code   RO         3267    i.uxListRemove      list.o
    0x00002fbc   0x00002fbc   0x0000001a   Code   RO         3268    i.vListInitialise   list.o
    0x00002fd6   0x00002fd6   0x00000006   Code   RO         3269    i.vListInitialiseItem  list.o
    0x00002fdc   0x00002fdc   0x00000034   Code   RO         3270    i.vListInsert       list.o
    0x00003010   0x00003010   0x00000018   Code   RO         3271    i.vListInsertEnd    list.o
    0x00003028   0x00003028   0x00000014   Code   RO         4057    i.vPortEnableVFP    port_cmsis.o
    0x0000303c   0x0000303c   0x00000018   Code   RO         4059    i.vPortEnterCritical  port_cmsis.o
    0x00003054   0x00003054   0x00000020   Code   RO         4060    i.vPortExitCritical  port_cmsis.o
    0x00003074   0x00003074   0x00000002   Code   RO         3970    i.vPortFree         heap_1.o
    0x00003076   0x00003076   0x00000002   PAD
    0x00003078   0x00003078   0x00000080   Code   RO         4130    i.vPortSetupTimerInterrupt  port_cmsis_systick.o
    0x000030f8   0x000030f8   0x0000002c   Code   RO         3325    i.vQueueAddToRegistry  queue.o
    0x00003124   0x00003124   0x0000003a   Code   RO         3328    i.vQueueWaitForMessageRestricted  queue.o
    0x0000315e   0x0000315e   0x00000002   PAD
    0x00003160   0x00003160   0x00000068   Code   RO         3521    i.vTaskDelay        tasks.o
    0x000031c8   0x000031c8   0x0000000c   Code   RO         3525    i.vTaskMissedYield  tasks.o
    0x000031d4   0x000031d4   0x00000048   Code   RO         3527    i.vTaskPlaceOnEventList  tasks.o
    0x0000321c   0x0000321c   0x00000034   Code   RO         3528    i.vTaskPlaceOnEventListRestricted  tasks.o
    0x00003250   0x00003250   0x0000008c   Code   RO         3530    i.vTaskPriorityInherit  tasks.o
    0x000032dc   0x000032dc   0x00000018   Code   RO         3533    i.vTaskSetTimeOutState  tasks.o
    0x000032f4   0x000032f4   0x0000005c   Code   RO         3534    i.vTaskStartScheduler  tasks.o
    0x00003350   0x00003350   0x00000010   Code   RO         3537    i.vTaskSuspendAll   tasks.o
    0x00003360   0x00003360   0x00000080   Code   RO         3538    i.vTaskSwitchContext  tasks.o
    0x000033e0   0x000033e0   0x00000090   Code   RO         3043    i.writetospi        port_platform.o
    0x00003470   0x00003470   0x00000068   Code   RO         4061    i.xPortStartScheduler  port_cmsis.o
    0x000034d8   0x000034d8   0x0000004a   Code   RO         3331    i.xQueueGenericCreate  queue.o
    0x00003522   0x00003522   0x00000002   PAD
    0x00003524   0x00003524   0x000001a0   Code   RO         3332    i.xQueueGenericReceive  queue.o
    0x000036c4   0x000036c4   0x00000098   Code   RO         3333    i.xQueueGenericReset  queue.o
    0x0000375c   0x0000375c   0x00000168   Code   RO         3334    i.xQueueGenericSend  queue.o
    0x000038c4   0x000038c4   0x0000006a   Code   RO         3335    i.xQueueGenericSendFromISR  queue.o
    0x0000392e   0x0000392e   0x00000002   PAD
    0x00003930   0x00003930   0x0000005c   Code   RO         3539    i.xTaskCheckForTimeOut  tasks.o
    0x0000398c   0x0000398c   0x00000124   Code   RO         3540    i.xTaskGenericCreate  tasks.o
    0x00003ab0   0x00003ab0   0x00000020   Code   RO         3544    i.xTaskGetSchedulerState  tasks.o
    0x00003ad0   0x00003ad0   0x0000000c   Code   RO         3545    i.xTaskGetTickCount  tasks.o
    0x00003adc   0x00003adc   0x00000108   Code   RO         3547    i.xTaskIncrementTick  tasks.o
    0x00003be4   0x00003be4   0x00000060   Code   RO         3550    i.xTaskPriorityDisinherit  tasks.o
    0x00003c44   0x00003c44   0x00000080   Code   RO         3551    i.xTaskRemoveFromEventList  tasks.o
    0x00003cc4   0x00003cc4   0x00000104   Code   RO         3553    i.xTaskResumeAll    tasks.o
    0x00003dc8   0x00003dc8   0x0000003e   Code   RO         3855    i.xTimerCreate      timers.o
    0x00003e06   0x00003e06   0x00000002   PAD
    0x00003e08   0x00003e08   0x00000044   Code   RO         3856    i.xTimerCreateTimerTask  timers.o
    0x00003e4c   0x00003e4c   0x0000006c   Code   RO         3857    i.xTimerGenericCommand  timers.o
    0x00003eb8   0x00003eb8   0x00000047   Data   RO          603    .constdata          nrf_drv_gpiote.o
    0x00003eff   0x00003eff   0x00000001   PAD
    0x00003f00   0x00003f00   0x000000e0   Data   RO         3014    .constdata          deca_params_init.o
    0x00003fe0   0x00003fe0   0x00000028   Data   RO         3044    .constdata          port_platform.o
    0x00004008   0x00004008   0x00000004   Data   RO         4062    .constdata          port_cmsis.o
    0x0000400c   0x0000400c   0x00000020   Data   RO         4353    Region$$Table       anon$$obj.o


    Execution Region RW_IRAM1 (Exec base: 0x20000000, Load base: 0x0000402c, Size: 0x000052a8, Max: 0x00010000, ABSOLUTE)

    Exec Addr    Load Addr    Size         Type   Attr      Idx    E Section Name        Object

    0x20000000   0x0000402c   0x0000001c   Data   RW            8    .data               main.o
    0x2000001c   0x00004048   0x00000004   PAD
    0x20000020   0x0000404c   0x00000038   Data   RW          249    .data               ss_resp_main.o
    0x20000058   0x00004084   0x00000004   Data   RW         1615    .data               app_util_platform.o
    0x2000005c   0x00004088   0x00000004   Data   RW         2533    .data               deca_device.o
    0x20000060   0x0000408c   0x00000008   Data   RW         3045    .data               port_platform.o
    0x20000068   0x00004094   0x0000003c   Data   RW         3556    .data               tasks.o
    0x200000a4   0x000040d0   0x00000014   Data   RW         3863    .data               timers.o
    0x200000b8   0x000040e4   0x00000008   Data   RW         3974    .data               heap_1.o
    0x200000c0   0x000040ec   0x00000004   Data   RW         4063    .data               port_cmsis.o
    0x200000c4   0x000040f0   0x00000004   Data   RW         4193    .data               system_nrf52.o
    0x200000c8   0x000040f4   0x00000004   Data   RW         4345    .data               mc_w.l(mvars.o)
    0x200000cc   0x000040f8   0x00000004   Data   RW         4346    .data               mc_w.l(mvars.o)
    0x200000d0        -       0x00000018   Zero   RW          248    .bss                ss_resp_main.o
    0x200000e8        -       0x00000058   Zero   RW          602    .bss                nrf_drv_gpiote.o
    0x20000140        -       0x00000024   Zero   RW          881    .bss                nrf_drv_spi.o
    0x20000164        -       0x00000020   Zero   RW         1046    .bss                nrf_drv_uart.o
    0x20000184        -       0x00000014   Zero   RW         1332    .bss                nrf_drv_clock.o
    0x20000198        -       0x00000038   Zero   RW         2532    .bss                deca_device.o
    0x200001d0        -       0x00000010   Zero   RW         3343    .bss                queue.o
    0x200001e0        -       0x000000a0   Zero   RW         3555    .bss                tasks.o
    0x20000280        -       0x00000028   Zero   RW         3862    .bss                timers.o
    0x200002a8        -       0x00001000   Zero   RW         3973    .bss                heap_1.o
    0x200012a8        -       0x00002000   Zero   RW         4172    HEAP                arm_startup_nrf52.o
    0x200032a8        -       0x00002000   Zero   RW         4171    STACK               arm_startup_nrf52.o


==============================================================================

Image component sizes


      Code (inc. data)   RO Data    RW Data    ZI Data      Debug   Object Name

        28          0          0          0          0       2137   app_error.o
        88          8          0          0          0      27513   app_error_weak.o
        64         10          0          4          0       3350   app_util_platform.o
        36          8        512          0      16384        896   arm_startup_nrf52.o
      2608        106          0          4         56      24420   deca_device.o
         0          0        224          0          0       2075   deca_params_init.o
         0          0          0          0          0      12092   event_groups.o
       114         14          0          8       4096       2447   heap_1.o
       148          0          0          0          0       3894   list.o
       432         72          0         28          0      63213   main.o
       358         28          0          0         20      12723   nrf_drv_clock.o
        96         12          0          0          0      29431   nrf_drv_common.o
       770         32         71          0         88      23889   nrf_drv_gpiote.o
      1154         24          0          0         36      48956   nrf_drv_spi.o
       910          8          0          0         32      25958   nrf_drv_uart.o
         0          0          0          0          0       1500   nrf_memobj.o
       152         14          0          0          0        676   port.o
       250         42          4          4          0      36834   port_cmsis.o
       262         34          0          0          0      32912   port_cmsis_systick.o
       760         58         40          8          0      15874   port_platform.o
      1590         18          0          0         16      17081   queue.o
       442         42          0         56         24       8819   ss_resp_main.o
      1320        134          0          4          0       7575   system_nrf52.o
      2446        376          0         60        160      23352   tasks.o
      1072        106          0         20         40      11130   timers.o

    ----------------------------------------------------------------------
     15134       1146        884        200      20952     438747   Object Totals
         0          0         32          0          0          0   (incl. Generated)
        34          0          1          4          0          0   (incl. Padding)

    ----------------------------------------------------------------------

      Code (inc. data)   RO Data    RW Data    ZI Data      Debug   Library Member Name

         0          0          0          0          0          0   entry.o
         0          0          0          0          0          0   entry10a.o
         0          0          0          0          0          0   entry11a.o
         4          0          0          0          0          0   entry12b.o
         8          4          0          0          0          0   entry2.o
         4          0          0          0          0          0   entry5.o
         0          0          0          0          0          0   entry7b.o
         0          0          0          0          0          0   entry8b.o
         8          4          0          0          0          0   entry9a.o
        30          0          0          0          0          0   handlers.o
        36          8          0          0          0         68   init.o
        32          0          0          0          0         68   llushr.o
       188         20          0          0          0        160   malloc.o
        26          0          0          0          0         80   memcmp.o
        36          0          0          0          0         68   memcpya.o
        36          0          0          0          0        108   memseta.o
         0          0          0          8          0          0   mvars.o

    ----------------------------------------------------------------------
       410         36          0          8          0        552   Library Totals
         2          0          0          0          0          0   (incl. Padding)

    ----------------------------------------------------------------------

      Code (inc. data)   RO Data    RW Data    ZI Data      Debug   Library Name

       408         36          0          8          0        552   mc_w.l

    ----------------------------------------------------------------------
       410         36          0          8          0        552   Library Totals

    ----------------------------------------------------------------------

==============================================================================


      Code (inc. data)   RO Data    RW Data    ZI Data      Debug   

     15544       1182        884        208      20952     419943   Grand Totals
     15544       1182        884        208      20952     419943   ELF Image Totals
     15544       1182        884        208          0          0   ROM Totals

==============================================================================

    Total RO  Size (Code + RO Data)                16428 (  16.04kB)
    Total RW  Size (RW Data + ZI Data)             21160 (  20.66kB)
    Total ROM Size (Code + RO Data + RW Data)      16636 (  16.25kB)

==============================================================================

