<html>
<body>
<pre>
<h1>µVision Build Log</h1>
<h2>Tool Versions:</h2>
IDE-Version: µVision V5.39.0.0
Copyright (C) 2023 ARM Ltd and ARM Germany GmbH. All rights reserved.
License Information: Mack Markham, UCSD, LIC=----
 
Tool Versions:
Toolchain:       MDK-Lite  Version: 5.39.0.0
Toolchain Path:  C:\Keil_v5\ARM\Arm_Compiler_5.06u7\Bin
C Compiler:      Armcc.exe V5.06 update 7 (build 960)
Assembler:       Armasm.exe V5.06 update 7 (build 960)
Linker/Locator:  ArmLink.exe V5.06 update 7 (build 960)
Library Manager: ArmAr.exe V5.06 update 7 (build 960)
Hex Converter:   FromElf.exe V5.06 update 7 (build 960)
CPU DLL:         
Dialog DLL:      
Target DLL:      Segger\JL2CM3.dll V2.99.43.0
Dialog DLL:      TCM.DLL V1.56.4.0
 
<h2>Project:</h2>
C:\Users\mackm\Documents\GitHub\dwm1001-examples\examples\ss_twr_init\Keil uvision\ss_twr_init.uvprojx
Project File Date:  05/20/2024

<h2>Output:</h2>
*** Using Compiler 'V5.06 update 7 (build 960)', folder: 'C:\Keil_v5\ARM\Arm_Compiler_5.06u7\Bin'
Build target 'nrf52832_xxaa'
compiling app_util_platform.c...
compiling app_error.c...
compiling bsp.c...
compiling bsp_nfc.c...
compiling app_scheduler.c...
compiling boards.c...
compiling nrf_drv_common.c...
compiling app_button.c...
compiling nrf_drv_clock.c...
compiling nrf_drv_spi.c...
compiling app_error_weak.c...
compiling nrf_drv_uart.c...
compiling nrf_drv_gpiote.c...
compiling ss_init_main.c...
..\ss_init_main.c(183): warning:  #940-D: missing return statement at end of non-void function "ss_init_run" 
  }
..\ss_init_main.c: 1 warning, 0 errors
compiling nrf_assert.c...
compiling nrf_strerror.c...
compiling nrf_log_backend_serial.c...
compiling nrf_fprintf.c...
compiling retarget.c...
compiling nrf_fprintf_format.c...
compiling app_fifo.c...
compiling main.c...
..\main.c(61): warning:  #47-D: incompatible redefinition of macro "TX_ANT_DLY"  (declared at line 45 of "..\..\..\deca_driver\port\port_platform.h")
  #define TX_ANT_DLY 16300
..\main.c: 1 warning, 0 errors
compiling nrf_log_backend_uart.c...
compiling nrf_log_default_backends.c...
compiling nrf_balloc.c...
compiling nrf_log_backend_rtt.c...
compiling app_uart_fifo.c...
compiling nrf_memobj.c...
compiling SEGGER_RTT_Syscalls_KEIL.c...
compiling deca_params_init.c...
compiling nrf_log_frontend.c...
compiling deca_device.c...
..\..\..\deca_driver\deca_device.c(1426): warning:  #68-D: integer conversion resulted in a change of sign
          return DWT_ERROR;
..\..\..\deca_driver\deca_device.c(1559): warning:  #68-D: integer conversion resulted in a change of sign
          return DWT_ERROR;
..\..\..\deca_driver\deca_device.c: 2 warnings, 0 errors
compiling app_timer_freertos.c...
compiling nrf_log_str_formatter.c...
compiling SEGGER_RTT.c...
assembling arm_startup_nrf52.s...
compiling SEGGER_RTT_printf.c...
compiling event_groups.c...
compiling heap_1.c...
compiling croutine.c...
compiling port.c...
compiling port_cmsis.c...
compiling list.c...
compiling timers.c...
compiling queue.c...
compiling port_platform.c...
compiling tasks.c...
compiling port_cmsis_systick.c...
compiling system_nrf52.c...
compiling UART.c...
linking...
Program Size: Code=18548 RO-data=824 RW-data=224 ZI-data=21528  
FromELF: creating hex file...
".\_build\nrf52832_xxaa.axf" - 0 Error(s), 4 Warning(s).

<h2>Software Packages used:</h2>

Package Vendor: ARM
                http://www.keil.com/pack/ARM.CMSIS.4.5.0.pack
                ARM::CMSIS@4.5.0
                CMSIS (Cortex Microcontroller Software Interface Standard)
   * Component: CORE Version: 4.3.0

Package Vendor: NordicSemiconductor
                http://developer.nordicsemi.com/nRF5_SDK/pieces/nRF_DeviceFamilyPack/NordicSemiconductor.nRF_DeviceFamilyPack.8.44.1.pack
                NordicSemiconductor::nRF_DeviceFamilyPack@8.44.1
                Nordic Semiconductor nRF ARM devices Device Family Pack with BSD license.
   * Component: Startup Version: 8.44.1

<h2>Collection of Component include folders:</h2>
  ./RTE/_nrf52832_xxaa
  C:/Users/mackm/AppData/Local/Arm/Packs/ARM/CMSIS/4.5.0/CMSIS/Include
  C:/Users/mackm/AppData/Local/Arm/Packs/NordicSemiconductor/nRF_DeviceFamilyPack/8.44.1/Device/Include

<h2>Collection of Component Files used:</h2>

   * Component: ARM::CMSIS:CORE@4.3.0

   * Component: NordicSemiconductor::Device:Startup@8.44.1
      Include file:  Device/Include/system_nrf.h
      Source file:   Device/Source/system_nrf52.c
      Include file:  Device/Include/system_nrf52.h
      Source file:   Device/Source/arm/arm_startup_nrf52.s
Build Time Elapsed:  00:00:06
</pre>
</body>
</html>
