Component: ARM Compiler 5.06 update 7 (build 960) Tool: armlink [4d3601]

==============================================================================

Section Cross References

    main.o(i.led_toggle_task_function) refers to tasks.o(i.vTaskDelay) for vTaskDelay
    main.o(i.main) refers to main.o(i.nrf_gpio_cfg) for nrf_gpio_cfg
    main.o(i.main) refers to tasks.o(i.xTaskGenericCreate) for xTaskGenericCreate
    main.o(i.main) refers to timers.o(i.xTimerCreate) for xTimerCreate
    main.o(i.main) refers to tasks.o(i.xTaskGetTickCount) for xTaskGetTickCount
    main.o(i.main) refers to timers.o(i.xTimerGenericCommand) for xTimerGenericCommand
    main.o(i.main) refers to uart.o(i.boUART_Init) for boUART_Init
    main.o(i.main) refers to printfa.o(i.__0printf) for __2printf
    main.o(i.main) refers to port_platform.o(i.reset_DW1000) for reset_DW1000
    main.o(i.main) refers to port_platform.o(i.port_set_dw1000_slowrate) for port_set_dw1000_slowrate
    main.o(i.main) refers to deca_device.o(i.dwt_initialise) for dwt_initialise
    main.o(i.main) refers to port_platform.o(i.port_set_dw1000_fastrate) for port_set_dw1000_fastrate
    main.o(i.main) refers to deca_device.o(i.dwt_configure) for dwt_configure
    main.o(i.main) refers to deca_device.o(i.dwt_setrxantennadelay) for dwt_setrxantennadelay
    main.o(i.main) refers to deca_device.o(i.dwt_settxantennadelay) for dwt_settxantennadelay
    main.o(i.main) refers to deca_device.o(i.dwt_setrxaftertxdelay) for dwt_setrxaftertxdelay
    main.o(i.main) refers to deca_device.o(i.dwt_setrxtimeout) for dwt_setrxtimeout
    main.o(i.main) refers to tasks.o(i.vTaskStartScheduler) for vTaskStartScheduler
    main.o(i.main) refers to main.o(.data) for .data
    main.o(i.main) refers to main.o(i.led_toggle_task_function) for led_toggle_task_function
    main.o(i.main) refers to main.o(i.led_toggle_timer_callback) for led_toggle_timer_callback
    main.o(i.main) refers to ss_init_main.o(i.ss_initiator_task_function) for ss_initiator_task_function
    ss_init_main.o(i.ss_init_run) refers to deca_device.o(i.dwt_write32bitoffsetreg) for dwt_write32bitoffsetreg
    ss_init_main.o(i.ss_init_run) refers to deca_device.o(i.dwt_writetxdata) for dwt_writetxdata
    ss_init_main.o(i.ss_init_run) refers to deca_device.o(i.dwt_writetxfctrl) for dwt_writetxfctrl
    ss_init_main.o(i.ss_init_run) refers to deca_device.o(i.dwt_starttx) for dwt_starttx
    ss_init_main.o(i.ss_init_run) refers to deca_device.o(i.dwt_read32bitoffsetreg) for dwt_read32bitoffsetreg
    ss_init_main.o(i.ss_init_run) refers to deca_device.o(i.dwt_readrxdata) for dwt_readrxdata
    ss_init_main.o(i.ss_init_run) refers to memcmp.o(.text) for memcmp
    ss_init_main.o(i.ss_init_run) refers to deca_device.o(i.dwt_readtxtimestamplo32) for dwt_readtxtimestamplo32
    ss_init_main.o(i.ss_init_run) refers to deca_device.o(i.dwt_readrxtimestamplo32) for dwt_readrxtimestamplo32
    ss_init_main.o(i.ss_init_run) refers to deca_device.o(i.dwt_readcarrierintegrator) for dwt_readcarrierintegrator
    ss_init_main.o(i.ss_init_run) refers to dflti.o(.text) for __aeabi_i2d
    ss_init_main.o(i.ss_init_run) refers to dmul.o(.text) for __aeabi_dmul
    ss_init_main.o(i.ss_init_run) refers to d2f.o(.text) for __aeabi_d2f
    ss_init_main.o(i.ss_init_run) refers to ss_init_main.o(i.resp_msg_get_ts) for resp_msg_get_ts
    ss_init_main.o(i.ss_init_run) refers to f2d.o(.text) for __aeabi_f2d
    ss_init_main.o(i.ss_init_run) refers to printfa.o(i.__0printf) for __2printf
    ss_init_main.o(i.ss_init_run) refers to deca_device.o(i.dwt_rxreset) for dwt_rxreset
    ss_init_main.o(i.ss_init_run) refers to ss_init_main.o(.data) for .data
    ss_init_main.o(i.ss_init_run) refers to ss_init_main.o(.bss) for .bss
    ss_init_main.o(i.ss_initiator_task_function) refers to deca_device.o(i.dwt_setleds) for dwt_setleds
    ss_init_main.o(i.ss_initiator_task_function) refers to ss_init_main.o(i.ss_init_run) for ss_init_run
    ss_init_main.o(i.ss_initiator_task_function) refers to tasks.o(i.vTaskDelay) for vTaskDelay
    boards.o(i.bsp_board_button_idx_to_pin) refers to boards.o(.constdata) for .constdata
    boards.o(i.bsp_board_button_state_get) refers to boards.o(.constdata) for .constdata
    boards.o(i.bsp_board_buttons_init) refers to boards.o(i.nrf_gpio_cfg) for nrf_gpio_cfg
    boards.o(i.bsp_board_buttons_init) refers to boards.o(.constdata) for .constdata
    boards.o(i.bsp_board_led_idx_to_pin) refers to boards.o(.constdata) for .constdata
    boards.o(i.bsp_board_led_invert) refers to boards.o(.constdata) for .constdata
    boards.o(i.bsp_board_led_off) refers to boards.o(i.nrf_gpio_pin_write) for nrf_gpio_pin_write
    boards.o(i.bsp_board_led_off) refers to boards.o(.constdata) for .constdata
    boards.o(i.bsp_board_led_on) refers to boards.o(i.nrf_gpio_pin_write) for nrf_gpio_pin_write
    boards.o(i.bsp_board_led_on) refers to boards.o(.constdata) for .constdata
[...]
    i.nrf_gpio_pin_set                       0x00003070   Section        0  nrf_drv_spi.o(i.nrf_gpio_pin_set)
    nrf_gpio_pin_set                         0x00003071   Thumb Code    16  nrf_drv_spi.o(i.nrf_gpio_pin_set)
    i.nrf_gpio_ports_read                    0x00003080   Section        0  nrf_drv_gpiote.o(i.nrf_gpio_ports_read)
    nrf_gpio_ports_read                      0x00003081   Thumb Code    32  nrf_drv_gpiote.o(i.nrf_gpio_ports_read)
    i.nrf_gpiote_event_clear                 0x000030a4   Section        0  nrf_drv_gpiote.o(i.nrf_gpiote_event_clear)
    nrf_gpiote_event_clear                   0x000030a5   Thumb Code    16  nrf_drv_gpiote.o(i.nrf_gpiote_event_clear)
    i.nrf_gpiote_event_is_set                0x000030b8   Section        0  nrf_drv_gpiote.o(i.nrf_gpiote_event_is_set)
    nrf_gpiote_event_is_set                  0x000030b9   Thumb Code    14  nrf_drv_gpiote.o(i.nrf_gpiote_event_is_set)
    i.nrf_uart_event_check                   0x000030cc   Section        0  nrf_drv_uart.o(i.nrf_uart_event_check)
    nrf_uart_event_check                     0x000030cd   Thumb Code    10  nrf_drv_uart.o(i.nrf_uart_event_check)
    i.nrf_uart_event_clear                   0x000030d6   Section        0  nrf_drv_uart.o(i.nrf_uart_event_clear)
    nrf_uart_event_clear                     0x000030d7   Thumb Code    12  nrf_drv_uart.o(i.nrf_uart_event_clear)
    i.nrf_uart_int_enable_check              0x000030e2   Section        0  nrf_drv_uart.o(i.nrf_uart_int_enable_check)
    nrf_uart_int_enable_check                0x000030e3   Thumb Code    12  nrf_drv_uart.o(i.nrf_uart_int_enable_check)
    i.nrf_uarte_event_check                  0x000030ee   Section        0  nrf_drv_uart.o(i.nrf_uarte_event_check)
    nrf_uarte_event_check                    0x000030ef   Thumb Code    10  nrf_drv_uart.o(i.nrf_uarte_event_check)
    i.nrf_uarte_event_clear                  0x000030f8   Section        0  nrf_drv_uart.o(i.nrf_uarte_event_clear)
    nrf_uarte_event_clear                    0x000030f9   Thumb Code    12  nrf_drv_uart.o(i.nrf_uarte_event_clear)
    i.port_set_dw1000_fastrate               0x00003104   Section        0  port_platform.o(i.port_set_dw1000_fastrate)
    i.port_set_dw1000_slowrate               0x00003144   Section        0  port_platform.o(i.port_set_dw1000_slowrate)
    i.prvAddCurrentTaskToDelayedList         0x00003180   Section        0  tasks.o(i.prvAddCurrentTaskToDelayedList)
    prvAddCurrentTaskToDelayedList           0x00003181   Thumb Code    50  tasks.o(i.prvAddCurrentTaskToDelayedList)
    i.prvAllocateTCBAndStack                 0x000031b8   Section        0  tasks.o(i.prvAllocateTCBAndStack)
    prvAllocateTCBAndStack                   0x000031b9   Thumb Code    62  tasks.o(i.prvAllocateTCBAndStack)
    i.prvCheckForValidListAndQueue           0x000031f8   Section        0  timers.o(i.prvCheckForValidListAndQueue)
    prvCheckForValidListAndQueue             0x000031f9   Thumb Code    62  timers.o(i.prvCheckForValidListAndQueue)
    i.prvCheckTasksWaitingTermination        0x00003248   Section        0  tasks.o(i.prvCheckTasksWaitingTermination)
    prvCheckTasksWaitingTermination          0x00003249   Thumb Code    74  tasks.o(i.prvCheckTasksWaitingTermination)
    i.prvCopyDataFromQueue                   0x0000329c   Section        0  queue.o(i.prvCopyDataFromQueue)
    prvCopyDataFromQueue                     0x0000329d   Thumb Code    40  queue.o(i.prvCopyDataFromQueue)
    i.prvCopyDataToQueue                     0x000032c4   Section        0  queue.o(i.prvCopyDataToQueue)
    prvCopyDataToQueue                       0x000032c5   Thumb Code   112  queue.o(i.prvCopyDataToQueue)
    i.prvDeleteTCB                           0x00003334   Section        0  tasks.o(i.prvDeleteTCB)
    prvDeleteTCB                             0x00003335   Thumb Code    20  tasks.o(i.prvDeleteTCB)
    i.prvGetNextExpireTime                   0x00003348   Section        0  timers.o(i.prvGetNextExpireTime)
    prvGetNextExpireTime                     0x00003349   Thumb Code    30  timers.o(i.prvGetNextExpireTime)
    i.prvIdleTask                            0x0000336c   Section        0  tasks.o(i.prvIdleTask)
    prvIdleTask                              0x0000336d   Thumb Code    32  tasks.o(i.prvIdleTask)
    i.prvInitialiseTCBVariables              0x00003394   Section        0  tasks.o(i.prvInitialiseTCBVariables)
    prvInitialiseTCBVariables                0x00003395   Thumb Code    76  tasks.o(i.prvInitialiseTCBVariables)
    i.prvInitialiseTaskLists                 0x000033e0   Section        0  tasks.o(i.prvInitialiseTaskLists)
    prvInitialiseTaskLists                   0x000033e1   Thumb Code    78  tasks.o(i.prvInitialiseTaskLists)
    i.prvInsertTimerInActiveList             0x00003438   Section        0  timers.o(i.prvInsertTimerInActiveList)
    prvInsertTimerInActiveList               0x00003439   Thumb Code    60  timers.o(i.prvInsertTimerInActiveList)
    i.prvIsQueueEmpty                        0x00003478   Section        0  queue.o(i.prvIsQueueEmpty)
    prvIsQueueEmpty                          0x00003479   Thumb Code    26  queue.o(i.prvIsQueueEmpty)
    i.prvIsQueueFull                         0x00003492   Section        0  queue.o(i.prvIsQueueFull)
    prvIsQueueFull                           0x00003493   Thumb Code    30  queue.o(i.prvIsQueueFull)
    i.prvProcessExpiredTimer                 0x000034b0   Section        0  timers.o(i.prvProcessExpiredTimer)
    prvProcessExpiredTimer                   0x000034b1   Thumb Code    72  timers.o(i.prvProcessExpiredTimer)
    i.prvProcessReceivedCommands             0x000034fc   Section        0  timers.o(i.prvProcessReceivedCommands)
    prvProcessReceivedCommands               0x000034fd   Thumb Code   162  timers.o(i.prvProcessReceivedCommands)
    i.prvProcessTimerOrBlockTask             0x000035a4   Section        0  timers.o(i.prvProcessTimerOrBlockTask)
    prvProcessTimerOrBlockTask               0x000035a5   Thumb Code    86  timers.o(i.prvProcessTimerOrBlockTask)
    i.prvResetNextTaskUnblockTime            0x00003604   Section        0  tasks.o(i.prvResetNextTaskUnblockTime)
    prvResetNextTaskUnblockTime              0x00003605   Thumb Code    30  tasks.o(i.prvResetNextTaskUnblockTime)
    i.prvSampleTimeNow                       0x00003628   Section        0  timers.o(i.prvSampleTimeNow)
    prvSampleTimeNow                         0x00003629   Thumb Code    38  timers.o(i.prvSampleTimeNow)
    i.prvSwitchTimerLists                    0x00003654   Section        0  timers.o(i.prvSwitchTimerLists)
    prvSwitchTimerLists                      0x00003655   Thumb Code    86  timers.o(i.prvSwitchTimerLists)
    i.prvTaskExitError                       0x000036b0   Section        0  port_cmsis.o(i.prvTaskExitError)
    prvTaskExitError                         0x000036b1   Thumb Code     8  port_cmsis.o(i.prvTaskExitError)
    i.prvTimerTask                           0x000036b8   Section        0  timers.o(i.prvTimerTask)
    prvTimerTask                             0x000036b9   Thumb Code    20  timers.o(i.prvTimerTask)
    i.prvUnlockQueue                         0x000036cc   Section        0  queue.o(i.prvUnlockQueue)
    prvUnlockQueue                           0x000036cd   Thumb Code   100  queue.o(i.prvUnlockQueue)
    i.pvPortMalloc                           0x00003730   Section        0  heap_1.o(i.pvPortMalloc)
    i.pvTaskIncrementMutexHeldCount          0x0000377c   Section        0  tasks.o(i.pvTaskIncrementMutexHeldCount)
    i.pxPortInitialiseStack                  0x00003794   Section        0  port_cmsis.o(i.pxPortInitialiseStack)
    i.readfromspi                            0x000037bc   Section        0  port_platform.o(i.readfromspi)
    i.reset_DW1000                           0x00003840   Section        0  port_platform.o(i.reset_DW1000)
    i.resp_msg_get_ts                        0x00003882   Section        0  ss_init_main.o(i.resp_msg_get_ts)
    resp_msg_get_ts                          0x00003883   Thumb Code    26  ss_init_main.o(i.resp_msg_get_ts)
    i.rx_byte                                0x0000389c   Section        0  nrf_drv_uart.o(i.rx_byte)
    rx_byte                                  0x0000389d   Thumb Code    52  nrf_drv_uart.o(i.rx_byte)
    i.rx_done_event                          0x000038d0   Section        0  nrf_drv_uart.o(i.rx_done_event)
    rx_done_event                            0x000038d1   Thumb Code    22  nrf_drv_uart.o(i.rx_done_event)
    i.rx_enable                              0x000038e6   Section        0  nrf_drv_uart.o(i.rx_enable)
    rx_enable                                0x000038e7   Thumb Code    32  nrf_drv_uart.o(i.rx_enable)
    i.spi_event_handler                      0x00003908   Section        0  port_platform.o(i.spi_event_handler)
    i.spi_xfer                               0x00003914   Section        0  nrf_drv_spi.o(i.spi_xfer)
    spi_xfer                                 0x00003915   Thumb Code   134  nrf_drv_spi.o(i.spi_xfer)
    i.ss_init_run                            0x0000399c   Section        0  ss_init_main.o(i.ss_init_run)
    i.ss_initiator_task_function             0x00003b48   Section        0  ss_init_main.o(i.ss_initiator_task_function)
    i.transfer_byte                          0x00003b5a   Section        0  nrf_drv_spi.o(i.transfer_byte)
    transfer_byte                            0x00003b5b   Thumb Code   114  nrf_drv_spi.o(i.transfer_byte)
    i.tx_byte                                0x00003bcc   Section        0  nrf_drv_uart.o(i.tx_byte)
    tx_byte                                  0x00003bcd   Thumb Code    34  nrf_drv_uart.o(i.tx_byte)
    i.tx_done_event                          0x00003bee   Section        0  nrf_drv_uart.o(i.tx_done_event)
    tx_done_event                            0x00003bef   Thumb Code    26  nrf_drv_uart.o(i.tx_done_event)
    i.uart_event_handler                     0x00003c08   Section        0  app_uart_fifo.o(i.uart_event_handler)
    uart_event_handler                       0x00003c09   Thumb Code   164  app_uart_fifo.o(i.uart_event_handler)
    i.uart_irq_handler                       0x00003cb4   Section        0  nrf_drv_uart.o(i.uart_irq_handler)
    uart_irq_handler                         0x00003cb5   Thumb Code   294  nrf_drv_uart.o(i.uart_irq_handler)
    i.uarte_irq_handler                      0x00003dda   Section        0  nrf_drv_uart.o(i.uarte_irq_handler)
    uarte_irq_handler                        0x00003ddb   Thumb Code   248  nrf_drv_uart.o(i.uarte_irq_handler)
    i.ulPortRaiseBASEPRI                     0x00003ed2   Section        0  queue.o(i.ulPortRaiseBASEPRI)
    ulPortRaiseBASEPRI                       0x00003ed3   Thumb Code    12  queue.o(i.ulPortRaiseBASEPRI)
    i.uxListRemove                           0x00003ede   Section        0  list.o(i.uxListRemove)
    i.vHandleUartInternalErrors              0x00003f02   Section        0  uart.o(i.vHandleUartInternalErrors)
    vHandleUartInternalErrors                0x00003f03   Thumb Code     2  uart.o(i.vHandleUartInternalErrors)
    i.vListInitialise                        0x00003f04   Section        0  list.o(i.vListInitialise)
    i.vListInitialiseItem                    0x00003f1a   Section        0  list.o(i.vListInitialiseItem)
    i.vListInsert                            0x00003f20   Section        0  list.o(i.vListInsert)
    i.vListInsertEnd                         0x00003f50   Section        0  list.o(i.vListInsertEnd)
    i.vPortEnableVFP                         0x00003f68   Section        0  port_cmsis.o(i.vPortEnableVFP)
    vPortEnableVFP                           0x00003f69   Thumb Code    12  port_cmsis.o(i.vPortEnableVFP)
    i.vPortEnterCritical                     0x00003f78   Section        0  port_cmsis.o(i.vPortEnterCritical)
    i.vPortExitCritical                      0x00003f8c   Section        0  port_cmsis.o(i.vPortExitCritical)
    i.vPortFree                              0x00003fa4   Section        0  heap_1.o(i.vPortFree)
    i.vPortSetupTimerInterrupt               0x00003fa8   Section        0  port_cmsis_systick.o(i.vPortSetupTimerInterrupt)
    i.vQueueAddToRegistry                    0x00003fe4   Section        0  queue.o(i.vQueueAddToRegistry)
    i.vQueueWaitForMessageRestricted         0x00004008   Section        0  queue.o(i.vQueueWaitForMessageRestricted)
    i.vTaskDelay                             0x00004044   Section        0  tasks.o(i.vTaskDelay)
    i.vTaskMissedYield                       0x0000408c   Section        0  tasks.o(i.vTaskMissedYield)
    i.vTaskPlaceOnEventList                  0x00004098   Section        0  tasks.o(i.vTaskPlaceOnEventList)
    i.vTaskPlaceOnEventListRestricted        0x000040d4   Section        0  tasks.o(i.vTaskPlaceOnEventListRestricted)
    i.vTaskPriorityInherit                   0x000040fc   Section        0  tasks.o(i.vTaskPriorityInherit)
    i.vTaskSetTimeOutState                   0x00004168   Section        0  tasks.o(i.vTaskSetTimeOutState)
    i.vTaskStartScheduler                    0x00004178   Section        0  tasks.o(i.vTaskStartScheduler)
    i.vTaskSuspendAll                        0x000041c8   Section        0  tasks.o(i.vTaskSuspendAll)
    i.vTaskSwitchContext                     0x000041d8   Section        0  tasks.o(i.vTaskSwitchContext)
    i.vUartErrorHandle                       0x00004230   Section        0  uart.o(i.vUartErrorHandle)
    vUartErrorHandle                         0x00004231   Thumb Code    20  uart.o(i.vUartErrorHandle)
    i.writetospi                             0x00004244   Section        0  port_platform.o(i.writetospi)
    i.xPortStartScheduler                    0x000042bc   Section        0  port_cmsis.o(i.xPortStartScheduler)
    i.xQueueGenericCreate                    0x000042fc   Section        0  queue.o(i.xQueueGenericCreate)
    i.xQueueGenericReceive                   0x00004338   Section        0  queue.o(i.xQueueGenericReceive)
    i.xQueueGenericReset                     0x00004464   Section        0  queue.o(i.xQueueGenericReset)
    i.xQueueGenericSend                      0x000044d8   Section        0  queue.o(i.xQueueGenericSend)
    i.xQueueGenericSendFromISR               0x000045d4   Section        0  queue.o(i.xQueueGenericSendFromISR)
    i.xTaskCheckForTimeOut                   0x00004634   Section        0  tasks.o(i.xTaskCheckForTimeOut)
    i.xTaskGenericCreate                     0x00004684   Section        0  tasks.o(i.xTaskGenericCreate)
    i.xTaskGetSchedulerState                 0x00004764   Section        0  tasks.o(i.xTaskGetSchedulerState)
    i.xTaskGetTickCount                      0x00004780   Section        0  tasks.o(i.xTaskGetTickCount)
    i.xTaskIncrementTick                     0x0000478c   Section        0  tasks.o(i.xTaskIncrementTick)
    i.xTaskPriorityDisinherit                0x00004830   Section        0  tasks.o(i.xTaskPriorityDisinherit)
    i.xTaskRemoveFromEventList               0x00004884   Section        0  tasks.o(i.xTaskRemoveFromEventList)
    i.xTaskResumeAll                         0x000048e4   Section        0  tasks.o(i.xTaskResumeAll)
    i.xTimerCreate                           0x00004998   Section        0  timers.o(i.xTimerCreate)
    i.xTimerCreateTimerTask                  0x000049d8   Section        0  timers.o(i.xTimerCreateTimerTask)
    i.xTimerGenericCommand                   0x00004a1c   Section        0  timers.o(i.xTimerGenericCommand)
    .constdata                               0x00004a74   Section        4  nrf_drv_gpiote.o(.constdata)
    .constdata                               0x00004a78   Section       32  app_uart_fifo.o(.constdata)
    .constdata                               0x00004a98   Section        8  deca_params_init.o(.constdata)
    .constdata                               0x00004aa0   Section       24  deca_params_init.o(.constdata)
    .constdata                               0x00004ab8   Section       24  deca_params_init.o(.constdata)
    .constdata                               0x00004ad0   Section        6  deca_params_init.o(.constdata)
    .constdata                               0x00004ad6   Section        2  deca_params_init.o(.constdata)
    .constdata                               0x00004ad8   Section        8  deca_params_init.o(.constdata)
    .constdata                               0x00004ae0   Section        3  deca_params_init.o(.constdata)
    .constdata                               0x00004ae4   Section       12  deca_params_init.o(.constdata)
    .constdata                               0x00004af0   Section        4  deca_params_init.o(.constdata)
    .constdata                               0x00004af4   Section       32  deca_params_init.o(.constdata)
    .constdata                               0x00004b14   Section       50  deca_params_init.o(.constdata)
    .constdata                               0x00004b48   Section       40  port_platform.o(.constdata)
    spi                                      0x00004b48   Data           8  port_platform.o(.constdata)
    .constdata                               0x00004b70   Section        4  port_cmsis.o(.constdata)
    <Data1>                                  0x00004b70   Data           4  port_cmsis.o(.constdata)
    .constdata                               0x00004b74   Section       24  uart.o(.constdata)
    .data                                    0x20000000   Section       24  main.o(.data)
    config                                   0x2000000c   Data          12  main.o(.data)
    .data                                    0x20000018   Section       64  ss_init_main.o(.data)
    frame_seq_nb                             0x20000018   Data           1  ss_init_main.o(.data)
    status_reg                               0x2000001c   Data           4  ss_init_main.o(.data)
    tx_count                                 0x20000020   Data           4  ss_init_main.o(.data)
    rx_count                                 0x20000024   Data           4  ss_init_main.o(.data)
    tof                                      0x20000028   Data           8  ss_init_main.o(.data)
    distance                                 0x20000030   Data           8  ss_init_main.o(.data)
    tx_poll_msg                              0x20000038   Data          12  ss_init_main.o(.data)
    rx_resp_msg                              0x20000044   Data          20  ss_init_main.o(.data)
    .data                                    0x20000058   Section        4  app_util_platform.o(.data)
    m_in_critical_region                     0x20000058   Data           4  app_util_platform.o(.data)
    .data                                    0x2000005c   Section       16  app_uart_fifo.o(.data)
    tx_buffer                                0x2000005c   Data           1  app_uart_fifo.o(.data)
    rx_buffer                                0x2000005d   Data           1  app_uart_fifo.o(.data)
    m_rx_ovf                                 0x2000005e   Data           1  app_uart_fifo.o(.data)
    m_event_handler                          0x20000060   Data           4  app_uart_fifo.o(.data)
    app_uart_inst                            0x20000064   Data           8  app_uart_fifo.o(.data)
    .data                                    0x2000006c   Section        4  retarget.o(.data)
    .data                                    0x20000070   Section        4  deca_device.o(.data)
    pdw1000local                             0x20000070   Data           4  deca_device.o(.data)
    .data                                    0x20000074   Section        1  port_platform.o(.data)
    spi_xfer_done                            0x20000074   Data           1  port_platform.o(.data)
    .data                                    0x20000078   Section       60  tasks.o(.data)
    uxTasksDeleted                           0x2000007c   Data           4  tasks.o(.data)
    xIdleTaskHandle                          0x20000080   Data           4  tasks.o(.data)
    uxCurrentNumberOfTasks                   0x20000084   Data           4  tasks.o(.data)
    xTickCount                               0x20000088   Data           4  tasks.o(.data)
    uxTopReadyPriority                       0x2000008c   Data           4  tasks.o(.data)
    xSchedulerRunning                        0x20000090   Data           4  tasks.o(.data)
    uxPendedTicks                            0x20000094   Data           4  tasks.o(.data)
    xYieldPending                            0x20000098   Data           4  tasks.o(.data)
    xNumOfOverflows                          0x2000009c   Data           4  tasks.o(.data)
    uxTaskNumber                             0x200000a0   Data           4  tasks.o(.data)
    xNextTaskUnblockTime                     0x200000a4   Data           4  tasks.o(.data)
    uxSchedulerSuspended                     0x200000a8   Data           4  tasks.o(.data)
    pxDelayedTaskList                        0x200000ac   Data           4  tasks.o(.data)
    pxOverflowDelayedTaskList                0x200000b0   Data           4  tasks.o(.data)
    .data                                    0x200000b4   Section       20  timers.o(.data)
    xTimerQueue                              0x200000b4   Data           4  timers.o(.data)
    xTimerTaskHandle                         0x200000b8   Data           4  timers.o(.data)
    xLastTime                                0x200000bc   Data           4  timers.o(.data)
    pxCurrentTimerList                       0x200000c0   Data           4  timers.o(.data)
    pxOverflowTimerList                      0x200000c4   Data           4  timers.o(.data)
    .data                                    0x200000c8   Section        8  heap_1.o(.data)
    xNextFreeByte                            0x200000c8   Data           4  heap_1.o(.data)
    pucAlignedHeap                           0x200000cc   Data           4  heap_1.o(.data)
    .data                                    0x200000d0   Section        4  port_cmsis.o(.data)
    uxCriticalNesting                        0x200000d0   Data           4  port_cmsis.o(.data)
    .data                                    0x200000d4   Section        4  system_nrf52.o(.data)
    __tagsym$$used                           0x200000d4   Number         0  system_nrf52.o(.data)
    .data                                    0x200000d8   Section        4  mvars.o(.data)
    .data                                    0x200000dc   Section        4  mvars.o(.data)
    .bss                                     0x200000e0   Section       20  ss_init_main.o(.bss)
    rx_buffer                                0x200000e0   Data          20  ss_init_main.o(.bss)
    .bss                                     0x200000f4   Section       88  nrf_drv_gpiote.o(.bss)
    m_cb                                     0x200000f4   Data          88  nrf_drv_gpiote.o(.bss)
    .bss                                     0x2000014c   Section       36  nrf_drv_spi.o(.bss)
    m_cb                                     0x2000014c   Data          36  nrf_drv_spi.o(.bss)
    .bss                                     0x20000170   Section       32  nrf_drv_uart.o(.bss)
    m_cb                                     0x20000170   Data          32  nrf_drv_uart.o(.bss)
    .bss                                     0x20000190   Section       20  nrf_drv_clock.o(.bss)
    m_clock_cb                               0x20000190   Data          20  nrf_drv_clock.o(.bss)
    .bss                                     0x200001a4   Section       32  app_uart_fifo.o(.bss)
    m_rx_fifo                                0x200001a4   Data          16  app_uart_fifo.o(.bss)
    m_tx_fifo                                0x200001b4   Data          16  app_uart_fifo.o(.bss)
    .bss                                     0x200001c4   Section       56  deca_device.o(.bss)
    dw1000local                              0x200001c4   Data          56  deca_device.o(.bss)
    .bss                                     0x200001fc   Section       16  queue.o(.bss)
    .bss                                     0x2000020c   Section      160  tasks.o(.bss)
    pxReadyTasksLists                        0x2000020c   Data          60  tasks.o(.bss)
    xDelayedTaskList1                        0x20000248   Data          20  tasks.o(.bss)
    xDelayedTaskList2                        0x2000025c   Data          20  tasks.o(.bss)
    xPendingReadyList                        0x20000270   Data          20  tasks.o(.bss)
    xTasksWaitingTermination                 0x20000284   Data          20  tasks.o(.bss)
    xSuspendedTaskList                       0x20000298   Data          20  tasks.o(.bss)
    .bss                                     0x200002ac   Section       40  timers.o(.bss)
    xActiveTimerList1                        0x200002ac   Data          20  timers.o(.bss)
    xActiveTimerList2                        0x200002c0   Data          20  timers.o(.bss)
    .bss                                     0x200002d4   Section     4096  heap_1.o(.bss)
    ucHeap                                   0x200002d4   Data        4096  heap_1.o(.bss)
    .bss                                     0x200012d4   Section      544  uart.o(.bss)
    rx_buf                                   0x200012d4   Data          32  uart.o(.bss)
    tx_buf                                   0x200012f4   Data         512  uart.o(.bss)
    HEAP                                     0x200014f8   Section     8192  arm_startup_nrf52.o(HEAP)
    STACK                                    0x200034f8   Section     8192  arm_startup_nrf52.o(STACK)

    Global Symbols

    Symbol Name                              Value     Ov Type        Size  Object(Section)

    BuildAttributes$$THM_ISAv4$E$P$D$K$B$S$7EM$VFPi3$EXTD16$VFPS$VFMA$PE$A:L22UL41UL21$X:L11$S22US41US21$IEEE1$IW$USESV6$~STKCKD$USESV7$~SHL$OTIME$ROPI$EBA8$MICROLIB$REQ8$PRES8$EABIv2 0x00000000   Number         0  anon$$obj.o ABSOLUTE
    __ARM_use_no_argv                        0x00000000   Number         0  main.o ABSOLUTE
    __Vectors                                0x00000000   Data           4  arm_startup_nrf52.o(RESET)
    _printf_a                                0x00000000   Number         0  stubs.o ABSOLUTE
    _printf_c                                0x00000000   Number         0  stubs.o ABSOLUTE
    _printf_charcount                        0x00000000   Number         0  stubs.o ABSOLUTE
    _printf_d                                0x00000000   Number         0  stubs.o ABSOLUTE
    _printf_e                                0x00000000   Number         0  stubs.o ABSOLUTE
    _printf_f                                0x00000000   Number         0  stubs.o ABSOLUTE
    _printf_flags                            0x00000000   Number         0  stubs.o ABSOLUTE
    _printf_fp_dec                           0x00000000   Number         0  stubs.o ABSOLUTE
    _printf_fp_hex                           0x00000000   Number         0  stubs.o ABSOLUTE
    _printf_g                                0x00000000   Number         0  stubs.o ABSOLUTE
    _printf_i                                0x00000000   Number         0  stubs.o ABSOLUTE
    _printf_int_dec                          0x00000000   Number         0  stubs.o ABSOLUTE
    _printf_l                                0x00000000   Number         0  stubs.o ABSOLUTE
    _printf_lc                               0x00000000   Number         0  stubs.o ABSOLUTE
    _printf_ll                               0x00000000   Number         0  stubs.o ABSOLUTE
    _printf_lld                              0x00000000   Number         0  stubs.o ABSOLUTE
    _printf_lli                              0x00000000   Number         0  stubs.o ABSOLUTE
    _printf_llo                              0x00000000   Number         0  stubs.o ABSOLUTE
    _printf_llu                              0x00000000   Number         0  stubs.o ABSOLUTE
    _printf_llx                              0x00000000   Number         0  stubs.o ABSOLUTE
    _printf_longlong_dec                     0x00000000   Number         0  stubs.o ABSOLUTE
    _printf_longlong_hex                     0x00000000   Number         0  stubs.o ABSOLUTE
    _printf_longlong_oct                     0x00000000   Number         0  stubs.o ABSOLUTE
    _printf_ls                               0x00000000   Number         0  stubs.o ABSOLUTE
    _printf_mbtowc                           0x00000000   Number         0  stubs.o ABSOLUTE
    _printf_n                                0x00000000   Number         0  stubs.o ABSOLUTE
    _printf_o                                0x00000000   Number         0  stubs.o ABSOLUTE
    _printf_p                                0x00000000   Number         0  stubs.o ABSOLUTE
    _printf_percent                          0x00000000   Number         0  stubs.o ABSOLUTE
    _printf_pre_padding                      0x00000000   Number         0  stubs.o ABSOLUTE
    _printf_return_value                     0x00000000   Number         0  stubs.o ABSOLUTE
    _printf_s                                0x00000000   Number         0  stubs.o ABSOLUTE
    _printf_sizespec                         0x00000000   Number         0  stubs.o ABSOLUTE
    _printf_str                              0x00000000   Number         0  stubs.o ABSOLUTE
    _printf_truncate_signed                  0x00000000   Number         0  stubs.o ABSOLUTE
    _printf_truncate_unsigned                0x00000000   Number         0  stubs.o ABSOLUTE
    _printf_u                                0x00000000   Number         0  stubs.o ABSOLUTE
    _printf_wc                               0x00000000   Number         0  stubs.o ABSOLUTE
    _printf_wctomb                           0x00000000   Number         0  stubs.o ABSOLUTE
    _printf_widthprec                        0x00000000   Number         0  stubs.o ABSOLUTE
    _printf_x                                0x00000000   Number         0  stubs.o ABSOLUTE
    __arm_fini_                               - Undefined Weak Reference
    __cpp_initialize__aeabi_                  - Undefined Weak Reference
    __cxa_finalize                            - Undefined Weak Reference
    __decompress                              - Undefined Weak Reference
    _clock_init                               - Undefined Weak Reference
    _microlib_exit                            - Undefined Weak Reference
    __Vectors_End                            0x00000200   Data           0  arm_startup_nrf52.o(RESET)
    __Vectors_Size                           0x00000200   Number         0  arm_startup_nrf52.o ABSOLUTE
    __main                                   0x00000201   Thumb Code     0  entry.o(.ARM.Collect$$$$00000000)
    _main_stk                                0x00000201   Thumb Code     0  entry2.o(.ARM.Collect$$$$00000001)
    _main_scatterload                        0x00000205   Thumb Code     0  entry5.o(.ARM.Collect$$$$00000004)
    __main_after_scatterload                 0x00000209   Thumb Code     0  entry5.o(.ARM.Collect$$$$00000004)
    _main_clock                              0x00000209   Thumb Code     0  entry7b.o(.ARM.Collect$$$$00000008)
    _main_cpp_init                           0x00000209   Thumb Code     0  entry8b.o(.ARM.Collect$$$$0000000A)
    _main_init                               0x00000209   Thumb Code     0  entry9a.o(.ARM.Collect$$$$0000000B)
    __rt_lib_shutdown_fini                   0x00000211   Thumb Code     0  entry12b.o(.ARM.Collect$$$$0000000E)
    __rt_final_cpp                           0x00000215   Thumb Code     0  entry10a.o(.ARM.Collect$$$$0000000F)
    __rt_final_exit                          0x00000215   Thumb Code     0  entry11a.o(.ARM.Collect$$$$00000011)
    SVC_Handler                              0x00000219   Thumb Code    28  port.o(.emb_text)
    vPortStartFirstTask                      0x00000239   Thumb Code    24  port.o(.emb_text)
    PendSV_Handler                           0x00000255   Thumb Code    88  port.o(.emb_text)
    Reset_Handler                            0x000002b1   Thumb Code     8  arm_startup_nrf52.o(.text)
    NMI_Handler                              0x000002b9   Thumb Code     2  arm_startup_nrf52.o(.text)
    HardFault_Handler                        0x000002bb   Thumb Code     2  arm_startup_nrf52.o(.text)
    MemoryManagement_Handler                 0x000002bd   Thumb Code     2  arm_startup_nrf52.o(.text)
    BusFault_Handler                         0x000002bf   Thumb Code     2  arm_startup_nrf52.o(.text)
    UsageFault_Handler                       0x000002c1   Thumb Code     2  arm_startup_nrf52.o(.text)
    DebugMon_Handler                         0x000002c5   Thumb Code     2  arm_startup_nrf52.o(.text)
    SysTick_Handler                          0x000002c9   Thumb Code     2  arm_startup_nrf52.o(.text)
    CCM_AAR_IRQHandler                       0x000002cb   Thumb Code     0  arm_startup_nrf52.o(.text)
    COMP_LPCOMP_IRQHandler                   0x000002cb   Thumb Code     0  arm_startup_nrf52.o(.text)
    ECB_IRQHandler                           0x000002cb   Thumb Code     0  arm_startup_nrf52.o(.text)
    FPU_IRQHandler                           0x000002cb   Thumb Code     0  arm_startup_nrf52.o(.text)
    I2S_IRQHandler                           0x000002cb   Thumb Code     0  arm_startup_nrf52.o(.text)
    MWU_IRQHandler                           0x000002cb   Thumb Code     0  arm_startup_nrf52.o(.text)
    NFCT_IRQHandler                          0x000002cb   Thumb Code     0  arm_startup_nrf52.o(.text)
    PDM_IRQHandler                           0x000002cb   Thumb Code     0  arm_startup_nrf52.o(.text)
    PWM0_IRQHandler                          0x000002cb   Thumb Code     0  arm_startup_nrf52.o(.text)
    PWM1_IRQHandler                          0x000002cb   Thumb Code     0  arm_startup_nrf52.o(.text)
    PWM2_IRQHandler                          0x000002cb   Thumb Code     0  arm_startup_nrf52.o(.text)
    QDEC_IRQHandler                          0x000002cb   Thumb Code     0  arm_startup_nrf52.o(.text)
    RADIO_IRQHandler                         0x000002cb   Thumb Code     0  arm_startup_nrf52.o(.text)
    RNG_IRQHandler                           0x000002cb   Thumb Code     0  arm_startup_nrf52.o(.text)
    RTC0_IRQHandler                          0x000002cb   Thumb Code     0  arm_startup_nrf52.o(.text)
    RTC2_IRQHandler                          0x000002cb   Thumb Code     0  arm_startup_nrf52.o(.text)
    SAADC_IRQHandler                         0x000002cb   Thumb Code     0  arm_startup_nrf52.o(.text)
    SPIM0_SPIS0_TWIM0_TWIS0_SPI0_TWI0_IRQHandler 0x000002cb   Thumb Code     0  arm_startup_nrf52.o(.text)
    SPIM2_SPIS2_SPI2_IRQHandler              0x000002cb   Thumb Code     0  arm_startup_nrf52.o(.text)
    SWI0_EGU0_IRQHandler                     0x000002cb   Thumb Code     0  arm_startup_nrf52.o(.text)
    SWI1_EGU1_IRQHandler                     0x000002cb   Thumb Code     0  arm_startup_nrf52.o(.text)
    SWI2_EGU2_IRQHandler                     0x000002cb   Thumb Code     0  arm_startup_nrf52.o(.text)
    SWI3_EGU3_IRQHandler                     0x000002cb   Thumb Code     0  arm_startup_nrf52.o(.text)
    SWI4_EGU4_IRQHandler                     0x000002cb   Thumb Code     0  arm_startup_nrf52.o(.text)
    SWI5_EGU5_IRQHandler                     0x000002cb   Thumb Code     0  arm_startup_nrf52.o(.text)
    TEMP_IRQHandler                          0x000002cb   Thumb Code     0  arm_startup_nrf52.o(.text)
    TIMER0_IRQHandler                        0x000002cb   Thumb Code     0  arm_startup_nrf52.o(.text)
    TIMER1_IRQHandler                        0x000002cb   Thumb Code     0  arm_startup_nrf52.o(.text)
    TIMER2_IRQHandler                        0x000002cb   Thumb Code     0  arm_startup_nrf52.o(.text)
    TIMER3_IRQHandler                        0x000002cb   Thumb Code     0  arm_startup_nrf52.o(.text)
    TIMER4_IRQHandler                        0x000002cb   Thumb Code     0  arm_startup_nrf52.o(.text)
    WDT_IRQHandler                           0x000002cb   Thumb Code     0  arm_startup_nrf52.o(.text)
    __aeabi_memcpy                           0x000002d5   Thumb Code    36  memcpya.o(.text)
    __aeabi_memcpy4                          0x000002d5   Thumb Code     0  memcpya.o(.text)
    __aeabi_memcpy8                          0x000002d5   Thumb Code     0  memcpya.o(.text)
    __aeabi_memset                           0x000002f9   Thumb Code    14  memseta.o(.text)
    __aeabi_memset4                          0x000002f9   Thumb Code     0  memseta.o(.text)
    __aeabi_memset8                          0x000002f9   Thumb Code     0  memseta.o(.text)
    __aeabi_memclr                           0x00000307   Thumb Code     4  memseta.o(.text)
    __aeabi_memclr4                          0x00000307   Thumb Code     0  memseta.o(.text)
    __aeabi_memclr8                          0x00000307   Thumb Code     0  memseta.o(.text)
    _memset$wrapper                          0x0000030b   Thumb Code    18  memseta.o(.text)
    memcmp                                   0x0000031d   Thumb Code    26  memcmp.o(.text)
    __aeabi_dadd                             0x00000337   Thumb Code   322  dadd.o(.text)
    __aeabi_dsub                             0x00000479   Thumb Code     6  dadd.o(.text)
    __aeabi_drsub                            0x0000047f   Thumb Code     6  dadd.o(.text)
    __aeabi_dmul                             0x00000485   Thumb Code   228  dmul.o(.text)
    __aeabi_i2d                              0x00000569   Thumb Code    34  dflti.o(.text)
    __aeabi_f2d                              0x0000058b   Thumb Code    38  f2d.o(.text)
    __aeabi_d2f                              0x000005b1   Thumb Code    56  d2f.o(.text)
    __aeabi_uidiv                            0x000005e9   Thumb Code     0  uidiv.o(.text)
    __aeabi_uidivmod                         0x000005e9   Thumb Code    44  uidiv.o(.text)
    __aeabi_uldivmod                         0x00000615   Thumb Code    98  uldiv.o(.text)
    __aeabi_llsl                             0x00000677   Thumb Code    30  llshl.o(.text)
    _ll_shift_l                              0x00000677   Thumb Code     0  llshl.o(.text)
    __aeabi_llsr                             0x00000695   Thumb Code    32  llushr.o(.text)
    _ll_ushift_r                             0x00000695   Thumb Code     0  llushr.o(.text)
    __aeabi_lasr                             0x000006b5   Thumb Code    36  llsshr.o(.text)
    _ll_sshift_r                             0x000006b5   Thumb Code     0  llsshr.o(.text)
    __I$use$fp                               0x000006d9   Thumb Code     0  iusefp.o(.text)
    _float_round                             0x000006d9   Thumb Code    18  fepilogue.o(.text)
    _float_epilogue                          0x000006eb   Thumb Code    92  fepilogue.o(.text)
    _double_round                            0x00000747   Thumb Code    30  depilogue.o(.text)
    _double_epilogue                         0x00000765   Thumb Code   156  depilogue.o(.text)
    __aeabi_ddiv                             0x00000801   Thumb Code   222  ddiv.o(.text)
    __aeabi_d2ulz                            0x000008df   Thumb Code    48  dfixul.o(.text)
    __aeabi_cdrcmple                         0x00000911   Thumb Code    48  cdrcmple.o(.text)
    __scatterload                            0x00000941   Thumb Code    28  init.o(.text)
    __scatterload_rt2                        0x00000941   Thumb Code     0  init.o(.text)
    GPIOTE_IRQHandler                        0x00000965   Thumb Code   420  nrf_drv_gpiote.o(i.GPIOTE_IRQHandler)
    POWER_CLOCK_IRQHandler                   0x00000b11   Thumb Code    84  nrf_drv_clock.o(i.POWER_CLOCK_IRQHandler)
    RTC1_IRQHandler                          0x00000b69   Thumb Code    86  port_cmsis_systick.o(i.RTC1_IRQHandler)
    SPIM1_SPIS1_TWIM1_TWIS1_SPI1_TWI1_IRQHandler 0x00000bc9   Thumb Code    10  nrf_drv_spi.o(i.SPIM1_SPIS1_TWIM1_TWIS1_SPI1_TWI1_IRQHandler)
    SystemCoreClockUpdate                    0x00000bd9   Thumb Code     8  system_nrf52.o(i.SystemCoreClockUpdate)
    SystemInit                               0x00000be9   Thumb Code   474  system_nrf52.o(i.SystemInit)
    UARTE0_UART0_IRQHandler                  0x00000dfd   Thumb Code    22  nrf_drv_uart.o(i.UARTE0_UART0_IRQHandler)
    __0printf                                0x00000e1d   Thumb Code    22  printfa.o(i.__0printf)
    __1printf                                0x00000e1d   Thumb Code     0  printfa.o(i.__0printf)
    __2printf                                0x00000e1d   Thumb Code     0  printfa.o(i.__0printf)
    __c89printf                              0x00000e1d   Thumb Code     0  printfa.o(i.__0printf)
    printf                                   0x00000e1d   Thumb Code     0  printfa.o(i.__0printf)
    __scatterload_copy                       0x00000e3d   Thumb Code    14  handlers.o(i.__scatterload_copy)
    __scatterload_null                       0x00000e4b   Thumb Code     2  handlers.o(i.__scatterload_null)
    __scatterload_zeroinit                   0x00000e4d   Thumb Code    14  handlers.o(i.__scatterload_zeroinit)
    _dwt_aonarrayupload                      0x00000e5b   Thumb Code    26  deca_device.o(i._dwt_aonarrayupload)
    _dwt_configlde                           0x00000e75   Thumb Code    50  deca_device.o(i._dwt_configlde)
    _dwt_disablesequencing                   0x00000ea7   Thumb Code    22  deca_device.o(i._dwt_disablesequencing)
    _dwt_enableclocks                        0x00000ebd   Thumb Code   234  deca_device.o(i._dwt_enableclocks)
    _dwt_loaducodefromrom                    0x00000fa7   Thumb Code    36  deca_device.o(i._dwt_loaducodefromrom)
    _dwt_otpread                             0x00000fcb   Thumb Code    44  deca_device.o(i._dwt_otpread)
    app_error_fault_handler                  0x00001885   Thumb Code    38  app_error_weak.o(i.app_error_fault_handler)
    app_error_handler_bare                   0x000018b5   Thumb Code    22  app_error.o(i.app_error_handler_bare)
    app_fifo_get                             0x000018cb   Thumb Code    24  app_fifo.o(i.app_fifo_get)
    app_fifo_init                            0x000018e3   Thumb Code    34  app_fifo.o(i.app_fifo_init)
    app_fifo_put                             0x00001905   Thumb Code    26  app_fifo.o(i.app_fifo_put)
    app_uart_init                            0x00001921   Thumb Code   176  app_uart_fifo.o(i.app_uart_init)
    app_uart_put                             0x000019e1   Thumb Code    52  app_uart_fifo.o(i.app_uart_put)
    app_util_critical_region_enter           0x00001a1d   Thumb Code     4  app_util_platform.o(i.app_util_critical_region_enter)
    app_util_critical_region_exit            0x00001a21   Thumb Code     4  app_util_platform.o(i.app_util_critical_region_exit)
    app_util_disable_irq                     0x00001a25   Thumb Code    12  app_util_platform.o(i.app_util_disable_irq)
    app_util_enable_irq                      0x00001a35   Thumb Code    16  app_util_platform.o(i.app_util_enable_irq)
    boUART_Init                              0x00001b39   Thumb Code    46  uart.o(i.boUART_Init)
    deca_sleep                               0x00001bad   Thumb Code     4  port_platform.o(i.deca_sleep)
    dwt_configure                            0x00001bb1   Thumb Code   496  deca_device.o(i.dwt_configure)
    dwt_initialise                           0x00001dd1   Thumb Code   214  deca_device.o(i.dwt_initialise)
    dwt_read16bitoffsetreg                   0x00001eb1   Thumb Code    30  deca_device.o(i.dwt_read16bitoffsetreg)
    dwt_read32bitoffsetreg                   0x00001ecf   Thumb Code    36  deca_device.o(i.dwt_read32bitoffsetreg)
    dwt_read8bitoffsetreg                    0x00001ef3   Thumb Code    20  deca_device.o(i.dwt_read8bitoffsetreg)
    dwt_readcarrierintegrator                0x00001f09   Thumb Code    48  deca_device.o(i.dwt_readcarrierintegrator)
    dwt_readdevid                            0x00001f3d   Thumb Code     8  deca_device.o(i.dwt_readdevid)
    dwt_readfromdevice                       0x00001f45   Thumb Code    62  deca_device.o(i.dwt_readfromdevice)
    dwt_readrxdata                           0x00001f83   Thumb Code    18  deca_device.o(i.dwt_readrxdata)
    dwt_readrxtimestamplo32                  0x00001f95   Thumb Code     8  deca_device.o(i.dwt_readrxtimestamplo32)
    dwt_readtxtimestamplo32                  0x00001f9d   Thumb Code     8  deca_device.o(i.dwt_readtxtimestamplo32)
    dwt_rxreset                              0x00001fa5   Thumb Code    26  deca_device.o(i.dwt_rxreset)
    dwt_setleds                              0x00001fc1   Thumb Code   118  deca_device.o(i.dwt_setleds)
    dwt_setrxaftertxdelay                    0x0000203d   Thumb Code    34  deca_device.o(i.dwt_setrxaftertxdelay)
    dwt_setrxantennadelay                    0x0000205f   Thumb Code    12  deca_device.o(i.dwt_setrxantennadelay)
    dwt_setrxtimeout                         0x0000206d   Thumb Code    80  deca_device.o(i.dwt_setrxtimeout)
    dwt_settxantennadelay                    0x000020c1   Thumb Code    10  deca_device.o(i.dwt_settxantennadelay)
    dwt_setxtaltrim                          0x000020cb   Thumb Code    16  deca_device.o(i.dwt_setxtaltrim)
    dwt_softreset                            0x000020dd   Thumb Code    66  deca_device.o(i.dwt_softreset)
    dwt_starttx                              0x00002125   Thumb Code   102  deca_device.o(i.dwt_starttx)
    dwt_write16bitoffsetreg                  0x00002191   Thumb Code    26  deca_device.o(i.dwt_write16bitoffsetreg)
    dwt_write32bitoffsetreg                  0x000021ab   Thumb Code    30  deca_device.o(i.dwt_write32bitoffsetreg)
    dwt_write8bitoffsetreg                   0x000021c9   Thumb Code    16  deca_device.o(i.dwt_write8bitoffsetreg)
    dwt_writetodevice                        0x000021d9   Thumb Code    66  deca_device.o(i.dwt_writetodevice)
    dwt_writetxdata                          0x0000221b   Thumb Code    32  deca_device.o(i.dwt_writetxdata)
    dwt_writetxfctrl                         0x0000223d   Thumb Code    24  deca_device.o(i.dwt_writetxfctrl)
    fputc                                    0x000024a9   Thumb Code    14  retarget.o(i.fputc)
    free                                     0x000024b9   Thumb Code    76  malloc.o(i.free)
    main                                     0x00002649   Thumb Code   236  main.o(i.main)
    malloc                                   0x0000279d   Thumb Code    92  malloc.o(i.malloc)
    nrf_drv_clock_lfclk_request              0x000028cd   Thumb Code    84  nrf_drv_clock.o(i.nrf_drv_clock_lfclk_request)
    nrf_drv_common_irq_enable                0x00002925   Thumb Code    56  nrf_drv_common.o(i.nrf_drv_common_irq_enable)
    nrf_drv_spi_init                         0x00002975   Thumb Code   302  nrf_drv_spi.o(i.nrf_drv_spi_init)
    nrf_drv_spi_transfer                     0x00002aa9   Thumb Code    28  nrf_drv_spi.o(i.nrf_drv_spi_transfer)
    nrf_drv_spi_uninit                       0x00002ac5   Thumb Code    68  nrf_drv_spi.o(i.nrf_drv_spi_uninit)
    nrf_drv_spi_xfer                         0x00002b0d   Thumb Code   126  nrf_drv_spi.o(i.nrf_drv_spi_xfer)
    nrf_drv_uart_init                        0x00002b91   Thumb Code   104  nrf_drv_uart.o(i.nrf_drv_uart_init)
    nrf_drv_uart_rx                          0x00002bfd   Thumb Code   178  nrf_drv_uart.o(i.nrf_drv_uart_rx)
    nrf_drv_uart_rx_enable                   0x00002cb5   Thumb Code    42  nrf_drv_uart.o(i.nrf_drv_uart_rx_enable)
    nrf_drv_uart_tx                          0x00002e39   Thumb Code   168  nrf_drv_uart.o(i.nrf_drv_uart_tx)
    nrf_drv_uart_tx_in_progress              0x00002f71   Thumb Code    18  nrf_drv_uart.o(i.nrf_drv_uart_tx_in_progress)
    port_set_dw1000_fastrate                 0x00003105   Thumb Code    56  port_platform.o(i.port_set_dw1000_fastrate)
    port_set_dw1000_slowrate                 0x00003145   Thumb Code    50  port_platform.o(i.port_set_dw1000_slowrate)
    pvPortMalloc                             0x00003731   Thumb Code    68  heap_1.o(i.pvPortMalloc)
    pvTaskIncrementMutexHeldCount            0x0000377d   Thumb Code    20  tasks.o(i.pvTaskIncrementMutexHeldCount)
    pxPortInitialiseStack                    0x00003795   Thumb Code    32  port_cmsis.o(i.pxPortInitialiseStack)
    readfromspi                              0x000037bd   Thumb Code   122  port_platform.o(i.readfromspi)
    reset_DW1000                             0x00003841   Thumb Code    66  port_platform.o(i.reset_DW1000)
    spi_event_handler                        0x00003909   Thumb Code     8  port_platform.o(i.spi_event_handler)
    ss_init_run                              0x0000399d   Thumb Code   360  ss_init_main.o(i.ss_init_run)
    ss_initiator_task_function               0x00003b49   Thumb Code    18  ss_init_main.o(i.ss_initiator_task_function)
    uxListRemove                             0x00003edf   Thumb Code    36  list.o(i.uxListRemove)
    vListInitialise                          0x00003f05   Thumb Code    22  list.o(i.vListInitialise)
    vListInitialiseItem                      0x00003f1b   Thumb Code     6  list.o(i.vListInitialiseItem)
    vListInsert                              0x00003f21   Thumb Code    48  list.o(i.vListInsert)
    vListInsertEnd                           0x00003f51   Thumb Code    24  list.o(i.vListInsertEnd)
    vPortEnterCritical                       0x00003f79   Thumb Code    16  port_cmsis.o(i.vPortEnterCritical)
    vPortExitCritical                        0x00003f8d   Thumb Code    18  port_cmsis.o(i.vPortExitCritical)
    vPortFree                                0x00003fa5   Thumb Code     2  heap_1.o(i.vPortFree)
    vPortSetupTimerInterrupt                 0x00003fa9   Thumb Code    52  port_cmsis_systick.o(i.vPortSetupTimerInterrupt)
    vQueueAddToRegistry                      0x00003fe5   Thumb Code    32  queue.o(i.vQueueAddToRegistry)
    vQueueWaitForMessageRestricted           0x00004009   Thumb Code    58  queue.o(i.vQueueWaitForMessageRestricted)
    vTaskDelay                               0x00004045   Thumb Code    62  tasks.o(i.vTaskDelay)
    vTaskMissedYield                         0x0000408d   Thumb Code     8  tasks.o(i.vTaskMissedYield)
    vTaskPlaceOnEventList                    0x00004099   Thumb Code    52  tasks.o(i.vTaskPlaceOnEventList)
    vTaskPlaceOnEventListRestricted          0x000040d5   Thumb Code    34  tasks.o(i.vTaskPlaceOnEventListRestricted)
    vTaskPriorityInherit                     0x000040fd   Thumb Code   100  tasks.o(i.vTaskPriorityInherit)
    vTaskSetTimeOutState                     0x00004169   Thumb Code    12  tasks.o(i.vTaskSetTimeOutState)
    vTaskStartScheduler                      0x00004179   Thumb Code    64  tasks.o(i.vTaskStartScheduler)
    vTaskSuspendAll                          0x000041c9   Thumb Code    10  tasks.o(i.vTaskSuspendAll)
    vTaskSwitchContext                       0x000041d9   Thumb Code    78  tasks.o(i.vTaskSwitchContext)
    writetospi                               0x00004245   Thumb Code   112  port_platform.o(i.writetospi)
    xPortStartScheduler                      0x000042bd   Thumb Code    50  port_cmsis.o(i.xPortStartScheduler)
    xQueueGenericCreate                      0x000042fd   Thumb Code    58  queue.o(i.xQueueGenericCreate)
    xQueueGenericReceive                     0x00004339   Thumb Code   296  queue.o(i.xQueueGenericReceive)
    xQueueGenericReset                       0x00004465   Thumb Code   110  queue.o(i.xQueueGenericReset)
    xQueueGenericSend                        0x000044d9   Thumb Code   248  queue.o(i.xQueueGenericSend)
    xQueueGenericSendFromISR                 0x000045d5   Thumb Code    96  queue.o(i.xQueueGenericSendFromISR)
    xTaskCheckForTimeOut                     0x00004635   Thumb Code    74  tasks.o(i.xTaskCheckForTimeOut)
    xTaskGenericCreate                       0x00004685   Thumb Code   210  tasks.o(i.xTaskGenericCreate)
    xTaskGetSchedulerState                   0x00004765   Thumb Code    24  tasks.o(i.xTaskGetSchedulerState)
    xTaskGetTickCount                        0x00004781   Thumb Code     6  tasks.o(i.xTaskGetTickCount)
    xTaskIncrementTick                       0x0000478d   Thumb Code   154  tasks.o(i.xTaskIncrementTick)
    xTaskPriorityDisinherit                  0x00004831   Thumb Code    76  tasks.o(i.xTaskPriorityDisinherit)
    xTaskRemoveFromEventList                 0x00004885   Thumb Code    88  tasks.o(i.xTaskRemoveFromEventList)
    xTaskResumeAll                           0x000048e5   Thumb Code   166  tasks.o(i.xTaskResumeAll)
    xTimerCreate                             0x00004999   Thumb Code    64  timers.o(i.xTimerCreate)
    xTimerCreateTimerTask                    0x000049d9   Thumb Code    50  timers.o(i.xTimerCreateTimerTask)
    xTimerGenericCommand                     0x00004a1d   Thumb Code    84  timers.o(i.xTimerGenericCommand)
    chan_idx                                 0x00004a98   Data           8  deca_params_init.o(.constdata)
    tx_config                                0x00004aa0   Data          24  deca_params_init.o(.constdata)
    fs_pll_cfg                               0x00004ab8   Data          24  deca_params_init.o(.constdata)
    fs_pll_tune                              0x00004ad0   Data           6  deca_params_init.o(.constdata)
    rx_config                                0x00004ad6   Data           2  deca_params_init.o(.constdata)
    agc_config                               0x00004ad8   Data           8  deca_params_init.o(.constdata)
    dwnsSFDlen                               0x00004ae0   Data           3  deca_params_init.o(.constdata)
    sftsh                                    0x00004ae4   Data          12  deca_params_init.o(.constdata)
    dtune1                                   0x00004af0   Data           4  deca_params_init.o(.constdata)
    digital_bb_config                        0x00004af4   Data          32  deca_params_init.o(.constdata)
    lde_replicaCoeff                         0x00004b14   Data          50  deca_params_init.o(.constdata)
    comm_params                              0x00004b74   Data          24  uart.o(.constdata)
    Region$$Table$$Base                      0x00004b8c   Number         0  anon$$obj.o(Region$$Table)
    Region$$Table$$Limit                     0x00004bac   Number         0  anon$$obj.o(Region$$Table)
    ss_initiator_task_handle                 0x20000000   Data           4  main.o(.data)
    led_toggle_task_handle                   0x20000004   Data           4  main.o(.data)
    led_toggle_timer_handle                  0x20000008   Data           4  main.o(.data)
    __stdout                                 0x2000006c   Data           4  retarget.o(.data)
    pxCurrentTCB                             0x20000078   Data           4  tasks.o(.data)
    SystemCoreClock                          0x200000d4   Data           4  system_nrf52.o(.data)
    __microlib_freelist                      0x200000d8   Data           4  mvars.o(.data)
    __microlib_freelist_initialised          0x200000dc   Data           4  mvars.o(.data)
    xQueueRegistry                           0x200001fc   Data          16  queue.o(.bss)
    __heap_base                              0x200014f8   Data           0  arm_startup_nrf52.o(HEAP)
    __heap_limit                             0x200034f8   Data           0  arm_startup_nrf52.o(HEAP)
    __initial_sp                             0x200054f8   Data           0  arm_startup_nrf52.o(STACK)



==============================================================================

Memory Map of the image

  Image Entry point : 0x00000201

  Load Region LR_IROM1 (Base: 0x00000000, Size: 0x00004c8c, Max: 0x00080000, ABSOLUTE)

    Execution Region ER_IROM1 (Exec base: 0x00000000, Load base: 0x00000000, Size: 0x00004bac, Max: 0x00080000, ABSOLUTE)

    Exec Addr    Load Addr    Size         Type   Attr      Idx    E Section Name        Object

    0x00000000   0x00000000   0x00000200   Data   RO         4098    RESET               arm_startup_nrf52.o
    0x00000200   0x00000200   0x00000000   Code   RO         4189  * .ARM.Collect$$$$00000000  mc_w.l(entry.o)
    0x00000200   0x00000200   0x00000004   Code   RO         4505    .ARM.Collect$$$$00000001  mc_w.l(entry2.o)
    0x00000204   0x00000204   0x00000004   Code   RO         4508    .ARM.Collect$$$$00000004  mc_w.l(entry5.o)
    0x00000208   0x00000208   0x00000000   Code   RO         4510    .ARM.Collect$$$$00000008  mc_w.l(entry7b.o)
    0x00000208   0x00000208   0x00000000   Code   RO         4512    .ARM.Collect$$$$0000000A  mc_w.l(entry8b.o)
    0x00000208   0x00000208   0x00000008   Code   RO         4513    .ARM.Collect$$$$0000000B  mc_w.l(entry9a.o)
    0x00000210   0x00000210   0x00000004   Code   RO         4520    .ARM.Collect$$$$0000000E  mc_w.l(entry12b.o)
    0x00000214   0x00000214   0x00000000   Code   RO         4515    .ARM.Collect$$$$0000000F  mc_w.l(entry10a.o)
    0x00000214   0x00000214   0x00000000   Code   RO         4517    .ARM.Collect$$$$00000011  mc_w.l(entry11a.o)
    0x00000214   0x00000214   0x00000004   Code   RO         4506    .ARM.Collect$$$$00002712  mc_w.l(entry2.o)
    0x00000218   0x00000218   0x00000098   Code   RO         3910    .emb_text           port.o
    0x000002b0   0x000002b0   0x00000024   Code   RO         4099    .text               arm_startup_nrf52.o
    0x000002d4   0x000002d4   0x00000024   Code   RO         4192    .text               mc_w.l(memcpya.o)
    0x000002f8   0x000002f8   0x00000024   Code   RO         4194    .text               mc_w.l(memseta.o)
    0x0000031c   0x0000031c   0x0000001a   Code   RO         4198    .text               mc_w.l(memcmp.o)
    0x00000336   0x00000336   0x0000014e   Code   RO         4493    .text               mf_w.l(dadd.o)
    0x00000484   0x00000484   0x000000e4   Code   RO         4495    .text               mf_w.l(dmul.o)
    0x00000568   0x00000568   0x00000022   Code   RO         4497    .text               mf_w.l(dflti.o)
    0x0000058a   0x0000058a   0x00000026   Code   RO         4501    .text               mf_w.l(f2d.o)
    0x000005b0   0x000005b0   0x00000038   Code   RO         4503    .text               mf_w.l(d2f.o)
    0x000005e8   0x000005e8   0x0000002c   Code   RO         4521    .text               mc_w.l(uidiv.o)
    0x00000614   0x00000614   0x00000062   Code   RO         4523    .text               mc_w.l(uldiv.o)
    0x00000676   0x00000676   0x0000001e   Code   RO         4525    .text               mc_w.l(llshl.o)
    0x00000694   0x00000694   0x00000020   Code   RO         4527    .text               mc_w.l(llushr.o)
    0x000006b4   0x000006b4   0x00000024   Code   RO         4529    .text               mc_w.l(llsshr.o)
    0x000006d8   0x000006d8   0x00000000   Code   RO         4533    .text               mc_w.l(iusefp.o)
    0x000006d8   0x000006d8   0x0000006e   Code   RO         4534    .text               mf_w.l(fepilogue.o)
    0x00000746   0x00000746   0x000000ba   Code   RO         4536    .text               mf_w.l(depilogue.o)
    0x00000800   0x00000800   0x000000de   Code   RO         4538    .text               mf_w.l(ddiv.o)
    0x000008de   0x000008de   0x00000030   Code   RO         4540    .text               mf_w.l(dfixul.o)
    0x0000090e   0x0000090e   0x00000002   PAD
    0x00000910   0x00000910   0x00000030   Code   RO         4542    .text               mf_w.l(cdrcmple.o)
    0x00000940   0x00000940   0x00000024   Code   RO         4544    .text               mc_w.l(init.o)
    0x00000964   0x00000964   0x000001ac   Code   RO          554    i.GPIOTE_IRQHandler  nrf_drv_gpiote.o
    0x00000b10   0x00000b10   0x00000058   Code   RO         1157    i.POWER_CLOCK_IRQHandler  nrf_drv_clock.o
    0x00000b68   0x00000b68   0x00000060   Code   RO         4018    i.RTC1_IRQHandler   port_cmsis_systick.o
    0x00000bc8   0x00000bc8   0x00000010   Code   RO          814    i.SPIM1_SPIS1_TWIM1_TWIS1_SPI1_TWI1_IRQHandler  nrf_drv_spi.o
    0x00000bd8   0x00000bd8   0x00000010   Code   RO         4106    i.SystemCoreClockUpdate  system_nrf52.o
    0x00000be8   0x00000be8   0x00000214   Code   RO         4107    i.SystemInit        system_nrf52.o
    0x00000dfc   0x00000dfc   0x00000020   Code   RO          921    i.UARTE0_UART0_IRQHandler  nrf_drv_uart.o
    0x00000e1c   0x00000e1c   0x00000020   Code   RO         4437    i.__0printf         mc_w.l(printfa.o)
    0x00000e3c   0x00000e3c   0x0000000e   Code   RO         4548    i.__scatterload_copy  mc_w.l(handlers.o)
    0x00000e4a   0x00000e4a   0x00000002   Code   RO         4549    i.__scatterload_null  mc_w.l(handlers.o)
    0x00000e4c   0x00000e4c   0x0000000e   Code   RO         4550    i.__scatterload_zeroinit  mc_w.l(handlers.o)
    0x00000e5a   0x00000e5a   0x0000001a   Code   RO         2338    i._dwt_aonarrayupload  deca_device.o
    0x00000e74   0x00000e74   0x00000032   Code   RO         2341    i._dwt_configlde    deca_device.o
    0x00000ea6   0x00000ea6   0x00000016   Code   RO         2342    i._dwt_disablesequencing  deca_device.o
    0x00000ebc   0x00000ebc   0x000000ea   Code   RO         2343    i._dwt_enableclocks  deca_device.o
    0x00000fa6   0x00000fa6   0x00000024   Code   RO         2344    i._dwt_loaducodefromrom  deca_device.o
    0x00000fca   0x00000fca   0x0000002c   Code   RO         2346    i._dwt_otpread      deca_device.o
    0x00000ff6   0x00000ff6   0x00000002   PAD
    0x00000ff8   0x00000ff8   0x00000184   Code   RO         4444    i._fp_digits        mc_w.l(printfa.o)
    0x0000117c   0x0000117c   0x000006b4   Code   RO         4445    i._printf_core      mc_w.l(printfa.o)
    0x00001830   0x00001830   0x00000024   Code   RO         4446    i._printf_post_padding  mc_w.l(printfa.o)
    0x00001854   0x00001854   0x0000002e   Code   RO         4447    i._printf_pre_padding  mc_w.l(printfa.o)
    0x00001882   0x00001882   0x00000002   PAD
    0x00001884   0x00001884   0x00000030   Code   RO         1380    i.app_error_fault_handler  app_error_weak.o
    0x000018b4   0x000018b4   0x00000016   Code   RO         1341    i.app_error_handler_bare  app_error.o
    0x000018ca   0x000018ca   0x00000018   Code   RO         1794    i.app_fifo_get      app_fifo.o
    0x000018e2   0x000018e2   0x00000022   Code   RO         1795    i.app_fifo_init     app_fifo.o
    0x00001904   0x00001904   0x0000001a   Code   RO         1797    i.app_fifo_put      app_fifo.o
    0x0000191e   0x0000191e   0x00000002   PAD
    0x00001920   0x00001920   0x000000c0   Code   RO         1869    i.app_uart_init     app_uart_fifo.o
    0x000019e0   0x000019e0   0x0000003c   Code   RO         1870    i.app_uart_put      app_uart_fifo.o
    0x00001a1c   0x00001a1c   0x00000004   Code   RO         1444    i.app_util_critical_region_enter  app_util_platform.o
    0x00001a20   0x00001a20   0x00000004   Code   RO         1445    i.app_util_critical_region_exit  app_util_platform.o
    0x00001a24   0x00001a24   0x00000010   Code   RO         1446    i.app_util_disable_irq  app_util_platform.o
    0x00001a34   0x00001a34   0x00000014   Code   RO         1447    i.app_util_enable_irq  app_util_platform.o
    0x00001a48   0x00001a48   0x000000f0   Code   RO          922    i.apply_config      nrf_drv_uart.o
    0x00001b38   0x00001b38   0x0000003c   Code   RO         4055    i.boUART_Init       uart.o
    0x00001b74   0x00001b74   0x00000010   Code   RO          557    i.channel_port_get  nrf_drv_gpiote.o
    0x00001b84   0x00001b84   0x00000028   Code   RO         1158    i.clock_clk_started_notify  nrf_drv_clock.o
    0x00001bac   0x00001bac   0x00000004   Code   RO         2940    i.deca_sleep        port_platform.o
    0x00001bb0   0x00001bb0   0x00000220   Code   RO         2356    i.dwt_configure     deca_device.o
    0x00001dd0   0x00001dd0   0x000000e0   Code   RO         2369    i.dwt_initialise    deca_device.o
    0x00001eb0   0x00001eb0   0x0000001e   Code   RO         2376    i.dwt_read16bitoffsetreg  deca_device.o
    0x00001ece   0x00001ece   0x00000024   Code   RO         2377    i.dwt_read32bitoffsetreg  deca_device.o
    0x00001ef2   0x00001ef2   0x00000014   Code   RO         2378    i.dwt_read8bitoffsetreg  deca_device.o
    0x00001f06   0x00001f06   0x00000002   PAD
    0x00001f08   0x00001f08   0x00000034   Code   RO         2380    i.dwt_readcarrierintegrator  deca_device.o
    0x00001f3c   0x00001f3c   0x00000008   Code   RO         2381    i.dwt_readdevid     deca_device.o
    0x00001f44   0x00001f44   0x0000003e   Code   RO         2384    i.dwt_readfromdevice  deca_device.o
    0x00001f82   0x00001f82   0x00000012   Code   RO         2385    i.dwt_readrxdata    deca_device.o
    0x00001f94   0x00001f94   0x00000008   Code   RO         2388    i.dwt_readrxtimestamplo32  deca_device.o
    0x00001f9c   0x00001f9c   0x00000008   Code   RO         2394    i.dwt_readtxtimestamplo32  deca_device.o
    0x00001fa4   0x00001fa4   0x0000001a   Code   RO         2398    i.dwt_rxreset       deca_device.o
    0x00001fbe   0x00001fbe   0x00000002   PAD
    0x00001fc0   0x00001fc0   0x0000007c   Code   RO         2408    i.dwt_setleds       deca_device.o
    0x0000203c   0x0000203c   0x00000022   Code   RO         2414    i.dwt_setrxaftertxdelay  deca_device.o
    0x0000205e   0x0000205e   0x0000000c   Code   RO         2415    i.dwt_setrxantennadelay  deca_device.o
    0x0000206a   0x0000206a   0x00000002   PAD
    0x0000206c   0x0000206c   0x00000054   Code   RO         2416    i.dwt_setrxtimeout  deca_device.o
    0x000020c0   0x000020c0   0x0000000a   Code   RO         2420    i.dwt_settxantennadelay  deca_device.o
    0x000020ca   0x000020ca   0x00000010   Code   RO         2421    i.dwt_setxtaltrim   deca_device.o
    0x000020da   0x000020da   0x00000002   PAD
    0x000020dc   0x000020dc   0x00000048   Code   RO         2422    i.dwt_softreset     deca_device.o
    0x00002124   0x00002124   0x0000006c   Code   RO         2424    i.dwt_starttx       deca_device.o
    0x00002190   0x00002190   0x0000001a   Code   RO         2426    i.dwt_write16bitoffsetreg  deca_device.o
    0x000021aa   0x000021aa   0x0000001e   Code   RO         2427    i.dwt_write32bitoffsetreg  deca_device.o
    0x000021c8   0x000021c8   0x00000010   Code   RO         2428    i.dwt_write8bitoffsetreg  deca_device.o
    0x000021d8   0x000021d8   0x00000042   Code   RO         2429    i.dwt_writetodevice  deca_device.o
    0x0000221a   0x0000221a   0x00000020   Code   RO         2430    i.dwt_writetxdata   deca_device.o
    0x0000223a   0x0000223a   0x00000002   PAD
    0x0000223c   0x0000223c   0x0000001c   Code   RO         2431    i.dwt_writetxfctrl  deca_device.o
    0x00002258   0x00002258   0x0000003c   Code   RO         4108    i.errata_108        system_nrf52.o
    0x00002294   0x00002294   0x0000003c   Code   RO         4109    i.errata_12         system_nrf52.o
    0x000022d0   0x000022d0   0x0000003c   Code   RO         4110    i.errata_136        system_nrf52.o
    0x0000230c   0x0000230c   0x0000002c   Code   RO         4111    i.errata_16         system_nrf52.o
    0x00002338   0x00002338   0x0000003c   Code   RO         4112    i.errata_31         system_nrf52.o
    0x00002374   0x00002374   0x0000002c   Code   RO         4113    i.errata_32         system_nrf52.o
    0x000023a0   0x000023a0   0x0000003c   Code   RO         4114    i.errata_36         system_nrf52.o
    0x000023dc   0x000023dc   0x0000002c   Code   RO         4115    i.errata_37         system_nrf52.o
    0x00002408   0x00002408   0x0000002c   Code   RO         4116    i.errata_57         system_nrf52.o
    0x00002434   0x00002434   0x0000002c   Code   RO         4117    i.errata_66         system_nrf52.o
    0x00002460   0x00002460   0x00000014   Code   RO         1800    i.fifo_get          app_fifo.o
    0x00002474   0x00002474   0x00000012   Code   RO         1801    i.fifo_put          app_fifo.o
    0x00002486   0x00002486   0x00000022   Code   RO          815    i.finish_transfer   nrf_drv_spi.o
    0x000024a8   0x000024a8   0x0000000e   Code   RO         1933    i.fputc             retarget.o
    0x000024b6   0x000024b6   0x00000002   PAD
    0x000024b8   0x000024b8   0x00000050   Code   RO         4465    i.free              mc_w.l(malloc.o)
    0x00002508   0x00002508   0x0000008c   Code   RO          923    i.interrupts_enable  nrf_drv_uart.o
    0x00002594   0x00002594   0x00000026   Code   RO          816    i.irq_handler_spi   nrf_drv_spi.o
    0x000025ba   0x000025ba   0x0000000e   Code   RO         1161    i.item_dequeue      nrf_drv_clock.o
    0x000025c8   0x000025c8   0x0000001a   Code   RO         1162    i.item_enqueue      nrf_drv_clock.o
    0x000025e2   0x000025e2   0x00000002   PAD
    0x000025e4   0x000025e4   0x00000024   Code   RO            4    i.led_toggle_task_function  main.o
    0x00002608   0x00002608   0x00000020   Code   RO            5    i.led_toggle_timer_callback  main.o
    0x00002628   0x00002628   0x00000020   Code   RO         1163    i.lfclk_start       nrf_drv_clock.o
    0x00002648   0x00002648   0x00000154   Code   RO            6    i.main              main.o
    0x0000279c   0x0000279c   0x0000006c   Code   RO         4466    i.malloc            mc_w.l(malloc.o)
    0x00002808   0x00002808   0x00000010   Code   RO          558    i.nrf_bitmask_bit_is_set  nrf_drv_gpiote.o
    0x00002818   0x00002818   0x0000000e   Code   RO         1165    i.nrf_clock_event_check  nrf_drv_clock.o
    0x00002826   0x00002826   0x00000010   Code   RO         1166    i.nrf_clock_event_clear  nrf_drv_clock.o
    0x00002836   0x00002836   0x0000000a   Code   RO         2943    i.nrf_delay_ms      port_platform.o
    0x00002840   0x00002840   0x0000008c   Code   RO         2944    i.nrf_delay_us      port_platform.o
    0x000028cc   0x000028cc   0x00000058   Code   RO         1178    i.nrf_drv_clock_lfclk_request  nrf_drv_clock.o
    0x00002924   0x00002924   0x00000038   Code   RO          518    i.nrf_drv_common_irq_enable  nrf_drv_common.o
    0x0000295c   0x0000295c   0x00000006   Code   RO          925    i.nrf_drv_get_IRQn  nrf_drv_uart.o
    0x00002962   0x00002962   0x00000010   Code   RO          926    i.nrf_drv_is_in_RAM  nrf_drv_uart.o
    0x00002972   0x00002972   0x00000002   PAD
    0x00002974   0x00002974   0x00000134   Code   RO          818    i.nrf_drv_spi_init  nrf_drv_spi.o
    0x00002aa8   0x00002aa8   0x0000001c   Code   RO          819    i.nrf_drv_spi_transfer  nrf_drv_spi.o
    0x00002ac4   0x00002ac4   0x00000048   Code   RO          820    i.nrf_drv_spi_uninit  nrf_drv_spi.o
    0x00002b0c   0x00002b0c   0x00000084   Code   RO          821    i.nrf_drv_spi_xfer  nrf_drv_spi.o
    0x00002b90   0x00002b90   0x0000006c   Code   RO          928    i.nrf_drv_uart_init  nrf_drv_uart.o
    0x00002bfc   0x00002bfc   0x000000b8   Code   RO          929    i.nrf_drv_uart_rx   nrf_drv_uart.o
    0x00002cb4   0x00002cb4   0x00000030   Code   RO          932    i.nrf_drv_uart_rx_enable  nrf_drv_uart.o
    0x00002ce4   0x00002ce4   0x000000a8   Code   RO          933    i.nrf_drv_uart_rx_for_uart  nrf_drv_uart.o
    0x00002d8c   0x00002d8c   0x000000ac   Code   RO          934    i.nrf_drv_uart_rx_for_uarte  nrf_drv_uart.o
    0x00002e38   0x00002e38   0x000000ac   Code   RO          936    i.nrf_drv_uart_tx   nrf_drv_uart.o
    0x00002ee4   0x00002ee4   0x0000008c   Code   RO          938    i.nrf_drv_uart_tx_for_uart  nrf_drv_uart.o
    0x00002f70   0x00002f70   0x00000018   Code   RO          939    i.nrf_drv_uart_tx_in_progress  nrf_drv_uart.o
    0x00002f88   0x00002f88   0x00000024   Code   RO            7    i.nrf_gpio_cfg      main.o
    0x00002fac   0x00002fac   0x00000024   Code   RO          822    i.nrf_gpio_cfg      nrf_drv_spi.o
    0x00002fd0   0x00002fd0   0x00000024   Code   RO          941    i.nrf_gpio_cfg      nrf_drv_uart.o
    0x00002ff4   0x00002ff4   0x00000024   Code   RO         2945    i.nrf_gpio_cfg      port_platform.o
    0x00003018   0x00003018   0x00000012   Code   RO          943    i.nrf_gpio_cfg_input  nrf_drv_uart.o
    0x0000302a   0x0000302a   0x00000014   Code   RO          823    i.nrf_gpio_cfg_output  nrf_drv_spi.o
    0x0000303e   0x0000303e   0x00000014   Code   RO          944    i.nrf_gpio_cfg_output  nrf_drv_uart.o
    0x00003052   0x00003052   0x0000001e   Code   RO          584    i.nrf_gpio_cfg_sense_set  nrf_drv_gpiote.o
    0x00003070   0x00003070   0x00000010   Code   RO          824    i.nrf_gpio_pin_set  nrf_drv_spi.o
    0x00003080   0x00003080   0x00000024   Code   RO          585    i.nrf_gpio_ports_read  nrf_drv_gpiote.o
    0x000030a4   0x000030a4   0x00000014   Code   RO          586    i.nrf_gpiote_event_clear  nrf_drv_gpiote.o
    0x000030b8   0x000030b8   0x00000014   Code   RO          587    i.nrf_gpiote_event_is_set  nrf_drv_gpiote.o
    0x000030cc   0x000030cc   0x0000000a   Code   RO          945    i.nrf_uart_event_check  nrf_drv_uart.o
    0x000030d6   0x000030d6   0x0000000c   Code   RO          946    i.nrf_uart_event_clear  nrf_drv_uart.o
    0x000030e2   0x000030e2   0x0000000c   Code   RO          947    i.nrf_uart_int_enable_check  nrf_drv_uart.o
    0x000030ee   0x000030ee   0x0000000a   Code   RO          948    i.nrf_uarte_event_check  nrf_drv_uart.o
    0x000030f8   0x000030f8   0x0000000c   Code   RO          949    i.nrf_uarte_event_clear  nrf_drv_uart.o
    0x00003104   0x00003104   0x00000040   Code   RO         2946    i.port_set_dw1000_fastrate  port_platform.o
    0x00003144   0x00003144   0x0000003c   Code   RO         2947    i.port_set_dw1000_slowrate  port_platform.o
    0x00003180   0x00003180   0x00000038   Code   RO         3403    i.prvAddCurrentTaskToDelayedList  tasks.o
    0x000031b8   0x000031b8   0x0000003e   Code   RO         3404    i.prvAllocateTCBAndStack  tasks.o
    0x000031f6   0x000031f6   0x00000002   PAD
    0x000031f8   0x000031f8   0x00000050   Code   RO         3740    i.prvCheckForValidListAndQueue  timers.o
    0x00003248   0x00003248   0x00000054   Code   RO         3405    i.prvCheckTasksWaitingTermination  tasks.o
    0x0000329c   0x0000329c   0x00000028   Code   RO         3221    i.prvCopyDataFromQueue  queue.o
    0x000032c4   0x000032c4   0x00000070   Code   RO         3222    i.prvCopyDataToQueue  queue.o
    0x00003334   0x00003334   0x00000014   Code   RO         3406    i.prvDeleteTCB      tasks.o
    0x00003348   0x00003348   0x00000024   Code   RO         3741    i.prvGetNextExpireTime  timers.o
    0x0000336c   0x0000336c   0x00000028   Code   RO         3407    i.prvIdleTask       tasks.o
    0x00003394   0x00003394   0x0000004c   Code   RO         3408    i.prvInitialiseTCBVariables  tasks.o
    0x000033e0   0x000033e0   0x00000058   Code   RO         3409    i.prvInitialiseTaskLists  tasks.o
    0x00003438   0x00003438   0x00000040   Code   RO         3742    i.prvInsertTimerInActiveList  timers.o
    0x00003478   0x00003478   0x0000001a   Code   RO         3223    i.prvIsQueueEmpty   queue.o
    0x00003492   0x00003492   0x0000001e   Code   RO         3224    i.prvIsQueueFull    queue.o
    0x000034b0   0x000034b0   0x0000004c   Code   RO         3743    i.prvProcessExpiredTimer  timers.o
    0x000034fc   0x000034fc   0x000000a8   Code   RO         3744    i.prvProcessReceivedCommands  timers.o
    0x000035a4   0x000035a4   0x00000060   Code   RO         3745    i.prvProcessTimerOrBlockTask  timers.o
    0x00003604   0x00003604   0x00000024   Code   RO         3410    i.prvResetNextTaskUnblockTime  tasks.o
    0x00003628   0x00003628   0x0000002c   Code   RO         3746    i.prvSampleTimeNow  timers.o
    0x00003654   0x00003654   0x0000005c   Code   RO         3747    i.prvSwitchTimerLists  timers.o
    0x000036b0   0x000036b0   0x00000008   Code   RO         3950    i.prvTaskExitError  port_cmsis.o
    0x000036b8   0x000036b8   0x00000014   Code   RO         3748    i.prvTimerTask      timers.o
    0x000036cc   0x000036cc   0x00000064   Code   RO         3225    i.prvUnlockQueue    queue.o
    0x00003730   0x00003730   0x0000004c   Code   RO         3865    i.pvPortMalloc      heap_1.o
    0x0000377c   0x0000377c   0x00000018   Code   RO         3413    i.pvTaskIncrementMutexHeldCount  tasks.o
    0x00003794   0x00003794   0x00000028   Code   RO         3951    i.pxPortInitialiseStack  port_cmsis.o
    0x000037bc   0x000037bc   0x00000084   Code   RO         2950    i.readfromspi       port_platform.o
    0x00003840   0x00003840   0x00000042   Code   RO         2951    i.reset_DW1000      port_platform.o
    0x00003882   0x00003882   0x0000001a   Code   RO          247    i.resp_msg_get_ts   ss_init_main.o
    0x0000389c   0x0000389c   0x00000034   Code   RO          951    i.rx_byte           nrf_drv_uart.o
    0x000038d0   0x000038d0   0x00000016   Code   RO          952    i.rx_done_event     nrf_drv_uart.o
    0x000038e6   0x000038e6   0x00000020   Code   RO          953    i.rx_enable         nrf_drv_uart.o
    0x00003906   0x00003906   0x00000002   PAD
    0x00003908   0x00003908   0x0000000c   Code   RO         2953    i.spi_event_handler  port_platform.o
    0x00003914   0x00003914   0x00000086   Code   RO          825    i.spi_xfer          nrf_drv_spi.o
    0x0000399a   0x0000399a   0x00000002   PAD
    0x0000399c   0x0000399c   0x000001ac   Code   RO          248    i.ss_init_run       ss_init_main.o
    0x00003b48   0x00003b48   0x00000012   Code   RO          249    i.ss_initiator_task_function  ss_init_main.o
    0x00003b5a   0x00003b5a   0x00000072   Code   RO          826    i.transfer_byte     nrf_drv_spi.o
    0x00003bcc   0x00003bcc   0x00000022   Code   RO          954    i.tx_byte           nrf_drv_uart.o
    0x00003bee   0x00003bee   0x0000001a   Code   RO          955    i.tx_done_event     nrf_drv_uart.o
    0x00003c08   0x00003c08   0x000000ac   Code   RO         1871    i.uart_event_handler  app_uart_fifo.o
    0x00003cb4   0x00003cb4   0x00000126   Code   RO          956    i.uart_irq_handler  nrf_drv_uart.o
    0x00003dda   0x00003dda   0x000000f8   Code   RO          957    i.uarte_irq_handler  nrf_drv_uart.o
    0x00003ed2   0x00003ed2   0x0000000c   Code   RO         3226    i.ulPortRaiseBASEPRI  queue.o
    0x00003ede   0x00003ede   0x00000024   Code   RO         3173    i.uxListRemove      list.o
    0x00003f02   0x00003f02   0x00000002   Code   RO         4057    i.vHandleUartInternalErrors  uart.o
    0x00003f04   0x00003f04   0x00000016   Code   RO         3174    i.vListInitialise   list.o
    0x00003f1a   0x00003f1a   0x00000006   Code   RO         3175    i.vListInitialiseItem  list.o
    0x00003f20   0x00003f20   0x00000030   Code   RO         3176    i.vListInsert       list.o
    0x00003f50   0x00003f50   0x00000018   Code   RO         3177    i.vListInsertEnd    list.o
    0x00003f68   0x00003f68   0x00000010   Code   RO         3952    i.vPortEnableVFP    port_cmsis.o
    0x00003f78   0x00003f78   0x00000014   Code   RO         3954    i.vPortEnterCritical  port_cmsis.o
    0x00003f8c   0x00003f8c   0x00000018   Code   RO         3955    i.vPortExitCritical  port_cmsis.o
    0x00003fa4   0x00003fa4   0x00000002   Code   RO         3866    i.vPortFree         heap_1.o
    0x00003fa6   0x00003fa6   0x00000002   PAD
    0x00003fa8   0x00003fa8   0x0000003c   Code   RO         4019    i.vPortSetupTimerInterrupt  port_cmsis_systick.o
    0x00003fe4   0x00003fe4   0x00000024   Code   RO         3230    i.vQueueAddToRegistry  queue.o
    0x00004008   0x00004008   0x0000003a   Code   RO         3233    i.vQueueWaitForMessageRestricted  queue.o
    0x00004042   0x00004042   0x00000002   PAD
    0x00004044   0x00004044   0x00000048   Code   RO         3421    i.vTaskDelay        tasks.o
    0x0000408c   0x0000408c   0x0000000c   Code   RO         3425    i.vTaskMissedYield  tasks.o
    0x00004098   0x00004098   0x0000003c   Code   RO         3427    i.vTaskPlaceOnEventList  tasks.o
    0x000040d4   0x000040d4   0x00000028   Code   RO         3428    i.vTaskPlaceOnEventListRestricted  tasks.o
    0x000040fc   0x000040fc   0x0000006c   Code   RO         3430    i.vTaskPriorityInherit  tasks.o
    0x00004168   0x00004168   0x00000010   Code   RO         3433    i.vTaskSetTimeOutState  tasks.o
    0x00004178   0x00004178   0x00000050   Code   RO         3434    i.vTaskStartScheduler  tasks.o
    0x000041c8   0x000041c8   0x00000010   Code   RO         3437    i.vTaskSuspendAll   tasks.o
    0x000041d8   0x000041d8   0x00000058   Code   RO         3438    i.vTaskSwitchContext  tasks.o
    0x00004230   0x00004230   0x00000014   Code   RO         4058    i.vUartErrorHandle  uart.o
    0x00004244   0x00004244   0x00000078   Code   RO         2954    i.writetospi        port_platform.o
    0x000042bc   0x000042bc   0x00000040   Code   RO         3956    i.xPortStartScheduler  port_cmsis.o
    0x000042fc   0x000042fc   0x0000003a   Code   RO         3236    i.xQueueGenericCreate  queue.o
    0x00004336   0x00004336   0x00000002   PAD
    0x00004338   0x00004338   0x0000012c   Code   RO         3237    i.xQueueGenericReceive  queue.o
    0x00004464   0x00004464   0x00000074   Code   RO         3238    i.xQueueGenericReset  queue.o
    0x000044d8   0x000044d8   0x000000fc   Code   RO         3239    i.xQueueGenericSend  queue.o
    0x000045d4   0x000045d4   0x00000060   Code   RO         3240    i.xQueueGenericSendFromISR  queue.o
    0x00004634   0x00004634   0x00000050   Code   RO         3439    i.xTaskCheckForTimeOut  tasks.o
    0x00004684   0x00004684   0x000000e0   Code   RO         3440    i.xTaskGenericCreate  tasks.o
    0x00004764   0x00004764   0x0000001c   Code   RO         3444    i.xTaskGetSchedulerState  tasks.o
    0x00004780   0x00004780   0x0000000c   Code   RO         3445    i.xTaskGetTickCount  tasks.o
    0x0000478c   0x0000478c   0x000000a4   Code   RO         3447    i.xTaskIncrementTick  tasks.o
    0x00004830   0x00004830   0x00000054   Code   RO         3450    i.xTaskPriorityDisinherit  tasks.o
    0x00004884   0x00004884   0x00000060   Code   RO         3451    i.xTaskRemoveFromEventList  tasks.o
    0x000048e4   0x000048e4   0x000000b4   Code   RO         3453    i.xTaskResumeAll    tasks.o
    0x00004998   0x00004998   0x00000040   Code   RO         3751    i.xTimerCreate      timers.o
    0x000049d8   0x000049d8   0x00000044   Code   RO         3752    i.xTimerCreateTimerTask  timers.o
    0x00004a1c   0x00004a1c   0x00000058   Code   RO         3753    i.xTimerGenericCommand  timers.o
    0x00004a74   0x00004a74   0x00000004   Data   RO          591    .constdata          nrf_drv_gpiote.o
    0x00004a78   0x00004a78   0x00000020   Data   RO         1873    .constdata          app_uart_fifo.o
    0x00004a98   0x00004a98   0x00000008   Data   RO         2914    .constdata          deca_params_init.o
    0x00004aa0   0x00004aa0   0x00000018   Data   RO         2915    .constdata          deca_params_init.o
    0x00004ab8   0x00004ab8   0x00000018   Data   RO         2916    .constdata          deca_params_init.o
    0x00004ad0   0x00004ad0   0x00000006   Data   RO         2917    .constdata          deca_params_init.o
    0x00004ad6   0x00004ad6   0x00000002   Data   RO         2918    .constdata          deca_params_init.o
    0x00004ad8   0x00004ad8   0x00000008   Data   RO         2919    .constdata          deca_params_init.o
    0x00004ae0   0x00004ae0   0x00000003   Data   RO         2920    .constdata          deca_params_init.o
    0x00004ae3   0x00004ae3   0x00000001   PAD
    0x00004ae4   0x00004ae4   0x0000000c   Data   RO         2921    .constdata          deca_params_init.o
    0x00004af0   0x00004af0   0x00000004   Data   RO         2922    .constdata          deca_params_init.o
    0x00004af4   0x00004af4   0x00000020   Data   RO         2923    .constdata          deca_params_init.o
    0x00004b14   0x00004b14   0x00000032   Data   RO         2924    .constdata          deca_params_init.o
    0x00004b46   0x00004b46   0x00000002   PAD
    0x00004b48   0x00004b48   0x00000028   Data   RO         2955    .constdata          port_platform.o
    0x00004b70   0x00004b70   0x00000004   Data   RO         3957    .constdata          port_cmsis.o
    0x00004b74   0x00004b74   0x00000018   Data   RO         4060    .constdata          uart.o
    0x00004b8c   0x00004b8c   0x00000020   Data   RO         4546    Region$$Table       anon$$obj.o


    Execution Region RW_IRAM1 (Exec base: 0x20000000, Load base: 0x00004bac, Size: 0x000054f8, Max: 0x00010000, ABSOLUTE)

    Exec Addr    Load Addr    Size         Type   Attr      Idx    E Section Name        Object

    0x20000000   0x00004bac   0x00000018   Data   RW            8    .data               main.o
    0x20000018   0x00004bc4   0x00000040   Data   RW          251    .data               ss_init_main.o
    0x20000058   0x00004c04   0x00000004   Data   RW         1450    .data               app_util_platform.o
    0x2000005c   0x00004c08   0x00000010   Data   RW         1874    .data               app_uart_fifo.o
    0x2000006c   0x00004c18   0x00000004   Data   RW         1934    .data               retarget.o
    0x20000070   0x00004c1c   0x00000004   Data   RW         2433    .data               deca_device.o
    0x20000074   0x00004c20   0x00000001   Data   RW         2956    .data               port_platform.o
    0x20000075   0x00004c21   0x00000003   PAD
    0x20000078   0x00004c24   0x0000003c   Data   RW         3456    .data               tasks.o
    0x200000b4   0x00004c60   0x00000014   Data   RW         3759    .data               timers.o
    0x200000c8   0x00004c74   0x00000008   Data   RW         3870    .data               heap_1.o
    0x200000d0   0x00004c7c   0x00000004   Data   RW         3958    .data               port_cmsis.o
    0x200000d4   0x00004c80   0x00000004   Data   RW         4118    .data               system_nrf52.o
    0x200000d8   0x00004c84   0x00000004   Data   RW         4531    .data               mc_w.l(mvars.o)
    0x200000dc   0x00004c88   0x00000004   Data   RW         4532    .data               mc_w.l(mvars.o)
    0x200000e0        -       0x00000014   Zero   RW          250    .bss                ss_init_main.o
    0x200000f4        -       0x00000058   Zero   RW          590    .bss                nrf_drv_gpiote.o
    0x2000014c        -       0x00000024   Zero   RW          827    .bss                nrf_drv_spi.o
    0x20000170        -       0x00000020   Zero   RW          958    .bss                nrf_drv_uart.o
    0x20000190        -       0x00000014   Zero   RW         1180    .bss                nrf_drv_clock.o
    0x200001a4        -       0x00000020   Zero   RW         1872    .bss                app_uart_fifo.o
    0x200001c4        -       0x00000038   Zero   RW         2432    .bss                deca_device.o
    0x200001fc        -       0x00000010   Zero   RW         3248    .bss                queue.o
    0x2000020c        -       0x000000a0   Zero   RW         3455    .bss                tasks.o
    0x200002ac        -       0x00000028   Zero   RW         3758    .bss                timers.o
    0x200002d4        -       0x00001000   Zero   RW         3869    .bss                heap_1.o
    0x200012d4        -       0x00000220   Zero   RW         4059    .bss                uart.o
    0x200014f4   0x00004c8c   0x00000004   PAD
    0x200014f8        -       0x00002000   Zero   RW         4097    HEAP                arm_startup_nrf52.o
    0x200034f8        -       0x00002000   Zero   RW         4096    STACK               arm_startup_nrf52.o


==============================================================================

Image component sizes


      Code (inc. data)   RO Data    RW Data    ZI Data      Debug   Object Name

        22          0          0          0          0       2117   app_error.o
        48         10          0          0          0      27501   app_error_weak.o
       122          0          0          0          0       4894   app_fifo.o
       424         32         32         16         32       8415   app_uart_fifo.o
        44          8          0          4          0       3266   app_util_platform.o
        36          8        512          0      16384        896   arm_startup_nrf52.o
      2106        104          0          4         56      24045   deca_device.o
         0          0        173          0          0       2075   deca_params_init.o
         0          0          0          0          0      12092   event_groups.o
        78          8          0          8       4096       2447   heap_1.o
       136          0          0          0          0       3894   list.o
       444        116          0         24          0      68141   main.o
       318         20          0          0         20      11543   nrf_drv_clock.o
        56          0          0          0          0      29319   nrf_drv_common.o
       566         28          4          0         88      19588   nrf_drv_gpiote.o
       948         22          0          0         36      47084   nrf_drv_spi.o
      2288         70          0          0         32      44121   nrf_drv_uart.o
         0          0          0          0          0       1500   nrf_memobj.o
       152         14          0          0          0        676   port.o
       172         36          4          4          0      36502   port_cmsis.o
       156         18          0          0          0      31684   port_cmsis_systick.o
       644         48         40          1          0      14621   port_platform.o
      1236         18          0          0         16      17125   queue.o
        14          0          0          4          0       2910   retarget.o
       472         68          0         64         20       6871   ss_init_main.o
      1068        106          0          4          0       7863   system_nrf52.o
      1846        186          0         60        160      23460   tasks.o
       896         92          0         20         40      11478   timers.o
        82         14         24          0        544       2976   uart.o

    ----------------------------------------------------------------------
     14406       1026        824        216      21528     469104   Object Totals
         0          0         32          0          0          0   (incl. Generated)
        32          0          3          3          4          0   (incl. Padding)

    ----------------------------------------------------------------------

      Code (inc. data)   RO Data    RW Data    ZI Data      Debug   Library Member Name

         0          0          0          0          0          0   entry.o
         0          0          0          0          0          0   entry10a.o
         0          0          0          0          0          0   entry11a.o
         4          0          0          0          0          0   entry12b.o
         8          4          0          0          0          0   entry2.o
         4          0          0          0          0          0   entry5.o
         0          0          0          0          0          0   entry7b.o
         0          0          0          0          0          0   entry8b.o
         8          4          0          0          0          0   entry9a.o
        30          0          0          0          0          0   handlers.o
        36          8          0          0          0         68   init.o
         0          0          0          0          0          0   iusefp.o
        30          0          0          0          0         68   llshl.o
        36          0          0          0          0         68   llsshr.o
        32          0          0          0          0         68   llushr.o
       188         20          0          0          0        160   malloc.o
        26          0          0          0          0         80   memcmp.o
        36          0          0          0          0         68   memcpya.o
        36          0          0          0          0        108   memseta.o
         0          0          0          8          0          0   mvars.o
      2218         90          0          0          0        464   printfa.o
        44          0          0          0          0         80   uidiv.o
        98          0          0          0          0         92   uldiv.o
        48          0          0          0          0         68   cdrcmple.o
        56          0          0          0          0         88   d2f.o
       334          0          0          0          0        148   dadd.o
       222          0          0          0          0        100   ddiv.o
       186          0          0          0          0        176   depilogue.o
        48          0          0          0          0         68   dfixul.o
        34          0          0          0          0         76   dflti.o
       228          0          0          0          0         96   dmul.o
        38          0          0          0          0         68   f2d.o
       110          0          0          0          0        168   fepilogue.o

    ----------------------------------------------------------------------
      4142        126          0          8          0       2380   Library Totals
         4          0          0          0          0          0   (incl. Padding)

    ----------------------------------------------------------------------

      Code (inc. data)   RO Data    RW Data    ZI Data      Debug   Library Name

      2834        126          0          8          0       1324   mc_w.l
      1304          0          0          0          0       1056   mf_w.l

    ----------------------------------------------------------------------
      4142        126          0          8          0       2380   Library Totals

    ----------------------------------------------------------------------

==============================================================================


      Code (inc. data)   RO Data    RW Data    ZI Data      Debug   

     18548       1152        824        224      21528     450792   Grand Totals
     18548       1152        824        224      21528     450792   ELF Image Totals
     18548       1152        824        224          0          0   ROM Totals

==============================================================================

    Total RO  Size (Code + RO Data)                19372 (  18.92kB)
    Total RW  Size (RW Data + ZI Data)             21752 (  21.24kB)
    Total ROM Size (Code + RO Data + RW Data)      19596 (  19.14kB)

==============================================================================

